2025-11-17 22:48:52,900 - mmseg - INFO - Multi-processing start method is `None`
2025-11-17 22:48:52,900 - mmseg - INFO - OpenCV num_threads is `112
2025-11-17 22:48:53,016 - mmseg - INFO - Environment info:
------------------------------------------------------------
sys.platform: linux
Python: 3.8.20 (default, Oct  3 2024, 15:24:27) [GCC 11.2.0]
CUDA available: True
GPU 0: NVIDIA GeForce RTX 3090
CUDA_HOME: /usr/local/cuda
NVCC: Cuda compilation tools, release 11.7, V11.7.64
GCC: gcc (Ubuntu 9.4.0-1ubuntu1~20.04.2) 9.4.0
PyTorch: 1.10.0+cu113
PyTorch compiling details: PyTorch built with:
  - GCC 7.3
  - C++ Version: 201402
  - Intel(R) Math Kernel Library Version 2020.0.0 Product Build 20191122 for Intel(R) 64 architecture applications
  - Intel(R) MKL-DNN v2.2.3 (Git Hash 7336ca9f055cf1bfa13efb658fe15dc9b41f0740)
  - OpenMP 201511 (a.k.a. OpenMP 4.5)
  - LAPACK is enabled (usually provided by MKL)
  - NNPACK is enabled
  - CPU capability usage: AVX512
  - CUDA Runtime 11.3
  - NVCC architecture flags: -gencode;arch=compute_37,code=sm_37;-gencode;arch=compute_50,code=sm_50;-gencode;arch=compute_60,code=sm_60;-gencode;arch=compute_70,code=sm_70;-gencode;arch=compute_75,code=sm_75;-gencode;arch=compute_80,code=sm_80;-gencode;arch=compute_86,code=sm_86
  - CuDNN 8.2
  - Magma 2.5.2
  - Build settings: BLAS_INFO=mkl, BUILD_TYPE=Release, CUDA_VERSION=11.3, CUDNN_VERSION=8.2.0, CXX_COMPILER=/opt/rh/devtoolset-7/root/usr/bin/c++, CXX_FLAGS= -Wno-deprecated -fvisibility-inlines-hidden -DUSE_PTHREADPOOL -fopenmp -DNDEBUG -DUSE_KINETO -DUSE_FBGEMM -DUSE_QNNPACK -DUSE_PYTORCH_QNNPACK -DUSE_XNNPACK -DSYMBOLICATE_MOBILE_DEBUG_HANDLE -DEDGE_PROFILER_USE_KINETO -O2 -fPIC -Wno-narrowing -Wall -Wextra -Werror=return-type -Wno-missing-field-initializers -Wno-type-limits -Wno-array-bounds -Wno-unknown-pragmas -Wno-sign-compare -Wno-unused-parameter -Wno-unused-variable -Wno-unused-function -Wno-unused-result -Wno-unused-local-typedefs -Wno-strict-overflow -Wno-strict-aliasing -Wno-error=deprecated-declarations -Wno-stringop-overflow -Wno-psabi -Wno-error=pedantic -Wno-error=redundant-decls -Wno-error=old-style-cast -fdiagnostics-color=always -faligned-new -Wno-unused-but-set-variable -Wno-maybe-uninitialized -fno-math-errno -fno-trapping-math -Werror=format -Wno-stringop-overflow, LAPACK_INFO=mkl, PERF_WITH_AVX=1, PERF_WITH_AVX2=1, PERF_WITH_AVX512=1, TORCH_VERSION=1.10.0, USE_CUDA=ON, USE_CUDNN=ON, USE_EXCEPTION_PTR=1, USE_GFLAGS=OFF, USE_GLOG=OFF, USE_MKL=ON, USE_MKLDNN=ON, USE_MPI=OFF, USE_NCCL=ON, USE_NNPACK=ON, USE_OPENMP=ON, 

TorchVision: 0.11.1+cu113
OpenCV: 4.10.0
MMCV: 1.7.0
MMCV Compiler: GCC 9.3
MMCV CUDA Compiler: 11.3
MMSegmentation: 0.29.1+
------------------------------------------------------------

2025-11-17 22:48:53,017 - mmseg - INFO - Distributed training: True
2025-11-17 22:48:53,300 - mmseg - INFO - Config:
norm_cfg = dict(type='SyncBN', requires_grad=True)
model = dict(
    type='EncoderDecoder',
    pretrained=None,
    backbone=dict(
        type='ResNetV1c',
        depth=18,
        num_stages=4,
        out_indices=(0, 1, 2, 3),
        dilations=(1, 1, 1, 1),
        strides=(1, 2, 2, 2),
        norm_cfg=dict(type='SyncBN', requires_grad=True),
        norm_eval=False,
        style='pytorch',
        contract_dilation=True),
    decode_head=dict(
        type='PSPHead',
        in_channels=512,
        in_index=3,
        channels=512,
        pool_scales=(1, 2, 3, 6),
        dropout_ratio=0.1,
        num_classes=2,
        norm_cfg=dict(type='SyncBN', requires_grad=True),
        align_corners=False,
        loss_decode=[
            dict(
                type='CrossEntropyLoss',
                loss_name='loss_ce',
                use_sigmoid=False,
                loss_weight=2.0),
            dict(type='DiceLoss', loss_name='loss_dice', loss_weight=2.0)
        ]),
    train_cfg=dict(),
    test_cfg=dict(mode='slide', crop_size=(512, 512), stride=(256, 256)))
dataset_type = 'MyDataset'
img_size = (1024, 1024)
crop_size = (512, 512)
train_pipeline = [
    dict(type='LoadImageFromFile'),
    dict(type='LoadAnnotations'),
    dict(type='Resize', img_scale=(512, 512), keep_ratio=False),
    dict(type='RandomFlip', flip_ratio=0),
    dict(type='PhotoMetricDistortion'),
    dict(type='Normalize', mean=[0, 0, 0], std=[1, 1, 1], to_rgb=True),
    dict(type='Pad', size=(512, 512), pad_val=0, seg_pad_val=255),
    dict(type='DefaultFormatBundle'),
    dict(type='Collect', keys=['img', 'gt_semantic_seg'])
]
test_pipeline = [
    dict(type='LoadImageFromFile'),
    dict(
        type='MultiScaleFlipAug',
        img_scale=(1024, 1024),
        flip=False,
        transforms=[
            dict(type='Resize', keep_ratio=False),
            dict(type='Normalize', mean=[0, 0, 0], std=[1, 1, 1], to_rgb=True),
            dict(type='ImageToTensor', keys=['img']),
            dict(type='Collect', keys=['img'])
        ])
]
data_root = './datasets/'
data = dict(
    samples_per_gpu=4,
    workers_per_gpu=2,
    train=dict(
        type='RepeatDataset',
        times=10,
        dataset=dict(
            type='MyDataset',
            data_root='./datasets/',
            img_dir='train/images1024',
            ann_dir='train/labels1024',
            pipeline=[
                dict(type='LoadImageFromFile'),
                dict(type='LoadAnnotations'),
                dict(type='Resize', img_scale=(512, 512), keep_ratio=False),
                dict(type='RandomFlip', flip_ratio=0),
                dict(type='PhotoMetricDistortion'),
                dict(
                    type='Normalize',
                    mean=[0, 0, 0],
                    std=[1, 1, 1],
                    to_rgb=True),
                dict(type='Pad', size=(512, 512), pad_val=0, seg_pad_val=255),
                dict(type='DefaultFormatBundle'),
                dict(type='Collect', keys=['img', 'gt_semantic_seg'])
            ])),
    val=dict(
        type='MyDataset',
        data_root='./datasets/',
        img_dir='test/images1024',
        ann_dir='test/labels1024',
        pipeline=[
            dict(type='LoadImageFromFile'),
            dict(
                type='MultiScaleFlipAug',
                img_scale=(1024, 1024),
                flip=False,
                transforms=[
                    dict(type='Resize', keep_ratio=False),
                    dict(
                        type='Normalize',
                        mean=[0, 0, 0],
                        std=[1, 1, 1],
                        to_rgb=True),
                    dict(type='ImageToTensor', keys=['img']),
                    dict(type='Collect', keys=['img'])
                ])
        ]),
    test=dict(
        type='MyDataset',
        data_root='./datasets/',
        img_dir='test/images1024',
        ann_dir='test/labels1024',
        pipeline=[
            dict(type='LoadImageFromFile'),
            dict(
                type='MultiScaleFlipAug',
                img_scale=(1024, 1024),
                flip=False,
                transforms=[
                    dict(type='Resize', keep_ratio=False),
                    dict(
                        type='Normalize',
                        mean=[0, 0, 0],
                        std=[1, 1, 1],
                        to_rgb=True),
                    dict(type='ImageToTensor', keys=['img']),
                    dict(type='Collect', keys=['img'])
                ])
        ]))
log_config = dict(
    interval=50,
    hooks=[
        dict(type='TensorboardLoggerHook'),
        dict(type='TextLoggerHook', by_epoch=False)
    ])
dist_params = dict(backend='nccl')
log_level = 'INFO'
load_from = None
resume_from = None
workflow = [('train', 1)]
cudnn_benchmark = False
find_unused_parameters = True
optimizer = dict(type='Adam', lr=0.001, betas=(0.9, 0.999), weight_decay=0.005)
optimizer_config = dict()
lr_config = dict(policy='poly', power=0.9, min_lr=1e-05, by_epoch=False)
runner = dict(type='IterBasedRunner', max_iters=10000)
checkpoint_config = dict(by_epoch=False, save_optimizer=False, interval=10000)
evaluation = dict(interval=1000, metric=['mIoU', 'mFscore', 'mDice'])
work_dir = './work_dirs/pspnet'
gpu_ids = range(0, 1)
auto_resume = False

2025-11-17 22:48:53,300 - mmseg - INFO - Set random seed to 0, deterministic: False
2025-11-17 22:48:53,543 - mmseg - INFO - initialize ResNetV1c with init_cfg [{'type': 'Kaiming', 'layer': 'Conv2d'}, {'type': 'Constant', 'val': 1, 'layer': ['_BatchNorm', 'GroupNorm']}]
2025-11-17 22:48:53,616 - mmseg - INFO - initialize BasicBlock with init_cfg {'type': 'Constant', 'val': 0, 'override': {'name': 'norm2'}}
2025-11-17 22:48:53,617 - mmseg - INFO - initialize BasicBlock with init_cfg {'type': 'Constant', 'val': 0, 'override': {'name': 'norm2'}}
2025-11-17 22:48:53,618 - mmseg - INFO - initialize BasicBlock with init_cfg {'type': 'Constant', 'val': 0, 'override': {'name': 'norm2'}}
2025-11-17 22:48:53,619 - mmseg - INFO - initialize BasicBlock with init_cfg {'type': 'Constant', 'val': 0, 'override': {'name': 'norm2'}}
2025-11-17 22:48:53,620 - mmseg - INFO - initialize BasicBlock with init_cfg {'type': 'Constant', 'val': 0, 'override': {'name': 'norm2'}}
2025-11-17 22:48:53,621 - mmseg - INFO - initialize BasicBlock with init_cfg {'type': 'Constant', 'val': 0, 'override': {'name': 'norm2'}}
2025-11-17 22:48:53,622 - mmseg - INFO - initialize BasicBlock with init_cfg {'type': 'Constant', 'val': 0, 'override': {'name': 'norm2'}}
2025-11-17 22:48:53,623 - mmseg - INFO - initialize BasicBlock with init_cfg {'type': 'Constant', 'val': 0, 'override': {'name': 'norm2'}}
2025-11-17 22:48:53,626 - mmseg - INFO - initialize PSPHead with init_cfg {'type': 'Normal', 'std': 0.01, 'override': {'name': 'conv_seg'}}
Name of parameter - Initialization information

backbone.stem.0.weight - torch.Size([32, 3, 3, 3]): 
KaimingInit: a=0, mode=fan_out, nonlinearity=relu, distribution =normal, bias=0 

backbone.stem.1.weight - torch.Size([32]): 
The value is the same before and after calling `init_weights` of EncoderDecoder  

backbone.stem.1.bias - torch.Size([32]): 
The value is the same before and after calling `init_weights` of EncoderDecoder  

backbone.stem.3.weight - torch.Size([32, 32, 3, 3]): 
KaimingInit: a=0, mode=fan_out, nonlinearity=relu, distribution =normal, bias=0 

backbone.stem.4.weight - torch.Size([32]): 
The value is the same before and after calling `init_weights` of EncoderDecoder  

backbone.stem.4.bias - torch.Size([32]): 
The value is the same before and after calling `init_weights` of EncoderDecoder  

backbone.stem.6.weight - torch.Size([64, 32, 3, 3]): 
KaimingInit: a=0, mode=fan_out, nonlinearity=relu, distribution =normal, bias=0 

backbone.stem.7.weight - torch.Size([64]): 
The value is the same before and after calling `init_weights` of EncoderDecoder  

backbone.stem.7.bias - torch.Size([64]): 
The value is the same before and after calling `init_weights` of EncoderDecoder  

backbone.layer1.0.conv1.weight - torch.Size([64, 64, 3, 3]): 
KaimingInit: a=0, mode=fan_out, nonlinearity=relu, distribution =normal, bias=0 

backbone.layer1.0.bn1.weight - torch.Size([64]): 
The value is the same before and after calling `init_weights` of EncoderDecoder  

backbone.layer1.0.bn1.bias - torch.Size([64]): 
The value is the same before and after calling `init_weights` of EncoderDecoder  

backbone.layer1.0.conv2.weight - torch.Size([64, 64, 3, 3]): 
KaimingInit: a=0, mode=fan_out, nonlinearity=relu, distribution =normal, bias=0 

backbone.layer1.0.bn2.weight - torch.Size([64]): 
ConstantInit: val=0, bias=0 

backbone.layer1.0.bn2.bias - torch.Size([64]): 
The value is the same before and after calling `init_weights` of EncoderDecoder  

backbone.layer1.1.conv1.weight - torch.Size([64, 64, 3, 3]): 
KaimingInit: a=0, mode=fan_out, nonlinearity=relu, distribution =normal, bias=0 

backbone.layer1.1.bn1.weight - torch.Size([64]): 
The value is the same before and after calling `init_weights` of EncoderDecoder  

backbone.layer1.1.bn1.bias - torch.Size([64]): 
The value is the same before and after calling `init_weights` of EncoderDecoder  

backbone.layer1.1.conv2.weight - torch.Size([64, 64, 3, 3]): 
KaimingInit: a=0, mode=fan_out, nonlinearity=relu, distribution =normal, bias=0 

backbone.layer1.1.bn2.weight - torch.Size([64]): 
ConstantInit: val=0, bias=0 

backbone.layer1.1.bn2.bias - torch.Size([64]): 
The value is the same before and after calling `init_weights` of EncoderDecoder  

backbone.layer2.0.conv1.weight - torch.Size([128, 64, 3, 3]): 
KaimingInit: a=0, mode=fan_out, nonlinearity=relu, distribution =normal, bias=0 

backbone.layer2.0.bn1.weight - torch.Size([128]): 
The value is the same before and after calling `init_weights` of EncoderDecoder  

backbone.layer2.0.bn1.bias - torch.Size([128]): 
The value is the same before and after calling `init_weights` of EncoderDecoder  

backbone.layer2.0.conv2.weight - torch.Size([128, 128, 3, 3]): 
KaimingInit: a=0, mode=fan_out, nonlinearity=relu, distribution =normal, bias=0 

backbone.layer2.0.bn2.weight - torch.Size([128]): 
ConstantInit: val=0, bias=0 

backbone.layer2.0.bn2.bias - torch.Size([128]): 
The value is the same before and after calling `init_weights` of EncoderDecoder  

backbone.layer2.0.downsample.0.weight - torch.Size([128, 64, 1, 1]): 
KaimingInit: a=0, mode=fan_out, nonlinearity=relu, distribution =normal, bias=0 

backbone.layer2.0.downsample.1.weight - torch.Size([128]): 
The value is the same before and after calling `init_weights` of EncoderDecoder  

backbone.layer2.0.downsample.1.bias - torch.Size([128]): 
The value is the same before and after calling `init_weights` of EncoderDecoder  

backbone.layer2.1.conv1.weight - torch.Size([128, 128, 3, 3]): 
KaimingInit: a=0, mode=fan_out, nonlinearity=relu, distribution =normal, bias=0 

backbone.layer2.1.bn1.weight - torch.Size([128]): 
The value is the same before and after calling `init_weights` of EncoderDecoder  

backbone.layer2.1.bn1.bias - torch.Size([128]): 
The value is the same before and after calling `init_weights` of EncoderDecoder  

backbone.layer2.1.conv2.weight - torch.Size([128, 128, 3, 3]): 
KaimingInit: a=0, mode=fan_out, nonlinearity=relu, distribution =normal, bias=0 

backbone.layer2.1.bn2.weight - torch.Size([128]): 
ConstantInit: val=0, bias=0 

backbone.layer2.1.bn2.bias - torch.Size([128]): 
The value is the same before and after calling `init_weights` of EncoderDecoder  

backbone.layer3.0.conv1.weight - torch.Size([256, 128, 3, 3]): 
KaimingInit: a=0, mode=fan_out, nonlinearity=relu, distribution =normal, bias=0 

backbone.layer3.0.bn1.weight - torch.Size([256]): 
The value is the same before and after calling `init_weights` of EncoderDecoder  

backbone.layer3.0.bn1.bias - torch.Size([256]): 
The value is the same before and after calling `init_weights` of EncoderDecoder  

backbone.layer3.0.conv2.weight - torch.Size([256, 256, 3, 3]): 
KaimingInit: a=0, mode=fan_out, nonlinearity=relu, distribution =normal, bias=0 

backbone.layer3.0.bn2.weight - torch.Size([256]): 
ConstantInit: val=0, bias=0 

backbone.layer3.0.bn2.bias - torch.Size([256]): 
The value is the same before and after calling `init_weights` of EncoderDecoder  

backbone.layer3.0.downsample.0.weight - torch.Size([256, 128, 1, 1]): 
KaimingInit: a=0, mode=fan_out, nonlinearity=relu, distribution =normal, bias=0 

backbone.layer3.0.downsample.1.weight - torch.Size([256]): 
The value is the same before and after calling `init_weights` of EncoderDecoder  

backbone.layer3.0.downsample.1.bias - torch.Size([256]): 
The value is the same before and after calling `init_weights` of EncoderDecoder  

backbone.layer3.1.conv1.weight - torch.Size([256, 256, 3, 3]): 
KaimingInit: a=0, mode=fan_out, nonlinearity=relu, distribution =normal, bias=0 

backbone.layer3.1.bn1.weight - torch.Size([256]): 
The value is the same before and after calling `init_weights` of EncoderDecoder  

backbone.layer3.1.bn1.bias - torch.Size([256]): 
The value is the same before and after calling `init_weights` of EncoderDecoder  

backbone.layer3.1.conv2.weight - torch.Size([256, 256, 3, 3]): 
KaimingInit: a=0, mode=fan_out, nonlinearity=relu, distribution =normal, bias=0 

backbone.layer3.1.bn2.weight - torch.Size([256]): 
ConstantInit: val=0, bias=0 

backbone.layer3.1.bn2.bias - torch.Size([256]): 
The value is the same before and after calling `init_weights` of EncoderDecoder  

backbone.layer4.0.conv1.weight - torch.Size([512, 256, 3, 3]): 
KaimingInit: a=0, mode=fan_out, nonlinearity=relu, distribution =normal, bias=0 

backbone.layer4.0.bn1.weight - torch.Size([512]): 
The value is the same before and after calling `init_weights` of EncoderDecoder  

backbone.layer4.0.bn1.bias - torch.Size([512]): 
The value is the same before and after calling `init_weights` of EncoderDecoder  

backbone.layer4.0.conv2.weight - torch.Size([512, 512, 3, 3]): 
KaimingInit: a=0, mode=fan_out, nonlinearity=relu, distribution =normal, bias=0 

backbone.layer4.0.bn2.weight - torch.Size([512]): 
ConstantInit: val=0, bias=0 

backbone.layer4.0.bn2.bias - torch.Size([512]): 
The value is the same before and after calling `init_weights` of EncoderDecoder  

backbone.layer4.0.downsample.0.weight - torch.Size([512, 256, 1, 1]): 
KaimingInit: a=0, mode=fan_out, nonlinearity=relu, distribution =normal, bias=0 

backbone.layer4.0.downsample.1.weight - torch.Size([512]): 
The value is the same before and after calling `init_weights` of EncoderDecoder  

backbone.layer4.0.downsample.1.bias - torch.Size([512]): 
The value is the same before and after calling `init_weights` of EncoderDecoder  

backbone.layer4.1.conv1.weight - torch.Size([512, 512, 3, 3]): 
KaimingInit: a=0, mode=fan_out, nonlinearity=relu, distribution =normal, bias=0 

backbone.layer4.1.bn1.weight - torch.Size([512]): 
The value is the same before and after calling `init_weights` of EncoderDecoder  

backbone.layer4.1.bn1.bias - torch.Size([512]): 
The value is the same before and after calling `init_weights` of EncoderDecoder  

backbone.layer4.1.conv2.weight - torch.Size([512, 512, 3, 3]): 
KaimingInit: a=0, mode=fan_out, nonlinearity=relu, distribution =normal, bias=0 

backbone.layer4.1.bn2.weight - torch.Size([512]): 
ConstantInit: val=0, bias=0 

backbone.layer4.1.bn2.bias - torch.Size([512]): 
The value is the same before and after calling `init_weights` of EncoderDecoder  

decode_head.conv_seg.weight - torch.Size([2, 512, 1, 1]): 
NormalInit: mean=0, std=0.01, bias=0 

decode_head.conv_seg.bias - torch.Size([2]): 
NormalInit: mean=0, std=0.01, bias=0 

decode_head.psp_modules.0.1.conv.weight - torch.Size([512, 512, 1, 1]): 
The value is the same before and after calling `init_weights` of EncoderDecoder  

decode_head.psp_modules.0.1.bn.weight - torch.Size([512]): 
The value is the same before and after calling `init_weights` of EncoderDecoder  

decode_head.psp_modules.0.1.bn.bias - torch.Size([512]): 
The value is the same before and after calling `init_weights` of EncoderDecoder  

decode_head.psp_modules.1.1.conv.weight - torch.Size([512, 512, 1, 1]): 
The value is the same before and after calling `init_weights` of EncoderDecoder  

decode_head.psp_modules.1.1.bn.weight - torch.Size([512]): 
The value is the same before and after calling `init_weights` of EncoderDecoder  

decode_head.psp_modules.1.1.bn.bias - torch.Size([512]): 
The value is the same before and after calling `init_weights` of EncoderDecoder  

decode_head.psp_modules.2.1.conv.weight - torch.Size([512, 512, 1, 1]): 
The value is the same before and after calling `init_weights` of EncoderDecoder  

decode_head.psp_modules.2.1.bn.weight - torch.Size([512]): 
The value is the same before and after calling `init_weights` of EncoderDecoder  

decode_head.psp_modules.2.1.bn.bias - torch.Size([512]): 
The value is the same before and after calling `init_weights` of EncoderDecoder  

decode_head.psp_modules.3.1.conv.weight - torch.Size([512, 512, 1, 1]): 
The value is the same before and after calling `init_weights` of EncoderDecoder  

decode_head.psp_modules.3.1.bn.weight - torch.Size([512]): 
The value is the same before and after calling `init_weights` of EncoderDecoder  

decode_head.psp_modules.3.1.bn.bias - torch.Size([512]): 
The value is the same before and after calling `init_weights` of EncoderDecoder  

decode_head.bottleneck.conv.weight - torch.Size([512, 2560, 3, 3]): 
Initialized by user-defined `init_weights` in ConvModule  

decode_head.bottleneck.bn.weight - torch.Size([512]): 
The value is the same before and after calling `init_weights` of EncoderDecoder  

decode_head.bottleneck.bn.bias - torch.Size([512]): 
The value is the same before and after calling `init_weights` of EncoderDecoder  
2025-11-17 22:48:53,698 - mmseg - INFO - EncoderDecoder(
  (backbone): ResNetV1c(
    (stem): Sequential(
      (0): Conv2d(3, 32, kernel_size=(3, 3), stride=(2, 2), padding=(1, 1), bias=False)
      (1): SyncBatchNorm(32, eps=1e-05, momentum=0.1, affine=True, track_running_stats=True)
      (2): ReLU(inplace=True)
      (3): Conv2d(32, 32, kernel_size=(3, 3), stride=(1, 1), padding=(1, 1), bias=False)
      (4): SyncBatchNorm(32, eps=1e-05, momentum=0.1, affine=True, track_running_stats=True)
      (5): ReLU(inplace=True)
      (6): Conv2d(32, 64, kernel_size=(3, 3), stride=(1, 1), padding=(1, 1), bias=False)
      (7): SyncBatchNorm(64, eps=1e-05, momentum=0.1, affine=True, track_running_stats=True)
      (8): ReLU(inplace=True)
    )
    (maxpool): MaxPool2d(kernel_size=3, stride=2, padding=1, dilation=1, ceil_mode=False)
    (layer1): ResLayer(
      (0): BasicBlock(
        (conv1): Conv2d(64, 64, kernel_size=(3, 3), stride=(1, 1), padding=(1, 1), bias=False)
        (bn1): SyncBatchNorm(64, eps=1e-05, momentum=0.1, affine=True, track_running_stats=True)
        (conv2): Conv2d(64, 64, kernel_size=(3, 3), stride=(1, 1), padding=(1, 1), bias=False)
        (bn2): SyncBatchNorm(64, eps=1e-05, momentum=0.1, affine=True, track_running_stats=True)
        (relu): ReLU(inplace=True)
      )
      init_cfg={'type': 'Constant', 'val': 0, 'override': {'name': 'norm2'}}
      (1): BasicBlock(
        (conv1): Conv2d(64, 64, kernel_size=(3, 3), stride=(1, 1), padding=(1, 1), bias=False)
        (bn1): SyncBatchNorm(64, eps=1e-05, momentum=0.1, affine=True, track_running_stats=True)
        (conv2): Conv2d(64, 64, kernel_size=(3, 3), stride=(1, 1), padding=(1, 1), bias=False)
        (bn2): SyncBatchNorm(64, eps=1e-05, momentum=0.1, affine=True, track_running_stats=True)
        (relu): ReLU(inplace=True)
      )
      init_cfg={'type': 'Constant', 'val': 0, 'override': {'name': 'norm2'}}
    )
    (layer2): ResLayer(
      (0): BasicBlock(
        (conv1): Conv2d(64, 128, kernel_size=(3, 3), stride=(2, 2), padding=(1, 1), bias=False)
        (bn1): SyncBatchNorm(128, eps=1e-05, momentum=0.1, affine=True, track_running_stats=True)
        (conv2): Conv2d(128, 128, kernel_size=(3, 3), stride=(1, 1), padding=(1, 1), bias=False)
        (bn2): SyncBatchNorm(128, eps=1e-05, momentum=0.1, affine=True, track_running_stats=True)
        (relu): ReLU(inplace=True)
        (downsample): Sequential(
          (0): Conv2d(64, 128, kernel_size=(1, 1), stride=(2, 2), bias=False)
          (1): SyncBatchNorm(128, eps=1e-05, momentum=0.1, affine=True, track_running_stats=True)
        )
      )
      init_cfg={'type': 'Constant', 'val': 0, 'override': {'name': 'norm2'}}
      (1): BasicBlock(
        (conv1): Conv2d(128, 128, kernel_size=(3, 3), stride=(1, 1), padding=(1, 1), bias=False)
        (bn1): SyncBatchNorm(128, eps=1e-05, momentum=0.1, affine=True, track_running_stats=True)
        (conv2): Conv2d(128, 128, kernel_size=(3, 3), stride=(1, 1), padding=(1, 1), bias=False)
        (bn2): SyncBatchNorm(128, eps=1e-05, momentum=0.1, affine=True, track_running_stats=True)
        (relu): ReLU(inplace=True)
      )
      init_cfg={'type': 'Constant', 'val': 0, 'override': {'name': 'norm2'}}
    )
    (layer3): ResLayer(
      (0): BasicBlock(
        (conv1): Conv2d(128, 256, kernel_size=(3, 3), stride=(2, 2), padding=(1, 1), bias=False)
        (bn1): SyncBatchNorm(256, eps=1e-05, momentum=0.1, affine=True, track_running_stats=True)
        (conv2): Conv2d(256, 256, kernel_size=(3, 3), stride=(1, 1), padding=(1, 1), bias=False)
        (bn2): SyncBatchNorm(256, eps=1e-05, momentum=0.1, affine=True, track_running_stats=True)
        (relu): ReLU(inplace=True)
        (downsample): Sequential(
          (0): Conv2d(128, 256, kernel_size=(1, 1), stride=(2, 2), bias=False)
          (1): SyncBatchNorm(256, eps=1e-05, momentum=0.1, affine=True, track_running_stats=True)
        )
      )
      init_cfg={'type': 'Constant', 'val': 0, 'override': {'name': 'norm2'}}
      (1): BasicBlock(
        (conv1): Conv2d(256, 256, kernel_size=(3, 3), stride=(1, 1), padding=(1, 1), bias=False)
        (bn1): SyncBatchNorm(256, eps=1e-05, momentum=0.1, affine=True, track_running_stats=True)
        (conv2): Conv2d(256, 256, kernel_size=(3, 3), stride=(1, 1), padding=(1, 1), bias=False)
        (bn2): SyncBatchNorm(256, eps=1e-05, momentum=0.1, affine=True, track_running_stats=True)
        (relu): ReLU(inplace=True)
      )
      init_cfg={'type': 'Constant', 'val': 0, 'override': {'name': 'norm2'}}
    )
    (layer4): ResLayer(
      (0): BasicBlock(
        (conv1): Conv2d(256, 512, kernel_size=(3, 3), stride=(2, 2), padding=(1, 1), bias=False)
        (bn1): SyncBatchNorm(512, eps=1e-05, momentum=0.1, affine=True, track_running_stats=True)
        (conv2): Conv2d(512, 512, kernel_size=(3, 3), stride=(1, 1), padding=(1, 1), bias=False)
        (bn2): SyncBatchNorm(512, eps=1e-05, momentum=0.1, affine=True, track_running_stats=True)
        (relu): ReLU(inplace=True)
        (downsample): Sequential(
          (0): Conv2d(256, 512, kernel_size=(1, 1), stride=(2, 2), bias=False)
          (1): SyncBatchNorm(512, eps=1e-05, momentum=0.1, affine=True, track_running_stats=True)
        )
      )
      init_cfg={'type': 'Constant', 'val': 0, 'override': {'name': 'norm2'}}
      (1): BasicBlock(
        (conv1): Conv2d(512, 512, kernel_size=(3, 3), stride=(1, 1), padding=(1, 1), bias=False)
        (bn1): SyncBatchNorm(512, eps=1e-05, momentum=0.1, affine=True, track_running_stats=True)
        (conv2): Conv2d(512, 512, kernel_size=(3, 3), stride=(1, 1), padding=(1, 1), bias=False)
        (bn2): SyncBatchNorm(512, eps=1e-05, momentum=0.1, affine=True, track_running_stats=True)
        (relu): ReLU(inplace=True)
      )
      init_cfg={'type': 'Constant', 'val': 0, 'override': {'name': 'norm2'}}
    )
  )
  init_cfg=[{'type': 'Kaiming', 'layer': 'Conv2d'}, {'type': 'Constant', 'val': 1, 'layer': ['_BatchNorm', 'GroupNorm']}]
  (decode_head): PSPHead(
    input_transform=None, ignore_index=255, align_corners=False
    (loss_decode): ModuleList(
      (0): CrossEntropyLoss(avg_non_ignore=False)
      (1): DiceLoss()
    )
    (conv_seg): Conv2d(512, 2, kernel_size=(1, 1), stride=(1, 1))
    (dropout): Dropout2d(p=0.1, inplace=False)
    (psp_modules): PPM(
      (0): Sequential(
        (0): AdaptiveAvgPool2d(output_size=1)
        (1): ConvModule(
          (conv): Conv2d(512, 512, kernel_size=(1, 1), stride=(1, 1), bias=False)
          (bn): SyncBatchNorm(512, eps=1e-05, momentum=0.1, affine=True, track_running_stats=True)
          (activate): ReLU(inplace=True)
        )
      )
      (1): Sequential(
        (0): AdaptiveAvgPool2d(output_size=2)
        (1): ConvModule(
          (conv): Conv2d(512, 512, kernel_size=(1, 1), stride=(1, 1), bias=False)
          (bn): SyncBatchNorm(512, eps=1e-05, momentum=0.1, affine=True, track_running_stats=True)
          (activate): ReLU(inplace=True)
        )
      )
      (2): Sequential(
        (0): AdaptiveAvgPool2d(output_size=3)
        (1): ConvModule(
          (conv): Conv2d(512, 512, kernel_size=(1, 1), stride=(1, 1), bias=False)
          (bn): SyncBatchNorm(512, eps=1e-05, momentum=0.1, affine=True, track_running_stats=True)
          (activate): ReLU(inplace=True)
        )
      )
      (3): Sequential(
        (0): AdaptiveAvgPool2d(output_size=6)
        (1): ConvModule(
          (conv): Conv2d(512, 512, kernel_size=(1, 1), stride=(1, 1), bias=False)
          (bn): SyncBatchNorm(512, eps=1e-05, momentum=0.1, affine=True, track_running_stats=True)
          (activate): ReLU(inplace=True)
        )
      )
    )
    (bottleneck): ConvModule(
      (conv): Conv2d(2560, 512, kernel_size=(3, 3), stride=(1, 1), padding=(1, 1), bias=False)
      (bn): SyncBatchNorm(512, eps=1e-05, momentum=0.1, affine=True, track_running_stats=True)
      (activate): ReLU(inplace=True)
    )
  )
  init_cfg={'type': 'Normal', 'std': 0.01, 'override': {'name': 'conv_seg'}}
)
2025-11-17 22:48:53,715 - mmseg - INFO - Loaded 568 images
2025-11-17 22:49:00,542 - mmseg - INFO - Loaded 64 images
2025-11-17 22:49:00,543 - mmseg - INFO - Start running, host: wuyou@wuyou-desktop, work_dir: /data/code2025/Q2/2025-11-17-02/work_dirs/pspnet
2025-11-17 22:49:00,543 - mmseg - INFO - Hooks will be executed in the following order:
before_run:
(VERY_HIGH   ) PolyLrUpdaterHook                  
(NORMAL      ) CheckpointHook                     
(LOW         ) DistEvalHook                       
(VERY_LOW    ) TensorboardLoggerHook              
(VERY_LOW    ) TextLoggerHook                     
 -------------------- 
before_train_epoch:
(VERY_HIGH   ) PolyLrUpdaterHook                  
(LOW         ) IterTimerHook                      
(LOW         ) DistEvalHook                       
(VERY_LOW    ) TensorboardLoggerHook              
(VERY_LOW    ) TextLoggerHook                     
 -------------------- 
before_train_iter:
(VERY_HIGH   ) PolyLrUpdaterHook                  
(LOW         ) IterTimerHook                      
(LOW         ) DistEvalHook                       
 -------------------- 
after_train_iter:
(ABOVE_NORMAL) OptimizerHook                      
(NORMAL      ) CheckpointHook                     
(LOW         ) IterTimerHook                      
(LOW         ) DistEvalHook                       
(VERY_LOW    ) TensorboardLoggerHook              
(VERY_LOW    ) TextLoggerHook                     
 -------------------- 
after_train_epoch:
(NORMAL      ) CheckpointHook                     
(LOW         ) DistEvalHook                       
(VERY_LOW    ) TensorboardLoggerHook              
(VERY_LOW    ) TextLoggerHook                     
 -------------------- 
before_val_epoch:
(LOW         ) IterTimerHook                      
(VERY_LOW    ) TensorboardLoggerHook              
(VERY_LOW    ) TextLoggerHook                     
 -------------------- 
before_val_iter:
(LOW         ) IterTimerHook                      
 -------------------- 
after_val_iter:
(LOW         ) IterTimerHook                      
 -------------------- 
after_val_epoch:
(VERY_LOW    ) TensorboardLoggerHook              
(VERY_LOW    ) TextLoggerHook                     
 -------------------- 
after_run:
(VERY_LOW    ) TensorboardLoggerHook              
(VERY_LOW    ) TextLoggerHook                     
 -------------------- 
2025-11-17 22:49:00,544 - mmseg - INFO - workflow: [('train', 1)], max: 10000 iters
2025-11-17 22:49:00,544 - mmseg - INFO - Checkpoints will be saved to /data/code2025/Q2/2025-11-17-02/work_dirs/pspnet by HardDiskBackend.
2025-11-17 22:49:11,536 - mmseg - INFO - Iter [50/10000]	lr: 9.956e-04, eta: 0:30:13, time: 0.182, data_time: 0.115, memory: 1168, decode.loss_ce: 0.2850, decode.loss_dice: 0.7575, decode.acc_seg: 95.5848, loss: 1.0425
2025-11-17 22:49:15,416 - mmseg - INFO - Iter [100/10000]	lr: 9.912e-04, eta: 0:21:26, time: 0.078, data_time: 0.026, memory: 1168, decode.loss_ce: 0.1613, decode.loss_dice: 0.6278, decode.acc_seg: 97.6802, loss: 0.7892
2025-11-17 22:49:19,442 - mmseg - INFO - Iter [150/10000]	lr: 9.867e-04, eta: 0:18:37, time: 0.080, data_time: 0.031, memory: 1168, decode.loss_ce: 0.1444, decode.loss_dice: 0.5824, decode.acc_seg: 97.8946, loss: 0.7268
2025-11-17 22:49:23,232 - mmseg - INFO - Iter [200/10000]	lr: 9.823e-04, eta: 0:16:59, time: 0.076, data_time: 0.026, memory: 1168, decode.loss_ce: 0.1328, decode.loss_dice: 0.5382, decode.acc_seg: 98.0651, loss: 0.6711
2025-11-17 22:49:27,027 - mmseg - INFO - Iter [250/10000]	lr: 9.778e-04, eta: 0:15:59, time: 0.076, data_time: 0.023, memory: 1168, decode.loss_ce: 0.1399, decode.loss_dice: 0.5922, decode.acc_seg: 97.9190, loss: 0.7321
2025-11-17 22:49:31,073 - mmseg - INFO - Iter [300/10000]	lr: 9.733e-04, eta: 0:15:26, time: 0.081, data_time: 0.028, memory: 1168, decode.loss_ce: 0.1867, decode.loss_dice: 0.5599, decode.acc_seg: 97.1899, loss: 0.7466
2025-11-17 22:49:34,925 - mmseg - INFO - Iter [350/10000]	lr: 9.688e-04, eta: 0:14:56, time: 0.077, data_time: 0.025, memory: 1168, decode.loss_ce: 0.1451, decode.loss_dice: 0.5427, decode.acc_seg: 97.8630, loss: 0.6878
2025-11-17 22:49:38,607 - mmseg - INFO - Iter [400/10000]	lr: 9.644e-04, eta: 0:14:28, time: 0.074, data_time: 0.023, memory: 1168, decode.loss_ce: 0.1540, decode.loss_dice: 0.5267, decode.acc_seg: 97.6360, loss: 0.6807
2025-11-17 22:49:42,411 - mmseg - INFO - Iter [450/10000]	lr: 9.599e-04, eta: 0:14:08, time: 0.076, data_time: 0.030, memory: 1168, decode.loss_ce: 0.1942, decode.loss_dice: 0.5473, decode.acc_seg: 97.2288, loss: 0.7415
2025-11-17 22:49:46,209 - mmseg - INFO - Iter [500/10000]	lr: 9.554e-04, eta: 0:13:51, time: 0.076, data_time: 0.025, memory: 1168, decode.loss_ce: 0.1441, decode.loss_dice: 0.5049, decode.acc_seg: 97.6736, loss: 0.6490
2025-11-17 22:49:50,015 - mmseg - INFO - Iter [550/10000]	lr: 9.509e-04, eta: 0:13:37, time: 0.076, data_time: 0.028, memory: 1168, decode.loss_ce: 0.1277, decode.loss_dice: 0.5308, decode.acc_seg: 97.9960, loss: 0.6585
2025-11-17 22:49:53,740 - mmseg - INFO - Iter [600/10000]	lr: 9.465e-04, eta: 0:13:23, time: 0.074, data_time: 0.025, memory: 1168, decode.loss_ce: 0.1383, decode.loss_dice: 0.5497, decode.acc_seg: 97.8297, loss: 0.6880
2025-11-17 22:49:57,514 - mmseg - INFO - Iter [650/10000]	lr: 9.420e-04, eta: 0:13:12, time: 0.075, data_time: 0.028, memory: 1168, decode.loss_ce: 0.1361, decode.loss_dice: 0.5199, decode.acc_seg: 97.9671, loss: 0.6560
2025-11-17 22:50:01,178 - mmseg - INFO - Iter [700/10000]	lr: 9.375e-04, eta: 0:13:00, time: 0.073, data_time: 0.026, memory: 1168, decode.loss_ce: 0.1575, decode.loss_dice: 0.5362, decode.acc_seg: 97.4238, loss: 0.6937
2025-11-17 22:50:04,881 - mmseg - INFO - Iter [750/10000]	lr: 9.330e-04, eta: 0:12:50, time: 0.074, data_time: 0.030, memory: 1168, decode.loss_ce: 0.1445, decode.loss_dice: 0.4836, decode.acc_seg: 97.8011, loss: 0.6281
2025-11-17 22:50:08,620 - mmseg - INFO - Iter [800/10000]	lr: 9.285e-04, eta: 0:12:41, time: 0.075, data_time: 0.032, memory: 1168, decode.loss_ce: 0.1471, decode.loss_dice: 0.5075, decode.acc_seg: 97.8857, loss: 0.6547
2025-11-17 22:50:12,355 - mmseg - INFO - Iter [850/10000]	lr: 9.240e-04, eta: 0:12:32, time: 0.075, data_time: 0.021, memory: 1168, decode.loss_ce: 0.1468, decode.loss_dice: 0.5332, decode.acc_seg: 97.9894, loss: 0.6800
2025-11-17 22:50:16,111 - mmseg - INFO - Iter [900/10000]	lr: 9.195e-04, eta: 0:12:24, time: 0.075, data_time: 0.027, memory: 1168, decode.loss_ce: 0.1715, decode.loss_dice: 0.5215, decode.acc_seg: 97.5087, loss: 0.6930
2025-11-17 22:50:19,803 - mmseg - INFO - Iter [950/10000]	lr: 9.150e-04, eta: 0:12:17, time: 0.074, data_time: 0.025, memory: 1168, decode.loss_ce: 0.1342, decode.loss_dice: 0.5177, decode.acc_seg: 97.8815, loss: 0.6519
2025-11-17 22:50:23,669 - mmseg - INFO - Exp name: pspnet.py
2025-11-17 22:50:23,674 - mmseg - INFO - Iter [1000/10000]	lr: 9.105e-04, eta: 0:12:11, time: 0.077, data_time: 0.024, memory: 1168, decode.loss_ce: 0.1474, decode.loss_dice: 0.5183, decode.acc_seg: 97.6509, loss: 0.6657
2025-11-17 22:50:36,058 - mmseg - INFO - per class results:
2025-11-17 22:50:36,060 - mmseg - INFO - 
+------------+-------+-------+-------+--------+-----------+--------+-------+
|   Class    |  IoU  |  HD95 |  Acc  | Fscore | Precision | Recall |  Dice |
+------------+-------+-------+-------+--------+-----------+--------+-------+
| background | 97.13 |  0.49 | 99.98 | 98.55  |   97.15   | 99.98  | 98.55 |
|   Lesion   | 11.97 | 14.67 | 12.04 | 21.38  |   95.67   | 12.04  | 21.38 |
+------------+-------+-------+-------+--------+-----------+--------+-------+
2025-11-17 22:50:36,060 - mmseg - INFO - Summary:
2025-11-17 22:50:36,060 - mmseg - INFO - 
+-------+-------+-------+-------+---------+------------+---------+-------+
|  aAcc |  mIoU | mHD95 |  mAcc | mFscore | mPrecision | mRecall | mDice |
+-------+-------+-------+-------+---------+------------+---------+-------+
| 97.14 | 54.55 |  7.58 | 56.01 |  59.96  |   96.41    |  56.01  | 59.96 |
+-------+-------+-------+-------+---------+------------+---------+-------+
2025-11-17 22:50:36,062 - mmseg - INFO - Exp name: pspnet.py
2025-11-17 22:50:36,063 - mmseg - INFO - Iter(val) [64]	aAcc: 0.9714, mIoU: 0.5455, mHD95: 0.0758, mAcc: 0.5601, mFscore: 0.5996, mPrecision: 0.9641, mRecall: 0.5601, mDice: 0.5996, IoU.background: 0.9713, IoU.Lesion: 0.1197, HD95.background: 0.0049, HD95.Lesion: 0.1467, Acc.background: 0.9998, Acc.Lesion: 0.1204, Fscore.background: 0.9855, Fscore.Lesion: 0.2138, Precision.background: 0.9715, Precision.Lesion: 0.9567, Recall.background: 0.9998, Recall.Lesion: 0.1204, Dice.background: 0.9855, Dice.Lesion: 0.2138
2025-11-17 22:50:39,649 - mmseg - INFO - Iter [1050/10000]	lr: 9.060e-04, eta: 0:13:48, time: 0.320, data_time: 0.276, memory: 1168, decode.loss_ce: 0.1302, decode.loss_dice: 0.5475, decode.acc_seg: 98.0567, loss: 0.6777
2025-11-17 22:50:43,433 - mmseg - INFO - Iter [1100/10000]	lr: 9.015e-04, eta: 0:13:37, time: 0.076, data_time: 0.028, memory: 1168, decode.loss_ce: 0.1245, decode.loss_dice: 0.4895, decode.acc_seg: 98.0333, loss: 0.6139
2025-11-17 22:50:47,199 - mmseg - INFO - Iter [1150/10000]	lr: 8.970e-04, eta: 0:13:26, time: 0.075, data_time: 0.029, memory: 1168, decode.loss_ce: 0.1379, decode.loss_dice: 0.4978, decode.acc_seg: 97.7582, loss: 0.6357
2025-11-17 22:50:51,111 - mmseg - INFO - Iter [1200/10000]	lr: 8.925e-04, eta: 0:13:16, time: 0.078, data_time: 0.037, memory: 1168, decode.loss_ce: 0.1368, decode.loss_dice: 0.4812, decode.acc_seg: 97.9160, loss: 0.6181
2025-11-17 22:50:54,893 - mmseg - INFO - Iter [1250/10000]	lr: 8.880e-04, eta: 0:13:07, time: 0.076, data_time: 0.034, memory: 1168, decode.loss_ce: 0.1172, decode.loss_dice: 0.4694, decode.acc_seg: 98.2139, loss: 0.5867
2025-11-17 22:50:58,771 - mmseg - INFO - Iter [1300/10000]	lr: 8.835e-04, eta: 0:12:58, time: 0.078, data_time: 0.033, memory: 1168, decode.loss_ce: 0.1672, decode.loss_dice: 0.5226, decode.acc_seg: 97.1740, loss: 0.6897
2025-11-17 22:51:02,544 - mmseg - INFO - Iter [1350/10000]	lr: 8.790e-04, eta: 0:12:49, time: 0.075, data_time: 0.030, memory: 1168, decode.loss_ce: 0.1169, decode.loss_dice: 0.4718, decode.acc_seg: 98.1206, loss: 0.5887
2025-11-17 22:51:06,330 - mmseg - INFO - Iter [1400/10000]	lr: 8.744e-04, eta: 0:12:41, time: 0.076, data_time: 0.031, memory: 1168, decode.loss_ce: 0.1549, decode.loss_dice: 0.4643, decode.acc_seg: 97.4485, loss: 0.6191
2025-11-17 22:51:12,352 - mmseg - INFO - Iter [1450/10000]	lr: 8.699e-04, eta: 0:12:46, time: 0.120, data_time: 0.074, memory: 1168, decode.loss_ce: 0.1533, decode.loss_dice: 0.4662, decode.acc_seg: 97.5241, loss: 0.6196
2025-11-17 22:51:16,402 - mmseg - INFO - Iter [1500/10000]	lr: 8.654e-04, eta: 0:12:39, time: 0.081, data_time: 0.034, memory: 1168, decode.loss_ce: 0.1601, decode.loss_dice: 0.5126, decode.acc_seg: 97.4291, loss: 0.6727
2025-11-17 22:51:20,183 - mmseg - INFO - Iter [1550/10000]	lr: 8.608e-04, eta: 0:12:30, time: 0.076, data_time: 0.032, memory: 1168, decode.loss_ce: 0.1288, decode.loss_dice: 0.4787, decode.acc_seg: 98.0119, loss: 0.6074
2025-11-17 22:51:23,889 - mmseg - INFO - Iter [1600/10000]	lr: 8.563e-04, eta: 0:12:22, time: 0.074, data_time: 0.026, memory: 1168, decode.loss_ce: 0.1532, decode.loss_dice: 0.5240, decode.acc_seg: 97.6908, loss: 0.6772
2025-11-17 22:51:27,823 - mmseg - INFO - Iter [1650/10000]	lr: 8.518e-04, eta: 0:12:15, time: 0.079, data_time: 0.031, memory: 1168, decode.loss_ce: 0.1384, decode.loss_dice: 0.4839, decode.acc_seg: 97.8405, loss: 0.6223
2025-11-17 22:51:31,690 - mmseg - INFO - Iter [1700/10000]	lr: 8.472e-04, eta: 0:12:08, time: 0.077, data_time: 0.028, memory: 1168, decode.loss_ce: 0.1137, decode.loss_dice: 0.4426, decode.acc_seg: 98.1233, loss: 0.5563
2025-11-17 22:51:35,422 - mmseg - INFO - Iter [1750/10000]	lr: 8.427e-04, eta: 0:12:01, time: 0.075, data_time: 0.022, memory: 1168, decode.loss_ce: 0.1222, decode.loss_dice: 0.4611, decode.acc_seg: 98.0662, loss: 0.5833
2025-11-17 22:51:39,152 - mmseg - INFO - Iter [1800/10000]	lr: 8.382e-04, eta: 0:11:53, time: 0.075, data_time: 0.024, memory: 1168, decode.loss_ce: 0.1245, decode.loss_dice: 0.4450, decode.acc_seg: 97.8505, loss: 0.5696
2025-11-17 22:51:42,953 - mmseg - INFO - Iter [1850/10000]	lr: 8.336e-04, eta: 0:11:47, time: 0.076, data_time: 0.018, memory: 1168, decode.loss_ce: 0.1273, decode.loss_dice: 0.4765, decode.acc_seg: 98.0279, loss: 0.6038
2025-11-17 22:51:46,653 - mmseg - INFO - Iter [1900/10000]	lr: 8.291e-04, eta: 0:11:40, time: 0.074, data_time: 0.015, memory: 1168, decode.loss_ce: 0.1327, decode.loss_dice: 0.4682, decode.acc_seg: 97.8543, loss: 0.6009
2025-11-17 22:51:50,341 - mmseg - INFO - Iter [1950/10000]	lr: 8.245e-04, eta: 0:11:33, time: 0.074, data_time: 0.031, memory: 1168, decode.loss_ce: 0.1188, decode.loss_dice: 0.4627, decode.acc_seg: 98.0325, loss: 0.5815
2025-11-17 22:51:54,062 - mmseg - INFO - Exp name: pspnet.py
2025-11-17 22:51:54,062 - mmseg - INFO - Iter [2000/10000]	lr: 8.200e-04, eta: 0:11:26, time: 0.075, data_time: 0.026, memory: 1168, decode.loss_ce: 0.1330, decode.loss_dice: 0.4559, decode.acc_seg: 97.9460, loss: 0.5889
2025-11-17 22:52:01,433 - mmseg - INFO - per class results:
2025-11-17 22:52:01,435 - mmseg - INFO - 
+------------+-------+-------+-------+--------+-----------+--------+-------+
|   Class    |  IoU  |  HD95 |  Acc  | Fscore | Precision | Recall |  Dice |
+------------+-------+-------+-------+--------+-----------+--------+-------+
| background | 97.47 |  0.41 | 99.87 | 98.72  |   97.59   | 99.87  | 98.72 |
|   Lesion   | 25.01 | 12.35 | 25.95 | 40.01  |    87.3   | 25.95  | 40.01 |
+------------+-------+-------+-------+--------+-----------+--------+-------+
2025-11-17 22:52:01,435 - mmseg - INFO - Summary:
2025-11-17 22:52:01,435 - mmseg - INFO - 
+-------+-------+-------+-------+---------+------------+---------+-------+
|  aAcc |  mIoU | mHD95 |  mAcc | mFscore | mPrecision | mRecall | mDice |
+-------+-------+-------+-------+---------+------------+---------+-------+
| 97.49 | 61.24 |  6.38 | 62.91 |  69.36  |   92.44    |  62.91  | 69.36 |
+-------+-------+-------+-------+---------+------------+---------+-------+
2025-11-17 22:52:01,437 - mmseg - INFO - Exp name: pspnet.py
2025-11-17 22:52:01,437 - mmseg - INFO - Iter(val) [64]	aAcc: 0.9749, mIoU: 0.6124, mHD95: 0.0638, mAcc: 0.6291, mFscore: 0.6936, mPrecision: 0.9244, mRecall: 0.6291, mDice: 0.6936, IoU.background: 0.9747, IoU.Lesion: 0.2501, HD95.background: 0.0041, HD95.Lesion: 0.1235, Acc.background: 0.9987, Acc.Lesion: 0.2595, Fscore.background: 0.9872, Fscore.Lesion: 0.4001, Precision.background: 0.9759, Precision.Lesion: 0.8730, Recall.background: 0.9987, Recall.Lesion: 0.2595, Dice.background: 0.9872, Dice.Lesion: 0.4001
2025-11-17 22:52:05,022 - mmseg - INFO - Iter [2050/10000]	lr: 8.154e-04, eta: 0:11:48, time: 0.219, data_time: 0.177, memory: 1168, decode.loss_ce: 0.1186, decode.loss_dice: 0.4312, decode.acc_seg: 98.0858, loss: 0.5497
2025-11-17 22:52:08,788 - mmseg - INFO - Iter [2100/10000]	lr: 8.108e-04, eta: 0:11:41, time: 0.075, data_time: 0.024, memory: 1168, decode.loss_ce: 0.1070, decode.loss_dice: 0.4248, decode.acc_seg: 98.2526, loss: 0.5317
2025-11-17 22:52:12,494 - mmseg - INFO - Iter [2150/10000]	lr: 8.063e-04, eta: 0:11:33, time: 0.074, data_time: 0.025, memory: 1168, decode.loss_ce: 0.1191, decode.loss_dice: 0.4533, decode.acc_seg: 98.0294, loss: 0.5724
2025-11-17 22:52:16,165 - mmseg - INFO - Iter [2200/10000]	lr: 8.017e-04, eta: 0:11:26, time: 0.073, data_time: 0.032, memory: 1168, decode.loss_ce: 0.1133, decode.loss_dice: 0.4479, decode.acc_seg: 98.0613, loss: 0.5612
2025-11-17 22:52:19,977 - mmseg - INFO - Iter [2250/10000]	lr: 7.971e-04, eta: 0:11:20, time: 0.076, data_time: 0.034, memory: 1168, decode.loss_ce: 0.1121, decode.loss_dice: 0.4671, decode.acc_seg: 98.1089, loss: 0.5792
2025-11-17 22:52:23,854 - mmseg - INFO - Iter [2300/10000]	lr: 7.926e-04, eta: 0:11:14, time: 0.077, data_time: 0.035, memory: 1168, decode.loss_ce: 0.1386, decode.loss_dice: 0.4282, decode.acc_seg: 97.6216, loss: 0.5668
2025-11-17 22:52:27,626 - mmseg - INFO - Iter [2350/10000]	lr: 7.880e-04, eta: 0:11:07, time: 0.075, data_time: 0.026, memory: 1168, decode.loss_ce: 0.1038, decode.loss_dice: 0.4316, decode.acc_seg: 98.1952, loss: 0.5354
2025-11-17 22:52:31,387 - mmseg - INFO - Iter [2400/10000]	lr: 7.834e-04, eta: 0:11:01, time: 0.075, data_time: 0.026, memory: 1168, decode.loss_ce: 0.1129, decode.loss_dice: 0.4459, decode.acc_seg: 98.2226, loss: 0.5588
2025-11-17 22:52:35,062 - mmseg - INFO - Iter [2450/10000]	lr: 7.788e-04, eta: 0:10:55, time: 0.074, data_time: 0.023, memory: 1168, decode.loss_ce: 0.1044, decode.loss_dice: 0.4083, decode.acc_seg: 98.3268, loss: 0.5127
2025-11-17 22:52:38,829 - mmseg - INFO - Iter [2500/10000]	lr: 7.743e-04, eta: 0:10:49, time: 0.075, data_time: 0.026, memory: 1168, decode.loss_ce: 0.1014, decode.loss_dice: 0.4087, decode.acc_seg: 98.2946, loss: 0.5101
2025-11-17 22:52:42,605 - mmseg - INFO - Iter [2550/10000]	lr: 7.697e-04, eta: 0:10:43, time: 0.075, data_time: 0.028, memory: 1168, decode.loss_ce: 0.1066, decode.loss_dice: 0.4034, decode.acc_seg: 98.2337, loss: 0.5101
2025-11-17 22:52:46,448 - mmseg - INFO - Iter [2600/10000]	lr: 7.651e-04, eta: 0:10:37, time: 0.077, data_time: 0.026, memory: 1168, decode.loss_ce: 0.1047, decode.loss_dice: 0.4115, decode.acc_seg: 98.3697, loss: 0.5162
2025-11-17 22:52:50,323 - mmseg - INFO - Iter [2650/10000]	lr: 7.605e-04, eta: 0:10:32, time: 0.078, data_time: 0.029, memory: 1168, decode.loss_ce: 0.1093, decode.loss_dice: 0.4044, decode.acc_seg: 98.2710, loss: 0.5137
2025-11-17 22:52:54,048 - mmseg - INFO - Iter [2700/10000]	lr: 7.559e-04, eta: 0:10:26, time: 0.074, data_time: 0.025, memory: 1168, decode.loss_ce: 0.0991, decode.loss_dice: 0.4102, decode.acc_seg: 98.2501, loss: 0.5093
2025-11-17 22:52:58,140 - mmseg - INFO - Iter [2750/10000]	lr: 7.513e-04, eta: 0:10:21, time: 0.082, data_time: 0.032, memory: 1168, decode.loss_ce: 0.1169, decode.loss_dice: 0.4243, decode.acc_seg: 98.0063, loss: 0.5412
2025-11-17 22:53:01,849 - mmseg - INFO - Iter [2800/10000]	lr: 7.467e-04, eta: 0:10:15, time: 0.074, data_time: 0.025, memory: 1168, decode.loss_ce: 0.1042, decode.loss_dice: 0.4036, decode.acc_seg: 98.2071, loss: 0.5078
2025-11-17 22:53:07,796 - mmseg - INFO - Iter [2850/10000]	lr: 7.421e-04, eta: 0:10:15, time: 0.119, data_time: 0.072, memory: 1168, decode.loss_ce: 0.1066, decode.loss_dice: 0.4079, decode.acc_seg: 98.2362, loss: 0.5145
2025-11-17 22:53:11,531 - mmseg - INFO - Iter [2900/10000]	lr: 7.375e-04, eta: 0:10:09, time: 0.075, data_time: 0.035, memory: 1168, decode.loss_ce: 0.0992, decode.loss_dice: 0.3819, decode.acc_seg: 98.2250, loss: 0.4811
2025-11-17 22:53:15,312 - mmseg - INFO - Iter [2950/10000]	lr: 7.329e-04, eta: 0:10:04, time: 0.076, data_time: 0.032, memory: 1168, decode.loss_ce: 0.1162, decode.loss_dice: 0.3967, decode.acc_seg: 98.0507, loss: 0.5129
2025-11-17 22:53:19,323 - mmseg - INFO - Exp name: pspnet.py
2025-11-17 22:53:19,324 - mmseg - INFO - Iter [3000/10000]	lr: 7.283e-04, eta: 0:09:59, time: 0.080, data_time: 0.026, memory: 1168, decode.loss_ce: 0.1166, decode.loss_dice: 0.4032, decode.acc_seg: 98.0616, loss: 0.5198
2025-11-17 22:53:26,009 - mmseg - INFO - per class results:
2025-11-17 22:53:26,010 - mmseg - INFO - 
+------------+-------+------+-------+--------+-----------+--------+-------+
|   Class    |  IoU  | HD95 |  Acc  | Fscore | Precision | Recall |  Dice |
+------------+-------+------+-------+--------+-----------+--------+-------+
| background | 97.99 | 0.3  | 99.69 | 98.98  |   98.29   | 99.69  | 98.98 |
|   Lesion   | 43.78 | 8.7  | 47.86 |  60.9  |   83.73   | 47.86  |  60.9 |
+------------+-------+------+-------+--------+-----------+--------+-------+
2025-11-17 22:53:26,013 - mmseg - INFO - Summary:
2025-11-17 22:53:26,014 - mmseg - INFO - 
+-------+-------+-------+-------+---------+------------+---------+-------+
|  aAcc |  mIoU | mHD95 |  mAcc | mFscore | mPrecision | mRecall | mDice |
+-------+-------+-------+-------+---------+------------+---------+-------+
| 98.02 | 70.89 |  4.5  | 73.77 |  79.94  |   91.01    |  73.77  | 79.94 |
+-------+-------+-------+-------+---------+------------+---------+-------+
2025-11-17 22:53:26,015 - mmseg - INFO - Exp name: pspnet.py
2025-11-17 22:53:26,016 - mmseg - INFO - Iter(val) [64]	aAcc: 0.9802, mIoU: 0.7089, mHD95: 0.0450, mAcc: 0.7377, mFscore: 0.7994, mPrecision: 0.9101, mRecall: 0.7377, mDice: 0.7994, IoU.background: 0.9799, IoU.Lesion: 0.4378, HD95.background: 0.0030, HD95.Lesion: 0.0870, Acc.background: 0.9969, Acc.Lesion: 0.4786, Fscore.background: 0.9898, Fscore.Lesion: 0.6090, Precision.background: 0.9829, Precision.Lesion: 0.8373, Recall.background: 0.9969, Recall.Lesion: 0.4786, Dice.background: 0.9898, Dice.Lesion: 0.6090
2025-11-17 22:53:29,696 - mmseg - INFO - Iter [3050/10000]	lr: 7.236e-04, eta: 0:10:08, time: 0.207, data_time: 0.162, memory: 1168, decode.loss_ce: 0.1141, decode.loss_dice: 0.4073, decode.acc_seg: 98.1535, loss: 0.5213
2025-11-17 22:53:33,536 - mmseg - INFO - Iter [3100/10000]	lr: 7.190e-04, eta: 0:10:03, time: 0.077, data_time: 0.030, memory: 1168, decode.loss_ce: 0.1181, decode.loss_dice: 0.4149, decode.acc_seg: 98.1085, loss: 0.5330
2025-11-17 22:53:37,321 - mmseg - INFO - Iter [3150/10000]	lr: 7.144e-04, eta: 0:09:57, time: 0.076, data_time: 0.026, memory: 1168, decode.loss_ce: 0.1036, decode.loss_dice: 0.4080, decode.acc_seg: 98.2406, loss: 0.5116
2025-11-17 22:53:41,036 - mmseg - INFO - Iter [3200/10000]	lr: 7.098e-04, eta: 0:09:51, time: 0.074, data_time: 0.025, memory: 1168, decode.loss_ce: 0.0947, decode.loss_dice: 0.3822, decode.acc_seg: 98.3872, loss: 0.4768
2025-11-17 22:53:44,792 - mmseg - INFO - Iter [3250/10000]	lr: 7.051e-04, eta: 0:09:46, time: 0.075, data_time: 0.029, memory: 1168, decode.loss_ce: 0.1032, decode.loss_dice: 0.4196, decode.acc_seg: 98.2779, loss: 0.5228
2025-11-17 22:53:48,446 - mmseg - INFO - Iter [3300/10000]	lr: 7.005e-04, eta: 0:09:40, time: 0.073, data_time: 0.025, memory: 1168, decode.loss_ce: 0.1179, decode.loss_dice: 0.4301, decode.acc_seg: 97.8530, loss: 0.5479
2025-11-17 22:53:52,334 - mmseg - INFO - Iter [3350/10000]	lr: 6.959e-04, eta: 0:09:35, time: 0.078, data_time: 0.033, memory: 1168, decode.loss_ce: 0.1126, decode.loss_dice: 0.3907, decode.acc_seg: 98.1076, loss: 0.5033
2025-11-17 22:53:56,187 - mmseg - INFO - Iter [3400/10000]	lr: 6.912e-04, eta: 0:09:30, time: 0.077, data_time: 0.029, memory: 1168, decode.loss_ce: 0.1008, decode.loss_dice: 0.3939, decode.acc_seg: 98.2381, loss: 0.4947
2025-11-17 22:53:59,972 - mmseg - INFO - Iter [3450/10000]	lr: 6.866e-04, eta: 0:09:24, time: 0.076, data_time: 0.028, memory: 1168, decode.loss_ce: 0.0958, decode.loss_dice: 0.3813, decode.acc_seg: 98.4808, loss: 0.4771
2025-11-17 22:54:03,723 - mmseg - INFO - Iter [3500/10000]	lr: 6.819e-04, eta: 0:09:19, time: 0.075, data_time: 0.025, memory: 1168, decode.loss_ce: 0.0914, decode.loss_dice: 0.3982, decode.acc_seg: 98.4623, loss: 0.4896
2025-11-17 22:54:07,441 - mmseg - INFO - Iter [3550/10000]	lr: 6.773e-04, eta: 0:09:14, time: 0.074, data_time: 0.027, memory: 1168, decode.loss_ce: 0.1099, decode.loss_dice: 0.4114, decode.acc_seg: 98.1745, loss: 0.5213
2025-11-17 22:54:11,192 - mmseg - INFO - Iter [3600/10000]	lr: 6.726e-04, eta: 0:09:08, time: 0.075, data_time: 0.030, memory: 1168, decode.loss_ce: 0.1286, decode.loss_dice: 0.4063, decode.acc_seg: 97.7481, loss: 0.5349
2025-11-17 22:54:14,919 - mmseg - INFO - Iter [3650/10000]	lr: 6.680e-04, eta: 0:09:03, time: 0.075, data_time: 0.026, memory: 1168, decode.loss_ce: 0.0847, decode.loss_dice: 0.3861, decode.acc_seg: 98.5068, loss: 0.4708
2025-11-17 22:54:18,678 - mmseg - INFO - Iter [3700/10000]	lr: 6.633e-04, eta: 0:08:58, time: 0.075, data_time: 0.028, memory: 1168, decode.loss_ce: 0.1023, decode.loss_dice: 0.3763, decode.acc_seg: 98.3645, loss: 0.4786
2025-11-17 22:54:22,381 - mmseg - INFO - Iter [3750/10000]	lr: 6.586e-04, eta: 0:08:53, time: 0.074, data_time: 0.026, memory: 1168, decode.loss_ce: 0.1023, decode.loss_dice: 0.3814, decode.acc_seg: 98.1832, loss: 0.4837
2025-11-17 22:54:26,210 - mmseg - INFO - Iter [3800/10000]	lr: 6.539e-04, eta: 0:08:48, time: 0.077, data_time: 0.027, memory: 1168, decode.loss_ce: 0.1169, decode.loss_dice: 0.3748, decode.acc_seg: 97.9816, loss: 0.4917
2025-11-17 22:54:29,908 - mmseg - INFO - Iter [3850/10000]	lr: 6.493e-04, eta: 0:08:43, time: 0.074, data_time: 0.021, memory: 1168, decode.loss_ce: 0.0929, decode.loss_dice: 0.3784, decode.acc_seg: 98.4393, loss: 0.4713
2025-11-17 22:54:33,658 - mmseg - INFO - Iter [3900/10000]	lr: 6.446e-04, eta: 0:08:38, time: 0.075, data_time: 0.029, memory: 1168, decode.loss_ce: 0.1022, decode.loss_dice: 0.3845, decode.acc_seg: 98.2397, loss: 0.4868
2025-11-17 22:54:37,350 - mmseg - INFO - Iter [3950/10000]	lr: 6.399e-04, eta: 0:08:32, time: 0.074, data_time: 0.024, memory: 1168, decode.loss_ce: 0.1028, decode.loss_dice: 0.3913, decode.acc_seg: 98.0933, loss: 0.4941
2025-11-17 22:54:41,188 - mmseg - INFO - Exp name: pspnet.py
2025-11-17 22:54:41,188 - mmseg - INFO - Iter [4000/10000]	lr: 6.352e-04, eta: 0:08:28, time: 0.077, data_time: 0.024, memory: 1168, decode.loss_ce: 0.1086, decode.loss_dice: 0.3846, decode.acc_seg: 98.2323, loss: 0.4932
2025-11-17 22:54:47,793 - mmseg - INFO - per class results:
2025-11-17 22:54:47,794 - mmseg - INFO - 
+------------+-------+------+-------+--------+-----------+--------+-------+
|   Class    |  IoU  | HD95 |  Acc  | Fscore | Precision | Recall |  Dice |
+------------+-------+------+-------+--------+-----------+--------+-------+
| background | 98.17 | 0.28 | 99.78 | 99.08  |   98.39   | 99.78  | 99.08 |
|   Lesion   | 47.83 | 8.18 | 51.01 | 64.71  |   88.45   | 51.01  | 64.71 |
+------------+-------+------+-------+--------+-----------+--------+-------+
2025-11-17 22:54:47,794 - mmseg - INFO - Summary:
2025-11-17 22:54:47,794 - mmseg - INFO - 
+------+------+-------+------+---------+------------+---------+-------+
| aAcc | mIoU | mHD95 | mAcc | mFscore | mPrecision | mRecall | mDice |
+------+------+-------+------+---------+------------+---------+-------+
| 98.2 | 73.0 |  4.23 | 75.4 |  81.89  |   93.42    |   75.4  | 81.89 |
+------+------+-------+------+---------+------------+---------+-------+
2025-11-17 22:54:47,796 - mmseg - INFO - Exp name: pspnet.py
2025-11-17 22:54:47,796 - mmseg - INFO - Iter(val) [64]	aAcc: 0.9820, mIoU: 0.7300, mHD95: 0.0423, mAcc: 0.7540, mFscore: 0.8189, mPrecision: 0.9342, mRecall: 0.7540, mDice: 0.8189, IoU.background: 0.9817, IoU.Lesion: 0.4783, HD95.background: 0.0028, HD95.Lesion: 0.0818, Acc.background: 0.9978, Acc.Lesion: 0.5101, Fscore.background: 0.9908, Fscore.Lesion: 0.6471, Precision.background: 0.9839, Precision.Lesion: 0.8845, Recall.background: 0.9978, Recall.Lesion: 0.5101, Dice.background: 0.9908, Dice.Lesion: 0.6471
2025-11-17 22:54:51,485 - mmseg - INFO - Iter [4050/10000]	lr: 6.305e-04, eta: 0:08:32, time: 0.206, data_time: 0.165, memory: 1168, decode.loss_ce: 0.1111, decode.loss_dice: 0.3742, decode.acc_seg: 98.2383, loss: 0.4853
2025-11-17 22:54:55,392 - mmseg - INFO - Iter [4100/10000]	lr: 6.258e-04, eta: 0:08:27, time: 0.078, data_time: 0.031, memory: 1168, decode.loss_ce: 0.1070, decode.loss_dice: 0.3704, decode.acc_seg: 98.1993, loss: 0.4774
2025-11-17 22:54:59,195 - mmseg - INFO - Iter [4150/10000]	lr: 6.211e-04, eta: 0:08:22, time: 0.076, data_time: 0.028, memory: 1168, decode.loss_ce: 0.0839, decode.loss_dice: 0.3744, decode.acc_seg: 98.5850, loss: 0.4583
2025-11-17 22:55:02,965 - mmseg - INFO - Iter [4200/10000]	lr: 6.164e-04, eta: 0:08:17, time: 0.075, data_time: 0.029, memory: 1168, decode.loss_ce: 0.1120, decode.loss_dice: 0.3986, decode.acc_seg: 98.1365, loss: 0.5106
2025-11-17 22:55:06,736 - mmseg - INFO - Iter [4250/10000]	lr: 6.117e-04, eta: 0:08:12, time: 0.075, data_time: 0.032, memory: 1168, decode.loss_ce: 0.0889, decode.loss_dice: 0.3805, decode.acc_seg: 98.4502, loss: 0.4694
2025-11-17 22:55:12,727 - mmseg - INFO - Iter [4300/10000]	lr: 6.070e-04, eta: 0:08:10, time: 0.120, data_time: 0.075, memory: 1168, decode.loss_ce: 0.0872, decode.loss_dice: 0.3485, decode.acc_seg: 98.4329, loss: 0.4357
2025-11-17 22:55:16,711 - mmseg - INFO - Iter [4350/10000]	lr: 6.023e-04, eta: 0:08:06, time: 0.080, data_time: 0.037, memory: 1168, decode.loss_ce: 0.1336, decode.loss_dice: 0.4084, decode.acc_seg: 97.8812, loss: 0.5419
2025-11-17 22:55:20,544 - mmseg - INFO - Iter [4400/10000]	lr: 5.976e-04, eta: 0:08:01, time: 0.077, data_time: 0.032, memory: 1168, decode.loss_ce: 0.0916, decode.loss_dice: 0.3505, decode.acc_seg: 98.3519, loss: 0.4421
2025-11-17 22:55:24,443 - mmseg - INFO - Iter [4450/10000]	lr: 5.929e-04, eta: 0:07:56, time: 0.078, data_time: 0.034, memory: 1168, decode.loss_ce: 0.1038, decode.loss_dice: 0.3775, decode.acc_seg: 98.3945, loss: 0.4813
2025-11-17 22:55:28,166 - mmseg - INFO - Iter [4500/10000]	lr: 5.881e-04, eta: 0:07:51, time: 0.074, data_time: 0.029, memory: 1168, decode.loss_ce: 0.1105, decode.loss_dice: 0.3919, decode.acc_seg: 98.2658, loss: 0.5024
2025-11-17 22:55:32,076 - mmseg - INFO - Iter [4550/10000]	lr: 5.834e-04, eta: 0:07:46, time: 0.078, data_time: 0.037, memory: 1168, decode.loss_ce: 0.0799, decode.loss_dice: 0.3702, decode.acc_seg: 98.6047, loss: 0.4501
2025-11-17 22:55:36,105 - mmseg - INFO - Iter [4600/10000]	lr: 5.787e-04, eta: 0:07:42, time: 0.080, data_time: 0.031, memory: 1168, decode.loss_ce: 0.0810, decode.loss_dice: 0.3447, decode.acc_seg: 98.5984, loss: 0.4256
2025-11-17 22:55:39,785 - mmseg - INFO - Iter [4650/10000]	lr: 5.739e-04, eta: 0:07:37, time: 0.074, data_time: 0.022, memory: 1168, decode.loss_ce: 0.0988, decode.loss_dice: 0.3667, decode.acc_seg: 98.2999, loss: 0.4655
2025-11-17 22:55:43,569 - mmseg - INFO - Iter [4700/10000]	lr: 5.692e-04, eta: 0:07:32, time: 0.076, data_time: 0.022, memory: 1168, decode.loss_ce: 0.1201, decode.loss_dice: 0.3688, decode.acc_seg: 97.9630, loss: 0.4890
2025-11-17 22:55:47,447 - mmseg - INFO - Iter [4750/10000]	lr: 5.644e-04, eta: 0:07:27, time: 0.078, data_time: 0.023, memory: 1168, decode.loss_ce: 0.0901, decode.loss_dice: 0.3534, decode.acc_seg: 98.5170, loss: 0.4435
2025-11-17 22:55:51,201 - mmseg - INFO - Iter [4800/10000]	lr: 5.597e-04, eta: 0:07:22, time: 0.075, data_time: 0.019, memory: 1168, decode.loss_ce: 0.1157, decode.loss_dice: 0.3685, decode.acc_seg: 98.0364, loss: 0.4842
2025-11-17 22:55:54,885 - mmseg - INFO - Iter [4850/10000]	lr: 5.549e-04, eta: 0:07:17, time: 0.074, data_time: 0.020, memory: 1168, decode.loss_ce: 0.0955, decode.loss_dice: 0.3578, decode.acc_seg: 98.4230, loss: 0.4533
2025-11-17 22:55:58,714 - mmseg - INFO - Iter [4900/10000]	lr: 5.502e-04, eta: 0:07:13, time: 0.077, data_time: 0.025, memory: 1168, decode.loss_ce: 0.1055, decode.loss_dice: 0.3664, decode.acc_seg: 98.0567, loss: 0.4719
2025-11-17 22:56:02,454 - mmseg - INFO - Iter [4950/10000]	lr: 5.454e-04, eta: 0:07:08, time: 0.075, data_time: 0.023, memory: 1168, decode.loss_ce: 0.0786, decode.loss_dice: 0.3714, decode.acc_seg: 98.5779, loss: 0.4499
2025-11-17 22:56:06,245 - mmseg - INFO - Exp name: pspnet.py
2025-11-17 22:56:06,246 - mmseg - INFO - Iter [5000/10000]	lr: 5.406e-04, eta: 0:07:03, time: 0.076, data_time: 0.023, memory: 1168, decode.loss_ce: 0.0994, decode.loss_dice: 0.3559, decode.acc_seg: 98.3546, loss: 0.4553
2025-11-17 22:56:12,914 - mmseg - INFO - per class results:
2025-11-17 22:56:12,915 - mmseg - INFO - 
+------------+-------+------+-------+--------+-----------+--------+-------+
|   Class    |  IoU  | HD95 |  Acc  | Fscore | Precision | Recall |  Dice |
+------------+-------+------+-------+--------+-----------+--------+-------+
| background | 98.38 | 0.19 | 99.42 | 99.18  |   98.94   | 99.42  | 99.18 |
|   Lesion   | 58.11 | 5.32 | 68.15 | 73.51  |   79.78   | 68.15  | 73.51 |
+------------+-------+------+-------+--------+-----------+--------+-------+
2025-11-17 22:56:12,915 - mmseg - INFO - Summary:
2025-11-17 22:56:12,915 - mmseg - INFO - 
+-------+-------+-------+-------+---------+------------+---------+-------+
|  aAcc |  mIoU | mHD95 |  mAcc | mFscore | mPrecision | mRecall | mDice |
+-------+-------+-------+-------+---------+------------+---------+-------+
| 98.41 | 78.25 |  2.75 | 83.79 |  86.35  |   89.36    |  83.79  | 86.35 |
+-------+-------+-------+-------+---------+------------+---------+-------+
2025-11-17 22:56:12,918 - mmseg - INFO - Exp name: pspnet.py
2025-11-17 22:56:12,918 - mmseg - INFO - Iter(val) [64]	aAcc: 0.9841, mIoU: 0.7825, mHD95: 0.0275, mAcc: 0.8379, mFscore: 0.8635, mPrecision: 0.8936, mRecall: 0.8379, mDice: 0.8635, IoU.background: 0.9838, IoU.Lesion: 0.5811, HD95.background: 0.0019, HD95.Lesion: 0.0532, Acc.background: 0.9942, Acc.Lesion: 0.6815, Fscore.background: 0.9918, Fscore.Lesion: 0.7351, Precision.background: 0.9894, Precision.Lesion: 0.7978, Recall.background: 0.9942, Recall.Lesion: 0.6815, Dice.background: 0.9918, Dice.Lesion: 0.7351
2025-11-17 22:56:16,565 - mmseg - INFO - Iter [5050/10000]	lr: 5.358e-04, eta: 0:07:05, time: 0.206, data_time: 0.163, memory: 1168, decode.loss_ce: 0.0820, decode.loss_dice: 0.3480, decode.acc_seg: 98.5392, loss: 0.4300
2025-11-17 22:56:20,418 - mmseg - INFO - Iter [5100/10000]	lr: 5.311e-04, eta: 0:07:00, time: 0.077, data_time: 0.030, memory: 1168, decode.loss_ce: 0.0993, decode.loss_dice: 0.3565, decode.acc_seg: 98.3011, loss: 0.4558
2025-11-17 22:56:24,131 - mmseg - INFO - Iter [5150/10000]	lr: 5.263e-04, eta: 0:06:55, time: 0.074, data_time: 0.022, memory: 1168, decode.loss_ce: 0.1152, decode.loss_dice: 0.3641, decode.acc_seg: 98.0363, loss: 0.4793
2025-11-17 22:56:27,867 - mmseg - INFO - Iter [5200/10000]	lr: 5.215e-04, eta: 0:06:51, time: 0.075, data_time: 0.024, memory: 1168, decode.loss_ce: 0.0789, decode.loss_dice: 0.3693, decode.acc_seg: 98.6516, loss: 0.4482
2025-11-17 22:56:31,590 - mmseg - INFO - Iter [5250/10000]	lr: 5.167e-04, eta: 0:06:46, time: 0.074, data_time: 0.019, memory: 1168, decode.loss_ce: 0.0886, decode.loss_dice: 0.3805, decode.acc_seg: 98.5593, loss: 0.4691
2025-11-17 22:56:35,394 - mmseg - INFO - Iter [5300/10000]	lr: 5.119e-04, eta: 0:06:41, time: 0.076, data_time: 0.018, memory: 1168, decode.loss_ce: 0.0991, decode.loss_dice: 0.3696, decode.acc_seg: 98.2962, loss: 0.4687
2025-11-17 22:56:39,103 - mmseg - INFO - Iter [5350/10000]	lr: 5.071e-04, eta: 0:06:36, time: 0.074, data_time: 0.024, memory: 1168, decode.loss_ce: 0.0912, decode.loss_dice: 0.3590, decode.acc_seg: 98.3388, loss: 0.4502
2025-11-17 22:56:42,808 - mmseg - INFO - Iter [5400/10000]	lr: 5.023e-04, eta: 0:06:32, time: 0.074, data_time: 0.024, memory: 1168, decode.loss_ce: 0.0887, decode.loss_dice: 0.3657, decode.acc_seg: 98.4485, loss: 0.4544
2025-11-17 22:56:46,616 - mmseg - INFO - Iter [5450/10000]	lr: 4.975e-04, eta: 0:06:27, time: 0.076, data_time: 0.027, memory: 1168, decode.loss_ce: 0.1196, decode.loss_dice: 0.3816, decode.acc_seg: 97.9311, loss: 0.5012
2025-11-17 22:56:50,391 - mmseg - INFO - Iter [5500/10000]	lr: 4.926e-04, eta: 0:06:22, time: 0.076, data_time: 0.027, memory: 1168, decode.loss_ce: 0.1140, decode.loss_dice: 0.3584, decode.acc_seg: 98.1259, loss: 0.4725
2025-11-17 22:56:54,140 - mmseg - INFO - Iter [5550/10000]	lr: 4.878e-04, eta: 0:06:18, time: 0.075, data_time: 0.025, memory: 1168, decode.loss_ce: 0.1008, decode.loss_dice: 0.3580, decode.acc_seg: 98.2780, loss: 0.4587
2025-11-17 22:56:58,024 - mmseg - INFO - Iter [5600/10000]	lr: 4.830e-04, eta: 0:06:13, time: 0.078, data_time: 0.031, memory: 1168, decode.loss_ce: 0.1027, decode.loss_dice: 0.3736, decode.acc_seg: 98.1751, loss: 0.4763
2025-11-17 22:57:01,827 - mmseg - INFO - Iter [5650/10000]	lr: 4.781e-04, eta: 0:06:09, time: 0.076, data_time: 0.022, memory: 1168, decode.loss_ce: 0.0852, decode.loss_dice: 0.3379, decode.acc_seg: 98.4503, loss: 0.4231
2025-11-17 22:57:07,863 - mmseg - INFO - Iter [5700/10000]	lr: 4.733e-04, eta: 0:06:06, time: 0.121, data_time: 0.072, memory: 1168, decode.loss_ce: 0.0717, decode.loss_dice: 0.3466, decode.acc_seg: 98.7474, loss: 0.4183
2025-11-17 22:57:11,705 - mmseg - INFO - Iter [5750/10000]	lr: 4.684e-04, eta: 0:06:01, time: 0.077, data_time: 0.026, memory: 1168, decode.loss_ce: 0.1003, decode.loss_dice: 0.3468, decode.acc_seg: 98.3733, loss: 0.4472
2025-11-17 22:57:15,575 - mmseg - INFO - Iter [5800/10000]	lr: 4.636e-04, eta: 0:05:57, time: 0.077, data_time: 0.025, memory: 1168, decode.loss_ce: 0.1190, decode.loss_dice: 0.3532, decode.acc_seg: 98.0801, loss: 0.4722
2025-11-17 22:57:19,445 - mmseg - INFO - Iter [5850/10000]	lr: 4.587e-04, eta: 0:05:52, time: 0.077, data_time: 0.026, memory: 1168, decode.loss_ce: 0.0865, decode.loss_dice: 0.3462, decode.acc_seg: 98.5334, loss: 0.4328
2025-11-17 22:57:23,325 - mmseg - INFO - Iter [5900/10000]	lr: 4.538e-04, eta: 0:05:48, time: 0.078, data_time: 0.023, memory: 1168, decode.loss_ce: 0.0858, decode.loss_dice: 0.3610, decode.acc_seg: 98.5473, loss: 0.4468
2025-11-17 22:57:27,053 - mmseg - INFO - Iter [5950/10000]	lr: 4.490e-04, eta: 0:05:43, time: 0.074, data_time: 0.023, memory: 1168, decode.loss_ce: 0.0959, decode.loss_dice: 0.3566, decode.acc_seg: 98.3783, loss: 0.4525
2025-11-17 22:57:30,740 - mmseg - INFO - Exp name: pspnet.py
2025-11-17 22:57:30,740 - mmseg - INFO - Iter [6000/10000]	lr: 4.441e-04, eta: 0:05:38, time: 0.074, data_time: 0.025, memory: 1168, decode.loss_ce: 0.0802, decode.loss_dice: 0.3347, decode.acc_seg: 98.6625, loss: 0.4149
2025-11-17 22:57:39,348 - mmseg - INFO - per class results:
2025-11-17 22:57:39,349 - mmseg - INFO - 
+------------+-------+------+-------+--------+-----------+--------+-------+
|   Class    |  IoU  | HD95 |  Acc  | Fscore | Precision | Recall |  Dice |
+------------+-------+------+-------+--------+-----------+--------+-------+
| background |  98.5 | 0.17 | 99.44 | 99.24  |   99.05   | 99.44  | 99.24 |
|   Lesion   | 61.12 | 4.78 | 71.37 | 75.87  |   80.98   | 71.37  | 75.87 |
+------------+-------+------+-------+--------+-----------+--------+-------+
2025-11-17 22:57:39,349 - mmseg - INFO - Summary:
2025-11-17 22:57:39,350 - mmseg - INFO - 
+-------+-------+-------+-------+---------+------------+---------+-------+
|  aAcc |  mIoU | mHD95 |  mAcc | mFscore | mPrecision | mRecall | mDice |
+-------+-------+-------+-------+---------+------------+---------+-------+
| 98.54 | 79.81 |  2.48 | 85.41 |  87.56  |   90.01    |  85.41  | 87.56 |
+-------+-------+-------+-------+---------+------------+---------+-------+
2025-11-17 22:57:39,353 - mmseg - INFO - Exp name: pspnet.py
2025-11-17 22:57:39,354 - mmseg - INFO - Iter(val) [64]	aAcc: 0.9854, mIoU: 0.7981, mHD95: 0.0248, mAcc: 0.8541, mFscore: 0.8756, mPrecision: 0.9001, mRecall: 0.8541, mDice: 0.8756, IoU.background: 0.9850, IoU.Lesion: 0.6112, HD95.background: 0.0017, HD95.Lesion: 0.0478, Acc.background: 0.9944, Acc.Lesion: 0.7137, Fscore.background: 0.9924, Fscore.Lesion: 0.7587, Precision.background: 0.9905, Precision.Lesion: 0.8098, Recall.background: 0.9944, Recall.Lesion: 0.7137, Dice.background: 0.9924, Dice.Lesion: 0.7587
2025-11-17 22:57:43,150 - mmseg - INFO - Iter [6050/10000]	lr: 4.392e-04, eta: 0:05:39, time: 0.248, data_time: 0.202, memory: 1168, decode.loss_ce: 0.1129, decode.loss_dice: 0.3591, decode.acc_seg: 98.0983, loss: 0.4719
2025-11-17 22:57:46,973 - mmseg - INFO - Iter [6100/10000]	lr: 4.343e-04, eta: 0:05:35, time: 0.077, data_time: 0.027, memory: 1168, decode.loss_ce: 0.1008, decode.loss_dice: 0.3741, decode.acc_seg: 98.1752, loss: 0.4749
2025-11-17 22:57:50,792 - mmseg - INFO - Iter [6150/10000]	lr: 4.294e-04, eta: 0:05:30, time: 0.076, data_time: 0.031, memory: 1168, decode.loss_ce: 0.0912, decode.loss_dice: 0.3461, decode.acc_seg: 98.4522, loss: 0.4373
2025-11-17 22:57:54,535 - mmseg - INFO - Iter [6200/10000]	lr: 4.245e-04, eta: 0:05:26, time: 0.075, data_time: 0.031, memory: 1168, decode.loss_ce: 0.0832, decode.loss_dice: 0.3269, decode.acc_seg: 98.5622, loss: 0.4101
2025-11-17 22:57:58,274 - mmseg - INFO - Iter [6250/10000]	lr: 4.196e-04, eta: 0:05:21, time: 0.075, data_time: 0.030, memory: 1168, decode.loss_ce: 0.1007, decode.loss_dice: 0.3612, decode.acc_seg: 98.3469, loss: 0.4619
2025-11-17 22:58:02,122 - mmseg - INFO - Iter [6300/10000]	lr: 4.147e-04, eta: 0:05:16, time: 0.077, data_time: 0.029, memory: 1168, decode.loss_ce: 0.0982, decode.loss_dice: 0.3571, decode.acc_seg: 98.2987, loss: 0.4553
2025-11-17 22:58:05,824 - mmseg - INFO - Iter [6350/10000]	lr: 4.098e-04, eta: 0:05:12, time: 0.074, data_time: 0.029, memory: 1168, decode.loss_ce: 0.0917, decode.loss_dice: 0.3384, decode.acc_seg: 98.5276, loss: 0.4301
2025-11-17 22:58:09,612 - mmseg - INFO - Iter [6400/10000]	lr: 4.048e-04, eta: 0:05:07, time: 0.076, data_time: 0.030, memory: 1168, decode.loss_ce: 0.1041, decode.loss_dice: 0.3435, decode.acc_seg: 98.1954, loss: 0.4476
2025-11-17 22:58:13,476 - mmseg - INFO - Iter [6450/10000]	lr: 3.999e-04, eta: 0:05:03, time: 0.077, data_time: 0.032, memory: 1168, decode.loss_ce: 0.0877, decode.loss_dice: 0.3566, decode.acc_seg: 98.4168, loss: 0.4443
2025-11-17 22:58:17,275 - mmseg - INFO - Iter [6500/10000]	lr: 3.950e-04, eta: 0:04:58, time: 0.076, data_time: 0.025, memory: 1168, decode.loss_ce: 0.0763, decode.loss_dice: 0.3340, decode.acc_seg: 98.6673, loss: 0.4103
2025-11-17 22:58:21,068 - mmseg - INFO - Iter [6550/10000]	lr: 3.900e-04, eta: 0:04:54, time: 0.076, data_time: 0.028, memory: 1168, decode.loss_ce: 0.0822, decode.loss_dice: 0.3537, decode.acc_seg: 98.5578, loss: 0.4359
2025-11-17 22:58:24,903 - mmseg - INFO - Iter [6600/10000]	lr: 3.850e-04, eta: 0:04:49, time: 0.077, data_time: 0.025, memory: 1168, decode.loss_ce: 0.0881, decode.loss_dice: 0.3248, decode.acc_seg: 98.5283, loss: 0.4129
2025-11-17 22:58:28,850 - mmseg - INFO - Iter [6650/10000]	lr: 3.801e-04, eta: 0:04:45, time: 0.079, data_time: 0.026, memory: 1168, decode.loss_ce: 0.0994, decode.loss_dice: 0.3334, decode.acc_seg: 98.2596, loss: 0.4328
2025-11-17 22:58:32,658 - mmseg - INFO - Iter [6700/10000]	lr: 3.751e-04, eta: 0:04:40, time: 0.076, data_time: 0.022, memory: 1168, decode.loss_ce: 0.0709, decode.loss_dice: 0.3538, decode.acc_seg: 98.7732, loss: 0.4246
2025-11-17 22:58:36,423 - mmseg - INFO - Iter [6750/10000]	lr: 3.701e-04, eta: 0:04:36, time: 0.075, data_time: 0.024, memory: 1168, decode.loss_ce: 0.0785, decode.loss_dice: 0.3407, decode.acc_seg: 98.6967, loss: 0.4192
2025-11-17 22:58:40,248 - mmseg - INFO - Iter [6800/10000]	lr: 3.651e-04, eta: 0:04:31, time: 0.076, data_time: 0.026, memory: 1168, decode.loss_ce: 0.0873, decode.loss_dice: 0.3416, decode.acc_seg: 98.4954, loss: 0.4288
2025-11-17 22:58:44,133 - mmseg - INFO - Iter [6850/10000]	lr: 3.601e-04, eta: 0:04:27, time: 0.078, data_time: 0.029, memory: 1168, decode.loss_ce: 0.0981, decode.loss_dice: 0.3567, decode.acc_seg: 98.4108, loss: 0.4548
2025-11-17 22:58:48,048 - mmseg - INFO - Iter [6900/10000]	lr: 3.551e-04, eta: 0:04:23, time: 0.078, data_time: 0.031, memory: 1168, decode.loss_ce: 0.0817, decode.loss_dice: 0.3161, decode.acc_seg: 98.5432, loss: 0.3978
2025-11-17 22:58:51,887 - mmseg - INFO - Iter [6950/10000]	lr: 3.501e-04, eta: 0:04:18, time: 0.077, data_time: 0.030, memory: 1168, decode.loss_ce: 0.0953, decode.loss_dice: 0.3512, decode.acc_seg: 98.3120, loss: 0.4465
2025-11-17 22:58:55,640 - mmseg - INFO - Exp name: pspnet.py
2025-11-17 22:58:55,640 - mmseg - INFO - Iter [7000/10000]	lr: 3.451e-04, eta: 0:04:14, time: 0.075, data_time: 0.027, memory: 1168, decode.loss_ce: 0.1243, decode.loss_dice: 0.3656, decode.acc_seg: 97.8231, loss: 0.4899
2025-11-17 22:59:02,894 - mmseg - INFO - per class results:
2025-11-17 22:59:02,895 - mmseg - INFO - 
+------------+-------+------+-------+--------+-----------+--------+-------+
|   Class    |  IoU  | HD95 |  Acc  | Fscore | Precision | Recall |  Dice |
+------------+-------+------+-------+--------+-----------+--------+-------+
| background | 98.32 | 0.18 | 99.33 | 99.15  |   98.97   | 99.33  | 99.15 |
|   Lesion   | 57.52 | 5.18 |  69.0 | 73.03  |   77.56   |  69.0  | 73.03 |
+------------+-------+------+-------+--------+-----------+--------+-------+
2025-11-17 22:59:02,895 - mmseg - INFO - Summary:
2025-11-17 22:59:02,895 - mmseg - INFO - 
+-------+-------+-------+-------+---------+------------+---------+-------+
|  aAcc |  mIoU | mHD95 |  mAcc | mFscore | mPrecision | mRecall | mDice |
+-------+-------+-------+-------+---------+------------+---------+-------+
| 98.36 | 77.92 |  2.68 | 84.17 |  86.09  |   88.27    |  84.17  | 86.09 |
+-------+-------+-------+-------+---------+------------+---------+-------+
2025-11-17 22:59:02,897 - mmseg - INFO - Exp name: pspnet.py
2025-11-17 22:59:02,898 - mmseg - INFO - Iter(val) [64]	aAcc: 0.9836, mIoU: 0.7792, mHD95: 0.0268, mAcc: 0.8417, mFscore: 0.8609, mPrecision: 0.8827, mRecall: 0.8417, mDice: 0.8609, IoU.background: 0.9832, IoU.Lesion: 0.5752, HD95.background: 0.0018, HD95.Lesion: 0.0518, Acc.background: 0.9933, Acc.Lesion: 0.6900, Fscore.background: 0.9915, Fscore.Lesion: 0.7303, Precision.background: 0.9897, Precision.Lesion: 0.7756, Recall.background: 0.9933, Recall.Lesion: 0.6900, Dice.background: 0.9915, Dice.Lesion: 0.7303
2025-11-17 22:59:06,509 - mmseg - INFO - Iter [7050/10000]	lr: 3.401e-04, eta: 0:04:12, time: 0.217, data_time: 0.175, memory: 1168, decode.loss_ce: 0.0739, decode.loss_dice: 0.3332, decode.acc_seg: 98.6917, loss: 0.4071
2025-11-17 22:59:10,276 - mmseg - INFO - Iter [7100/10000]	lr: 3.350e-04, eta: 0:04:08, time: 0.075, data_time: 0.029, memory: 1168, decode.loss_ce: 0.0880, decode.loss_dice: 0.3505, decode.acc_seg: 98.4909, loss: 0.4385
2025-11-17 22:59:16,205 - mmseg - INFO - Iter [7150/10000]	lr: 3.300e-04, eta: 0:04:04, time: 0.119, data_time: 0.070, memory: 1168, decode.loss_ce: 0.0820, decode.loss_dice: 0.3360, decode.acc_seg: 98.6121, loss: 0.4180
2025-11-17 22:59:20,107 - mmseg - INFO - Iter [7200/10000]	lr: 3.249e-04, eta: 0:04:00, time: 0.078, data_time: 0.029, memory: 1168, decode.loss_ce: 0.0933, decode.loss_dice: 0.3407, decode.acc_seg: 98.4630, loss: 0.4339
2025-11-17 22:59:24,042 - mmseg - INFO - Iter [7250/10000]	lr: 3.199e-04, eta: 0:03:55, time: 0.079, data_time: 0.025, memory: 1168, decode.loss_ce: 0.1056, decode.loss_dice: 0.3479, decode.acc_seg: 98.1405, loss: 0.4535
2025-11-17 22:59:27,851 - mmseg - INFO - Iter [7300/10000]	lr: 3.148e-04, eta: 0:03:51, time: 0.076, data_time: 0.025, memory: 1168, decode.loss_ce: 0.0922, decode.loss_dice: 0.3492, decode.acc_seg: 98.4774, loss: 0.4413
2025-11-17 22:59:31,585 - mmseg - INFO - Iter [7350/10000]	lr: 3.097e-04, eta: 0:03:46, time: 0.075, data_time: 0.025, memory: 1168, decode.loss_ce: 0.0720, decode.loss_dice: 0.3256, decode.acc_seg: 98.7586, loss: 0.3976
2025-11-17 22:59:35,356 - mmseg - INFO - Iter [7400/10000]	lr: 3.046e-04, eta: 0:03:42, time: 0.075, data_time: 0.023, memory: 1168, decode.loss_ce: 0.0869, decode.loss_dice: 0.3534, decode.acc_seg: 98.5046, loss: 0.4403
2025-11-17 22:59:39,121 - mmseg - INFO - Iter [7450/10000]	lr: 2.995e-04, eta: 0:03:37, time: 0.075, data_time: 0.030, memory: 1168, decode.loss_ce: 0.0800, decode.loss_dice: 0.3168, decode.acc_seg: 98.6164, loss: 0.3969
2025-11-17 22:59:43,155 - mmseg - INFO - Iter [7500/10000]	lr: 2.944e-04, eta: 0:03:33, time: 0.081, data_time: 0.036, memory: 1168, decode.loss_ce: 0.0712, decode.loss_dice: 0.3023, decode.acc_seg: 98.7388, loss: 0.3735
2025-11-17 22:59:47,097 - mmseg - INFO - Iter [7550/10000]	lr: 2.893e-04, eta: 0:03:29, time: 0.079, data_time: 0.030, memory: 1168, decode.loss_ce: 0.0854, decode.loss_dice: 0.3288, decode.acc_seg: 98.5199, loss: 0.4142
2025-11-17 22:59:50,795 - mmseg - INFO - Iter [7600/10000]	lr: 2.841e-04, eta: 0:03:24, time: 0.074, data_time: 0.023, memory: 1168, decode.loss_ce: 0.1045, decode.loss_dice: 0.3276, decode.acc_seg: 98.1029, loss: 0.4321
2025-11-17 22:59:54,559 - mmseg - INFO - Iter [7650/10000]	lr: 2.790e-04, eta: 0:03:20, time: 0.075, data_time: 0.025, memory: 1168, decode.loss_ce: 0.0857, decode.loss_dice: 0.3296, decode.acc_seg: 98.4999, loss: 0.4153
2025-11-17 22:59:58,332 - mmseg - INFO - Iter [7700/10000]	lr: 2.739e-04, eta: 0:03:15, time: 0.075, data_time: 0.023, memory: 1168, decode.loss_ce: 0.0852, decode.loss_dice: 0.3270, decode.acc_seg: 98.5233, loss: 0.4123
2025-11-17 23:00:01,981 - mmseg - INFO - Iter [7750/10000]	lr: 2.687e-04, eta: 0:03:11, time: 0.073, data_time: 0.026, memory: 1168, decode.loss_ce: 0.0882, decode.loss_dice: 0.3300, decode.acc_seg: 98.3712, loss: 0.4182
2025-11-17 23:00:05,716 - mmseg - INFO - Iter [7800/10000]	lr: 2.635e-04, eta: 0:03:07, time: 0.075, data_time: 0.030, memory: 1168, decode.loss_ce: 0.0709, decode.loss_dice: 0.3313, decode.acc_seg: 98.7837, loss: 0.4021
2025-11-17 23:00:09,461 - mmseg - INFO - Iter [7850/10000]	lr: 2.583e-04, eta: 0:03:02, time: 0.075, data_time: 0.030, memory: 1168, decode.loss_ce: 0.0649, decode.loss_dice: 0.3260, decode.acc_seg: 98.9046, loss: 0.3909
2025-11-17 23:00:13,205 - mmseg - INFO - Iter [7900/10000]	lr: 2.531e-04, eta: 0:02:58, time: 0.075, data_time: 0.029, memory: 1168, decode.loss_ce: 0.0959, decode.loss_dice: 0.3425, decode.acc_seg: 98.2179, loss: 0.4384
2025-11-17 23:00:17,020 - mmseg - INFO - Iter [7950/10000]	lr: 2.479e-04, eta: 0:02:53, time: 0.076, data_time: 0.031, memory: 1168, decode.loss_ce: 0.0766, decode.loss_dice: 0.3283, decode.acc_seg: 98.6129, loss: 0.4049
2025-11-17 23:00:20,776 - mmseg - INFO - Exp name: pspnet.py
2025-11-17 23:00:20,776 - mmseg - INFO - Iter [8000/10000]	lr: 2.427e-04, eta: 0:02:49, time: 0.075, data_time: 0.029, memory: 1168, decode.loss_ce: 0.0837, decode.loss_dice: 0.3447, decode.acc_seg: 98.5308, loss: 0.4285
2025-11-17 23:00:27,383 - mmseg - INFO - per class results:
2025-11-17 23:00:27,384 - mmseg - INFO - 
+------------+-------+------+-------+--------+-----------+--------+-------+
|   Class    |  IoU  | HD95 |  Acc  | Fscore | Precision | Recall |  Dice |
+------------+-------+------+-------+--------+-----------+--------+-------+
| background | 98.27 | 0.18 | 99.28 | 99.13  |   98.98   | 99.28  | 99.13 |
|   Lesion   | 56.92 | 5.14 | 69.21 | 72.54  |   76.21   | 69.21  | 72.54 |
+------------+-------+------+-------+--------+-----------+--------+-------+
2025-11-17 23:00:27,385 - mmseg - INFO - Summary:
2025-11-17 23:00:27,385 - mmseg - INFO - 
+-------+-------+-------+-------+---------+------------+---------+-------+
|  aAcc |  mIoU | mHD95 |  mAcc | mFscore | mPrecision | mRecall | mDice |
+-------+-------+-------+-------+---------+------------+---------+-------+
| 98.31 | 77.59 |  2.66 | 84.25 |  85.84  |   87.59    |  84.25  | 85.84 |
+-------+-------+-------+-------+---------+------------+---------+-------+
2025-11-17 23:00:27,387 - mmseg - INFO - Exp name: pspnet.py
2025-11-17 23:00:27,388 - mmseg - INFO - Iter(val) [64]	aAcc: 0.9831, mIoU: 0.7759, mHD95: 0.0266, mAcc: 0.8425, mFscore: 0.8584, mPrecision: 0.8759, mRecall: 0.8425, mDice: 0.8584, IoU.background: 0.9827, IoU.Lesion: 0.5692, HD95.background: 0.0018, HD95.Lesion: 0.0514, Acc.background: 0.9928, Acc.Lesion: 0.6921, Fscore.background: 0.9913, Fscore.Lesion: 0.7254, Precision.background: 0.9898, Precision.Lesion: 0.7621, Recall.background: 0.9928, Recall.Lesion: 0.6921, Dice.background: 0.9913, Dice.Lesion: 0.7254
2025-11-17 23:00:30,976 - mmseg - INFO - Iter [8050/10000]	lr: 2.374e-04, eta: 0:02:46, time: 0.204, data_time: 0.163, memory: 1168, decode.loss_ce: 0.0944, decode.loss_dice: 0.3468, decode.acc_seg: 98.3810, loss: 0.4412
2025-11-17 23:00:34,829 - mmseg - INFO - Iter [8100/10000]	lr: 2.322e-04, eta: 0:02:42, time: 0.077, data_time: 0.030, memory: 1168, decode.loss_ce: 0.0781, decode.loss_dice: 0.3246, decode.acc_seg: 98.6165, loss: 0.4026
2025-11-17 23:00:38,577 - mmseg - INFO - Iter [8150/10000]	lr: 2.269e-04, eta: 0:02:38, time: 0.075, data_time: 0.030, memory: 1168, decode.loss_ce: 0.0893, decode.loss_dice: 0.3474, decode.acc_seg: 98.3860, loss: 0.4367
2025-11-17 23:00:42,430 - mmseg - INFO - Iter [8200/10000]	lr: 2.216e-04, eta: 0:02:33, time: 0.077, data_time: 0.030, memory: 1168, decode.loss_ce: 0.0765, decode.loss_dice: 0.3401, decode.acc_seg: 98.5841, loss: 0.4167
2025-11-17 23:00:46,218 - mmseg - INFO - Iter [8250/10000]	lr: 2.163e-04, eta: 0:02:29, time: 0.076, data_time: 0.029, memory: 1168, decode.loss_ce: 0.1007, decode.loss_dice: 0.3190, decode.acc_seg: 98.2584, loss: 0.4196
2025-11-17 23:00:50,103 - mmseg - INFO - Iter [8300/10000]	lr: 2.110e-04, eta: 0:02:24, time: 0.078, data_time: 0.026, memory: 1168, decode.loss_ce: 0.0787, decode.loss_dice: 0.3330, decode.acc_seg: 98.6165, loss: 0.4117
2025-11-17 23:00:53,862 - mmseg - INFO - Iter [8350/10000]	lr: 2.057e-04, eta: 0:02:20, time: 0.075, data_time: 0.024, memory: 1168, decode.loss_ce: 0.0861, decode.loss_dice: 0.3193, decode.acc_seg: 98.3486, loss: 0.4054
2025-11-17 23:00:57,590 - mmseg - INFO - Iter [8400/10000]	lr: 2.004e-04, eta: 0:02:16, time: 0.075, data_time: 0.022, memory: 1168, decode.loss_ce: 0.0843, decode.loss_dice: 0.3201, decode.acc_seg: 98.4207, loss: 0.4045
2025-11-17 23:01:01,397 - mmseg - INFO - Iter [8450/10000]	lr: 1.950e-04, eta: 0:02:11, time: 0.076, data_time: 0.026, memory: 1168, decode.loss_ce: 0.0823, decode.loss_dice: 0.3420, decode.acc_seg: 98.5977, loss: 0.4243
2025-11-17 23:01:05,119 - mmseg - INFO - Iter [8500/10000]	lr: 1.896e-04, eta: 0:02:07, time: 0.074, data_time: 0.023, memory: 1168, decode.loss_ce: 0.0847, decode.loss_dice: 0.3335, decode.acc_seg: 98.5226, loss: 0.4182
2025-11-17 23:01:11,189 - mmseg - INFO - Iter [8550/10000]	lr: 1.842e-04, eta: 0:02:03, time: 0.121, data_time: 0.070, memory: 1168, decode.loss_ce: 0.0758, decode.loss_dice: 0.3325, decode.acc_seg: 98.6630, loss: 0.4083
2025-11-17 23:01:15,184 - mmseg - INFO - Iter [8600/10000]	lr: 1.788e-04, eta: 0:01:59, time: 0.080, data_time: 0.025, memory: 1168, decode.loss_ce: 0.1037, decode.loss_dice: 0.3384, decode.acc_seg: 98.2752, loss: 0.4421
2025-11-17 23:01:18,960 - mmseg - INFO - Iter [8650/10000]	lr: 1.734e-04, eta: 0:01:54, time: 0.076, data_time: 0.021, memory: 1168, decode.loss_ce: 0.0876, decode.loss_dice: 0.3197, decode.acc_seg: 98.4896, loss: 0.4073
2025-11-17 23:01:22,710 - mmseg - INFO - Iter [8700/10000]	lr: 1.679e-04, eta: 0:01:50, time: 0.075, data_time: 0.023, memory: 1168, decode.loss_ce: 0.0798, decode.loss_dice: 0.3145, decode.acc_seg: 98.6072, loss: 0.3943
2025-11-17 23:01:26,573 - mmseg - INFO - Iter [8750/10000]	lr: 1.625e-04, eta: 0:01:46, time: 0.077, data_time: 0.030, memory: 1168, decode.loss_ce: 0.0835, decode.loss_dice: 0.3182, decode.acc_seg: 98.5234, loss: 0.4017
2025-11-17 23:01:30,589 - mmseg - INFO - Iter [8800/10000]	lr: 1.570e-04, eta: 0:01:42, time: 0.080, data_time: 0.029, memory: 1168, decode.loss_ce: 0.0872, decode.loss_dice: 0.3293, decode.acc_seg: 98.4380, loss: 0.4165
2025-11-17 23:01:34,445 - mmseg - INFO - Iter [8850/10000]	lr: 1.515e-04, eta: 0:01:37, time: 0.077, data_time: 0.029, memory: 1168, decode.loss_ce: 0.0773, decode.loss_dice: 0.3172, decode.acc_seg: 98.5917, loss: 0.3944
2025-11-17 23:01:38,208 - mmseg - INFO - Iter [8900/10000]	lr: 1.459e-04, eta: 0:01:33, time: 0.075, data_time: 0.024, memory: 1168, decode.loss_ce: 0.0892, decode.loss_dice: 0.3309, decode.acc_seg: 98.4355, loss: 0.4201
2025-11-17 23:01:41,914 - mmseg - INFO - Iter [8950/10000]	lr: 1.403e-04, eta: 0:01:29, time: 0.074, data_time: 0.024, memory: 1168, decode.loss_ce: 0.0722, decode.loss_dice: 0.3203, decode.acc_seg: 98.7007, loss: 0.3925
2025-11-17 23:01:45,679 - mmseg - INFO - Exp name: pspnet.py
2025-11-17 23:01:45,679 - mmseg - INFO - Iter [9000/10000]	lr: 1.347e-04, eta: 0:01:24, time: 0.075, data_time: 0.024, memory: 1168, decode.loss_ce: 0.0652, decode.loss_dice: 0.3042, decode.acc_seg: 98.8510, loss: 0.3694
2025-11-17 23:01:52,233 - mmseg - INFO - per class results:
2025-11-17 23:01:52,234 - mmseg - INFO - 
+------------+-------+------+-------+--------+-----------+--------+-------+
|   Class    |  IoU  | HD95 |  Acc  | Fscore | Precision | Recall |  Dice |
+------------+-------+------+-------+--------+-----------+--------+-------+
| background | 98.28 | 0.21 | 99.45 | 99.13  |   98.82   | 99.45  | 99.13 |
|   Lesion   | 55.21 | 5.96 | 64.32 | 71.14  |   79.58   | 64.32  | 71.14 |
+------------+-------+------+-------+--------+-----------+--------+-------+
2025-11-17 23:01:52,238 - mmseg - INFO - Summary:
2025-11-17 23:01:52,239 - mmseg - INFO - 
+-------+-------+-------+-------+---------+------------+---------+-------+
|  aAcc |  mIoU | mHD95 |  mAcc | mFscore | mPrecision | mRecall | mDice |
+-------+-------+-------+-------+---------+------------+---------+-------+
| 98.32 | 76.74 |  3.08 | 81.89 |  85.14  |    89.2    |  81.89  | 85.14 |
+-------+-------+-------+-------+---------+------------+---------+-------+
2025-11-17 23:01:52,241 - mmseg - INFO - Exp name: pspnet.py
2025-11-17 23:01:52,241 - mmseg - INFO - Iter(val) [64]	aAcc: 0.9832, mIoU: 0.7674, mHD95: 0.0308, mAcc: 0.8189, mFscore: 0.8514, mPrecision: 0.8920, mRecall: 0.8189, mDice: 0.8514, IoU.background: 0.9828, IoU.Lesion: 0.5521, HD95.background: 0.0021, HD95.Lesion: 0.0596, Acc.background: 0.9945, Acc.Lesion: 0.6432, Fscore.background: 0.9913, Fscore.Lesion: 0.7114, Precision.background: 0.9882, Precision.Lesion: 0.7958, Recall.background: 0.9945, Recall.Lesion: 0.6432, Dice.background: 0.9913, Dice.Lesion: 0.7114
2025-11-17 23:01:55,831 - mmseg - INFO - Iter [9050/10000]	lr: 1.291e-04, eta: 0:01:21, time: 0.203, data_time: 0.161, memory: 1168, decode.loss_ce: 0.1019, decode.loss_dice: 0.3576, decode.acc_seg: 98.2250, loss: 0.4595
2025-11-17 23:01:59,624 - mmseg - INFO - Iter [9100/10000]	lr: 1.235e-04, eta: 0:01:16, time: 0.076, data_time: 0.034, memory: 1168, decode.loss_ce: 0.0757, decode.loss_dice: 0.3088, decode.acc_seg: 98.6846, loss: 0.3846
2025-11-17 23:02:03,439 - mmseg - INFO - Iter [9150/10000]	lr: 1.178e-04, eta: 0:01:12, time: 0.076, data_time: 0.025, memory: 1168, decode.loss_ce: 0.0854, decode.loss_dice: 0.3459, decode.acc_seg: 98.5033, loss: 0.4314
2025-11-17 23:02:07,131 - mmseg - INFO - Iter [9200/10000]	lr: 1.121e-04, eta: 0:01:08, time: 0.074, data_time: 0.022, memory: 1168, decode.loss_ce: 0.0731, decode.loss_dice: 0.3206, decode.acc_seg: 98.7286, loss: 0.3937
2025-11-17 23:02:10,866 - mmseg - INFO - Iter [9250/10000]	lr: 1.063e-04, eta: 0:01:03, time: 0.075, data_time: 0.027, memory: 1168, decode.loss_ce: 0.0801, decode.loss_dice: 0.3066, decode.acc_seg: 98.5567, loss: 0.3868
2025-11-17 23:02:14,621 - mmseg - INFO - Iter [9300/10000]	lr: 1.005e-04, eta: 0:00:59, time: 0.075, data_time: 0.029, memory: 1168, decode.loss_ce: 0.0648, decode.loss_dice: 0.3009, decode.acc_seg: 98.8249, loss: 0.3657
2025-11-17 23:02:18,382 - mmseg - INFO - Iter [9350/10000]	lr: 9.470e-05, eta: 0:00:55, time: 0.075, data_time: 0.026, memory: 1168, decode.loss_ce: 0.0770, decode.loss_dice: 0.3331, decode.acc_seg: 98.5928, loss: 0.4101
2025-11-17 23:02:22,261 - mmseg - INFO - Iter [9400/10000]	lr: 8.882e-05, eta: 0:00:51, time: 0.078, data_time: 0.031, memory: 1168, decode.loss_ce: 0.0692, decode.loss_dice: 0.3069, decode.acc_seg: 98.7513, loss: 0.3761
2025-11-17 23:02:26,174 - mmseg - INFO - Iter [9450/10000]	lr: 8.289e-05, eta: 0:00:46, time: 0.078, data_time: 0.030, memory: 1168, decode.loss_ce: 0.0837, decode.loss_dice: 0.3191, decode.acc_seg: 98.5426, loss: 0.4028
2025-11-17 23:02:29,956 - mmseg - INFO - Iter [9500/10000]	lr: 7.691e-05, eta: 0:00:42, time: 0.076, data_time: 0.027, memory: 1168, decode.loss_ce: 0.0791, decode.loss_dice: 0.3125, decode.acc_seg: 98.5979, loss: 0.3917
2025-11-17 23:02:33,580 - mmseg - INFO - Iter [9550/10000]	lr: 7.087e-05, eta: 0:00:38, time: 0.072, data_time: 0.025, memory: 1168, decode.loss_ce: 0.0810, decode.loss_dice: 0.3093, decode.acc_seg: 98.5417, loss: 0.3902
2025-11-17 23:02:37,390 - mmseg - INFO - Iter [9600/10000]	lr: 6.476e-05, eta: 0:00:33, time: 0.076, data_time: 0.027, memory: 1168, decode.loss_ce: 0.0777, decode.loss_dice: 0.3069, decode.acc_seg: 98.6083, loss: 0.3846
2025-11-17 23:02:41,155 - mmseg - INFO - Iter [9650/10000]	lr: 5.857e-05, eta: 0:00:29, time: 0.075, data_time: 0.031, memory: 1168, decode.loss_ce: 0.0822, decode.loss_dice: 0.3113, decode.acc_seg: 98.4890, loss: 0.3935
2025-11-17 23:02:44,888 - mmseg - INFO - Iter [9700/10000]	lr: 5.230e-05, eta: 0:00:25, time: 0.075, data_time: 0.027, memory: 1168, decode.loss_ce: 0.0729, decode.loss_dice: 0.3153, decode.acc_seg: 98.6742, loss: 0.3882
2025-11-17 23:02:48,654 - mmseg - INFO - Iter [9750/10000]	lr: 4.592e-05, eta: 0:00:21, time: 0.075, data_time: 0.028, memory: 1168, decode.loss_ce: 0.0681, decode.loss_dice: 0.3020, decode.acc_seg: 98.7877, loss: 0.3701
2025-11-17 23:02:52,354 - mmseg - INFO - Iter [9800/10000]	lr: 3.941e-05, eta: 0:00:16, time: 0.074, data_time: 0.025, memory: 1168, decode.loss_ce: 0.0723, decode.loss_dice: 0.3236, decode.acc_seg: 98.7119, loss: 0.3959
2025-11-17 23:02:56,158 - mmseg - INFO - Iter [9850/10000]	lr: 3.274e-05, eta: 0:00:12, time: 0.076, data_time: 0.031, memory: 1168, decode.loss_ce: 0.0767, decode.loss_dice: 0.2913, decode.acc_seg: 98.5107, loss: 0.3680
2025-11-17 23:02:59,807 - mmseg - INFO - Iter [9900/10000]	lr: 2.583e-05, eta: 0:00:08, time: 0.073, data_time: 0.027, memory: 1168, decode.loss_ce: 0.0860, decode.loss_dice: 0.3270, decode.acc_seg: 98.4406, loss: 0.4130
2025-11-17 23:03:05,756 - mmseg - INFO - Iter [9950/10000]	lr: 1.856e-05, eta: 0:00:04, time: 0.119, data_time: 0.071, memory: 1168, decode.loss_ce: 0.0773, decode.loss_dice: 0.3099, decode.acc_seg: 98.6790, loss: 0.3872
2025-11-17 23:03:09,859 - mmseg - INFO - Saving checkpoint at 10000 iterations
2025-11-17 23:03:10,289 - mmseg - INFO - Exp name: pspnet.py
2025-11-17 23:03:10,290 - mmseg - INFO - Iter [10000/10000]	lr: 1.025e-05, eta: 0:00:00, time: 0.091, data_time: 0.031, memory: 1168, decode.loss_ce: 0.0752, decode.loss_dice: 0.3029, decode.acc_seg: 98.6923, loss: 0.3781
2025-11-17 23:03:16,702 - mmseg - INFO - per class results:
2025-11-17 23:03:16,703 - mmseg - INFO - 
+------------+-------+------+-------+--------+-----------+--------+-------+
|   Class    |  IoU  | HD95 |  Acc  | Fscore | Precision | Recall |  Dice |
+------------+-------+------+-------+--------+-----------+--------+-------+
| background | 98.18 | 0.21 | 99.37 | 99.08  |    98.8   | 99.37  | 99.08 |
|   Lesion   | 53.55 | 6.06 | 63.74 | 69.75  |   77.01   | 63.74  | 69.75 |
+------------+-------+------+-------+--------+-----------+--------+-------+
2025-11-17 23:03:16,703 - mmseg - INFO - Summary:
2025-11-17 23:03:16,704 - mmseg - INFO - 
+-------+-------+-------+-------+---------+------------+---------+-------+
|  aAcc |  mIoU | mHD95 |  mAcc | mFscore | mPrecision | mRecall | mDice |
+-------+-------+-------+-------+---------+------------+---------+-------+
| 98.22 | 75.86 |  3.13 | 81.55 |  84.41  |    87.9    |  81.55  | 84.41 |
+-------+-------+-------+-------+---------+------------+---------+-------+
2025-11-17 23:03:16,706 - mmseg - INFO - Exp name: pspnet.py
2025-11-17 23:03:16,706 - mmseg - INFO - Iter(val) [64]	aAcc: 0.9822, mIoU: 0.7586, mHD95: 0.0313, mAcc: 0.8155, mFscore: 0.8441, mPrecision: 0.8790, mRecall: 0.8155, mDice: 0.8441, IoU.background: 0.9818, IoU.Lesion: 0.5355, HD95.background: 0.0021, HD95.Lesion: 0.0606, Acc.background: 0.9937, Acc.Lesion: 0.6374, Fscore.background: 0.9908, Fscore.Lesion: 0.6975, Precision.background: 0.9880, Precision.Lesion: 0.7701, Recall.background: 0.9937, Recall.Lesion: 0.6374, Dice.background: 0.9908, Dice.Lesion: 0.6975
