2025-11-17 23:26:36,534 - mmseg - INFO - Multi-processing start method is `None`
2025-11-17 23:26:36,535 - mmseg - INFO - OpenCV num_threads is `112
2025-11-17 23:26:36,535 - mmseg - INFO - OMP num threads is 1
2025-11-17 23:26:36,652 - mmseg - INFO - Environment info:
------------------------------------------------------------
sys.platform: linux
Python: 3.8.20 (default, Oct  3 2024, 15:24:27) [GCC 11.2.0]
CUDA available: True
GPU 0,1: NVIDIA GeForce RTX 3090
CUDA_HOME: /usr/local/cuda
NVCC: Cuda compilation tools, release 11.7, V11.7.64
GCC: gcc (Ubuntu 9.4.0-1ubuntu1~20.04.2) 9.4.0
PyTorch: 1.10.0+cu113
PyTorch compiling details: PyTorch built with:
  - GCC 7.3
  - C++ Version: 201402
  - Intel(R) Math Kernel Library Version 2020.0.0 Product Build 20191122 for Intel(R) 64 architecture applications
  - Intel(R) MKL-DNN v2.2.3 (Git Hash 7336ca9f055cf1bfa13efb658fe15dc9b41f0740)
  - OpenMP 201511 (a.k.a. OpenMP 4.5)
  - LAPACK is enabled (usually provided by MKL)
  - NNPACK is enabled
  - CPU capability usage: AVX512
  - CUDA Runtime 11.3
  - NVCC architecture flags: -gencode;arch=compute_37,code=sm_37;-gencode;arch=compute_50,code=sm_50;-gencode;arch=compute_60,code=sm_60;-gencode;arch=compute_70,code=sm_70;-gencode;arch=compute_75,code=sm_75;-gencode;arch=compute_80,code=sm_80;-gencode;arch=compute_86,code=sm_86
  - CuDNN 8.2
  - Magma 2.5.2
  - Build settings: BLAS_INFO=mkl, BUILD_TYPE=Release, CUDA_VERSION=11.3, CUDNN_VERSION=8.2.0, CXX_COMPILER=/opt/rh/devtoolset-7/root/usr/bin/c++, CXX_FLAGS= -Wno-deprecated -fvisibility-inlines-hidden -DUSE_PTHREADPOOL -fopenmp -DNDEBUG -DUSE_KINETO -DUSE_FBGEMM -DUSE_QNNPACK -DUSE_PYTORCH_QNNPACK -DUSE_XNNPACK -DSYMBOLICATE_MOBILE_DEBUG_HANDLE -DEDGE_PROFILER_USE_KINETO -O2 -fPIC -Wno-narrowing -Wall -Wextra -Werror=return-type -Wno-missing-field-initializers -Wno-type-limits -Wno-array-bounds -Wno-unknown-pragmas -Wno-sign-compare -Wno-unused-parameter -Wno-unused-variable -Wno-unused-function -Wno-unused-result -Wno-unused-local-typedefs -Wno-strict-overflow -Wno-strict-aliasing -Wno-error=deprecated-declarations -Wno-stringop-overflow -Wno-psabi -Wno-error=pedantic -Wno-error=redundant-decls -Wno-error=old-style-cast -fdiagnostics-color=always -faligned-new -Wno-unused-but-set-variable -Wno-maybe-uninitialized -fno-math-errno -fno-trapping-math -Werror=format -Wno-stringop-overflow, LAPACK_INFO=mkl, PERF_WITH_AVX=1, PERF_WITH_AVX2=1, PERF_WITH_AVX512=1, TORCH_VERSION=1.10.0, USE_CUDA=ON, USE_CUDNN=ON, USE_EXCEPTION_PTR=1, USE_GFLAGS=OFF, USE_GLOG=OFF, USE_MKL=ON, USE_MKLDNN=ON, USE_MPI=OFF, USE_NCCL=ON, USE_NNPACK=ON, USE_OPENMP=ON, 

TorchVision: 0.11.1+cu113
OpenCV: 4.10.0
MMCV: 1.7.0
MMCV Compiler: GCC 9.3
MMCV CUDA Compiler: 11.3
MMSegmentation: 0.29.1+
------------------------------------------------------------

2025-11-17 23:26:36,652 - mmseg - INFO - Distributed training: True
2025-11-17 23:26:36,989 - mmseg - INFO - Config:
norm_cfg = dict(type='SyncBN', requires_grad=True)
model = dict(
    type='EncoderDecoder',
    pretrained='open-mmlab://resnet18_v1c',
    backbone=dict(
        type='ResNetV1c',
        depth=18,
        num_stages=4,
        out_indices=(0, 1, 2, 3),
        dilations=(1, 1, 1, 1),
        strides=(1, 2, 2, 2),
        norm_cfg=dict(type='SyncBN', requires_grad=True),
        norm_eval=False,
        style='pytorch',
        contract_dilation=True),
    decode_head=dict(
        type='DepthwiseSeparableASPPHead',
        tr=True,
        in_channels=512,
        in_index=3,
        channels=512,
        dilations=(1, 12, 24, 36),
        c1_in_channels=64,
        c1_channels=48,
        dropout_ratio=0.1,
        num_classes=2,
        norm_cfg=dict(type='SyncBN', requires_grad=True),
        align_corners=False,
        loss_decode=[
            dict(
                type='CrossEntropyLoss',
                loss_name='loss_ce',
                use_sigmoid=False,
                loss_weight=2.0),
            dict(type='DiceLoss', loss_name='loss_dice', loss_weight=2.0)
        ]),
    train_cfg=dict(),
    test_cfg=dict(mode='slide', crop_size=(512, 512), stride=(256, 256)))
dataset_type = 'MyDataset'
img_size = (1024, 1024)
crop_size = (512, 512)
train_pipeline = [
    dict(type='LoadImageFromFile'),
    dict(type='LoadAnnotations'),
    dict(type='Resize', img_scale=(512, 512), keep_ratio=False),
    dict(type='RandomFlip', flip_ratio=0),
    dict(type='PhotoMetricDistortion'),
    dict(type='Normalize', mean=[0, 0, 0], std=[1, 1, 1], to_rgb=True),
    dict(type='Pad', size=(512, 512), pad_val=0, seg_pad_val=255),
    dict(type='DefaultFormatBundle'),
    dict(type='Collect', keys=['img', 'gt_semantic_seg'])
]
test_pipeline = [
    dict(type='LoadImageFromFile'),
    dict(
        type='MultiScaleFlipAug',
        img_scale=(1024, 1024),
        flip=False,
        transforms=[
            dict(type='Resize', keep_ratio=False),
            dict(type='Normalize', mean=[0, 0, 0], std=[1, 1, 1], to_rgb=True),
            dict(type='ImageToTensor', keys=['img']),
            dict(type='Collect', keys=['img'])
        ])
]
data_root = './datasets/'
data = dict(
    samples_per_gpu=4,
    workers_per_gpu=2,
    train=dict(
        type='RepeatDataset',
        times=10,
        dataset=dict(
            type='MyDataset',
            data_root='./datasets/',
            img_dir='train/images1024',
            ann_dir='train/labels1024',
            pipeline=[
                dict(type='LoadImageFromFile'),
                dict(type='LoadAnnotations'),
                dict(type='Resize', img_scale=(512, 512), keep_ratio=False),
                dict(type='RandomFlip', flip_ratio=0),
                dict(type='PhotoMetricDistortion'),
                dict(
                    type='Normalize',
                    mean=[0, 0, 0],
                    std=[1, 1, 1],
                    to_rgb=True),
                dict(type='Pad', size=(512, 512), pad_val=0, seg_pad_val=255),
                dict(type='DefaultFormatBundle'),
                dict(type='Collect', keys=['img', 'gt_semantic_seg'])
            ])),
    val=dict(
        type='MyDataset',
        data_root='./datasets/',
        img_dir='test/images1024',
        ann_dir='test/labels1024',
        pipeline=[
            dict(type='LoadImageFromFile'),
            dict(
                type='MultiScaleFlipAug',
                img_scale=(1024, 1024),
                flip=False,
                transforms=[
                    dict(type='Resize', keep_ratio=False),
                    dict(
                        type='Normalize',
                        mean=[0, 0, 0],
                        std=[1, 1, 1],
                        to_rgb=True),
                    dict(type='ImageToTensor', keys=['img']),
                    dict(type='Collect', keys=['img'])
                ])
        ]),
    test=dict(
        type='MyDataset',
        data_root='./datasets/',
        img_dir='test/images1024',
        ann_dir='test/labels1024',
        pipeline=[
            dict(type='LoadImageFromFile'),
            dict(
                type='MultiScaleFlipAug',
                img_scale=(1024, 1024),
                flip=False,
                transforms=[
                    dict(type='Resize', keep_ratio=False),
                    dict(
                        type='Normalize',
                        mean=[0, 0, 0],
                        std=[1, 1, 1],
                        to_rgb=True),
                    dict(type='ImageToTensor', keys=['img']),
                    dict(type='Collect', keys=['img'])
                ])
        ]))
log_config = dict(
    interval=50,
    hooks=[
        dict(type='TensorboardLoggerHook'),
        dict(type='TextLoggerHook', by_epoch=False)
    ])
dist_params = dict(backend='nccl')
log_level = 'INFO'
load_from = None
resume_from = None
workflow = [('train', 1)]
cudnn_benchmark = False
find_unused_parameters = True
optimizer = dict(type='Adam', lr=0.001, betas=(0.9, 0.999), weight_decay=0.005)
optimizer_config = dict()
lr_config = dict(policy='poly', power=0.9, min_lr=1e-05, by_epoch=False)
runner = dict(type='IterBasedRunner', max_iters=10000)
checkpoint_config = dict(by_epoch=False, save_optimizer=False, interval=10000)
evaluation = dict(interval=1000, metric=['mIoU', 'mFscore', 'mDice'])
work_dir = './work_dirs/deeplabv3plus_tr'
gpu_ids = range(0, 2)
auto_resume = False

2025-11-17 23:26:36,989 - mmseg - INFO - Set random seed to 0, deterministic: False
2025-11-17 23:26:38,103 - mmseg - INFO - initialize ResNetV1c with init_cfg {'type': 'Pretrained', 'checkpoint': 'open-mmlab://resnet18_v1c'}
2025-11-17 23:26:44,945 - mmseg - INFO - initialize DepthwiseSeparableASPPHead with init_cfg {'type': 'Normal', 'std': 0.01, 'override': {'name': 'conv_seg'}}
Name of parameter - Initialization information

backbone.stem.0.weight - torch.Size([32, 3, 3, 3]): 
PretrainedInit: load from open-mmlab://resnet18_v1c 

backbone.stem.1.weight - torch.Size([32]): 
PretrainedInit: load from open-mmlab://resnet18_v1c 

backbone.stem.1.bias - torch.Size([32]): 
PretrainedInit: load from open-mmlab://resnet18_v1c 

backbone.stem.3.weight - torch.Size([32, 32, 3, 3]): 
PretrainedInit: load from open-mmlab://resnet18_v1c 

backbone.stem.4.weight - torch.Size([32]): 
PretrainedInit: load from open-mmlab://resnet18_v1c 

backbone.stem.4.bias - torch.Size([32]): 
PretrainedInit: load from open-mmlab://resnet18_v1c 

backbone.stem.6.weight - torch.Size([64, 32, 3, 3]): 
PretrainedInit: load from open-mmlab://resnet18_v1c 

backbone.stem.7.weight - torch.Size([64]): 
PretrainedInit: load from open-mmlab://resnet18_v1c 

backbone.stem.7.bias - torch.Size([64]): 
PretrainedInit: load from open-mmlab://resnet18_v1c 

backbone.layer1.0.conv1.weight - torch.Size([64, 64, 3, 3]): 
PretrainedInit: load from open-mmlab://resnet18_v1c 

backbone.layer1.0.bn1.weight - torch.Size([64]): 
PretrainedInit: load from open-mmlab://resnet18_v1c 

backbone.layer1.0.bn1.bias - torch.Size([64]): 
PretrainedInit: load from open-mmlab://resnet18_v1c 

backbone.layer1.0.conv2.weight - torch.Size([64, 64, 3, 3]): 
PretrainedInit: load from open-mmlab://resnet18_v1c 

backbone.layer1.0.bn2.weight - torch.Size([64]): 
PretrainedInit: load from open-mmlab://resnet18_v1c 

backbone.layer1.0.bn2.bias - torch.Size([64]): 
PretrainedInit: load from open-mmlab://resnet18_v1c 

backbone.layer1.1.conv1.weight - torch.Size([64, 64, 3, 3]): 
PretrainedInit: load from open-mmlab://resnet18_v1c 

backbone.layer1.1.bn1.weight - torch.Size([64]): 
PretrainedInit: load from open-mmlab://resnet18_v1c 

backbone.layer1.1.bn1.bias - torch.Size([64]): 
PretrainedInit: load from open-mmlab://resnet18_v1c 

backbone.layer1.1.conv2.weight - torch.Size([64, 64, 3, 3]): 
PretrainedInit: load from open-mmlab://resnet18_v1c 

backbone.layer1.1.bn2.weight - torch.Size([64]): 
PretrainedInit: load from open-mmlab://resnet18_v1c 

backbone.layer1.1.bn2.bias - torch.Size([64]): 
PretrainedInit: load from open-mmlab://resnet18_v1c 

backbone.layer2.0.conv1.weight - torch.Size([128, 64, 3, 3]): 
PretrainedInit: load from open-mmlab://resnet18_v1c 

backbone.layer2.0.bn1.weight - torch.Size([128]): 
PretrainedInit: load from open-mmlab://resnet18_v1c 

backbone.layer2.0.bn1.bias - torch.Size([128]): 
PretrainedInit: load from open-mmlab://resnet18_v1c 

backbone.layer2.0.conv2.weight - torch.Size([128, 128, 3, 3]): 
PretrainedInit: load from open-mmlab://resnet18_v1c 

backbone.layer2.0.bn2.weight - torch.Size([128]): 
PretrainedInit: load from open-mmlab://resnet18_v1c 

backbone.layer2.0.bn2.bias - torch.Size([128]): 
PretrainedInit: load from open-mmlab://resnet18_v1c 

backbone.layer2.0.downsample.0.weight - torch.Size([128, 64, 1, 1]): 
PretrainedInit: load from open-mmlab://resnet18_v1c 

backbone.layer2.0.downsample.1.weight - torch.Size([128]): 
PretrainedInit: load from open-mmlab://resnet18_v1c 

backbone.layer2.0.downsample.1.bias - torch.Size([128]): 
PretrainedInit: load from open-mmlab://resnet18_v1c 

backbone.layer2.1.conv1.weight - torch.Size([128, 128, 3, 3]): 
PretrainedInit: load from open-mmlab://resnet18_v1c 

backbone.layer2.1.bn1.weight - torch.Size([128]): 
PretrainedInit: load from open-mmlab://resnet18_v1c 

backbone.layer2.1.bn1.bias - torch.Size([128]): 
PretrainedInit: load from open-mmlab://resnet18_v1c 

backbone.layer2.1.conv2.weight - torch.Size([128, 128, 3, 3]): 
PretrainedInit: load from open-mmlab://resnet18_v1c 

backbone.layer2.1.bn2.weight - torch.Size([128]): 
PretrainedInit: load from open-mmlab://resnet18_v1c 

backbone.layer2.1.bn2.bias - torch.Size([128]): 
PretrainedInit: load from open-mmlab://resnet18_v1c 

backbone.layer3.0.conv1.weight - torch.Size([256, 128, 3, 3]): 
PretrainedInit: load from open-mmlab://resnet18_v1c 

backbone.layer3.0.bn1.weight - torch.Size([256]): 
PretrainedInit: load from open-mmlab://resnet18_v1c 

backbone.layer3.0.bn1.bias - torch.Size([256]): 
PretrainedInit: load from open-mmlab://resnet18_v1c 

backbone.layer3.0.conv2.weight - torch.Size([256, 256, 3, 3]): 
PretrainedInit: load from open-mmlab://resnet18_v1c 

backbone.layer3.0.bn2.weight - torch.Size([256]): 
PretrainedInit: load from open-mmlab://resnet18_v1c 

backbone.layer3.0.bn2.bias - torch.Size([256]): 
PretrainedInit: load from open-mmlab://resnet18_v1c 

backbone.layer3.0.downsample.0.weight - torch.Size([256, 128, 1, 1]): 
PretrainedInit: load from open-mmlab://resnet18_v1c 

backbone.layer3.0.downsample.1.weight - torch.Size([256]): 
PretrainedInit: load from open-mmlab://resnet18_v1c 

backbone.layer3.0.downsample.1.bias - torch.Size([256]): 
PretrainedInit: load from open-mmlab://resnet18_v1c 

backbone.layer3.1.conv1.weight - torch.Size([256, 256, 3, 3]): 
PretrainedInit: load from open-mmlab://resnet18_v1c 

backbone.layer3.1.bn1.weight - torch.Size([256]): 
PretrainedInit: load from open-mmlab://resnet18_v1c 

backbone.layer3.1.bn1.bias - torch.Size([256]): 
PretrainedInit: load from open-mmlab://resnet18_v1c 

backbone.layer3.1.conv2.weight - torch.Size([256, 256, 3, 3]): 
PretrainedInit: load from open-mmlab://resnet18_v1c 

backbone.layer3.1.bn2.weight - torch.Size([256]): 
PretrainedInit: load from open-mmlab://resnet18_v1c 

backbone.layer3.1.bn2.bias - torch.Size([256]): 
PretrainedInit: load from open-mmlab://resnet18_v1c 

backbone.layer4.0.conv1.weight - torch.Size([512, 256, 3, 3]): 
PretrainedInit: load from open-mmlab://resnet18_v1c 

backbone.layer4.0.bn1.weight - torch.Size([512]): 
PretrainedInit: load from open-mmlab://resnet18_v1c 

backbone.layer4.0.bn1.bias - torch.Size([512]): 
PretrainedInit: load from open-mmlab://resnet18_v1c 

backbone.layer4.0.conv2.weight - torch.Size([512, 512, 3, 3]): 
PretrainedInit: load from open-mmlab://resnet18_v1c 

backbone.layer4.0.bn2.weight - torch.Size([512]): 
PretrainedInit: load from open-mmlab://resnet18_v1c 

backbone.layer4.0.bn2.bias - torch.Size([512]): 
PretrainedInit: load from open-mmlab://resnet18_v1c 

backbone.layer4.0.downsample.0.weight - torch.Size([512, 256, 1, 1]): 
PretrainedInit: load from open-mmlab://resnet18_v1c 

backbone.layer4.0.downsample.1.weight - torch.Size([512]): 
PretrainedInit: load from open-mmlab://resnet18_v1c 

backbone.layer4.0.downsample.1.bias - torch.Size([512]): 
PretrainedInit: load from open-mmlab://resnet18_v1c 

backbone.layer4.1.conv1.weight - torch.Size([512, 512, 3, 3]): 
PretrainedInit: load from open-mmlab://resnet18_v1c 

backbone.layer4.1.bn1.weight - torch.Size([512]): 
PretrainedInit: load from open-mmlab://resnet18_v1c 

backbone.layer4.1.bn1.bias - torch.Size([512]): 
PretrainedInit: load from open-mmlab://resnet18_v1c 

backbone.layer4.1.conv2.weight - torch.Size([512, 512, 3, 3]): 
PretrainedInit: load from open-mmlab://resnet18_v1c 

backbone.layer4.1.bn2.weight - torch.Size([512]): 
PretrainedInit: load from open-mmlab://resnet18_v1c 

backbone.layer4.1.bn2.bias - torch.Size([512]): 
PretrainedInit: load from open-mmlab://resnet18_v1c 

decode_head.conv_seg.weight - torch.Size([2, 512, 1, 1]): 
NormalInit: mean=0, std=0.01, bias=0 

decode_head.conv_seg.bias - torch.Size([2]): 
NormalInit: mean=0, std=0.01, bias=0 

decode_head.image_pool.1.conv.weight - torch.Size([512, 512, 1, 1]): 
The value is the same before and after calling `init_weights` of EncoderDecoder  

decode_head.image_pool.1.bn.weight - torch.Size([512]): 
The value is the same before and after calling `init_weights` of EncoderDecoder  

decode_head.image_pool.1.bn.bias - torch.Size([512]): 
The value is the same before and after calling `init_weights` of EncoderDecoder  

decode_head.aspp_modules.0.conv.weight - torch.Size([512, 512, 1, 1]): 
The value is the same before and after calling `init_weights` of EncoderDecoder  

decode_head.aspp_modules.0.bn.weight - torch.Size([512]): 
The value is the same before and after calling `init_weights` of EncoderDecoder  

decode_head.aspp_modules.0.bn.bias - torch.Size([512]): 
The value is the same before and after calling `init_weights` of EncoderDecoder  

decode_head.aspp_modules.1.depthwise_conv.conv.weight - torch.Size([512, 1, 3, 3]): 
The value is the same before and after calling `init_weights` of EncoderDecoder  

decode_head.aspp_modules.1.depthwise_conv.bn.weight - torch.Size([512]): 
The value is the same before and after calling `init_weights` of EncoderDecoder  

decode_head.aspp_modules.1.depthwise_conv.bn.bias - torch.Size([512]): 
The value is the same before and after calling `init_weights` of EncoderDecoder  

decode_head.aspp_modules.1.pointwise_conv.conv.weight - torch.Size([512, 512, 1, 1]): 
The value is the same before and after calling `init_weights` of EncoderDecoder  

decode_head.aspp_modules.1.pointwise_conv.bn.weight - torch.Size([512]): 
The value is the same before and after calling `init_weights` of EncoderDecoder  

decode_head.aspp_modules.1.pointwise_conv.bn.bias - torch.Size([512]): 
The value is the same before and after calling `init_weights` of EncoderDecoder  

decode_head.aspp_modules.2.depthwise_conv.conv.weight - torch.Size([512, 1, 3, 3]): 
The value is the same before and after calling `init_weights` of EncoderDecoder  

decode_head.aspp_modules.2.depthwise_conv.bn.weight - torch.Size([512]): 
The value is the same before and after calling `init_weights` of EncoderDecoder  

decode_head.aspp_modules.2.depthwise_conv.bn.bias - torch.Size([512]): 
The value is the same before and after calling `init_weights` of EncoderDecoder  

decode_head.aspp_modules.2.pointwise_conv.conv.weight - torch.Size([512, 512, 1, 1]): 
The value is the same before and after calling `init_weights` of EncoderDecoder  

decode_head.aspp_modules.2.pointwise_conv.bn.weight - torch.Size([512]): 
The value is the same before and after calling `init_weights` of EncoderDecoder  

decode_head.aspp_modules.2.pointwise_conv.bn.bias - torch.Size([512]): 
The value is the same before and after calling `init_weights` of EncoderDecoder  

decode_head.aspp_modules.3.depthwise_conv.conv.weight - torch.Size([512, 1, 3, 3]): 
The value is the same before and after calling `init_weights` of EncoderDecoder  

decode_head.aspp_modules.3.depthwise_conv.bn.weight - torch.Size([512]): 
The value is the same before and after calling `init_weights` of EncoderDecoder  

decode_head.aspp_modules.3.depthwise_conv.bn.bias - torch.Size([512]): 
The value is the same before and after calling `init_weights` of EncoderDecoder  

decode_head.aspp_modules.3.pointwise_conv.conv.weight - torch.Size([512, 512, 1, 1]): 
The value is the same before and after calling `init_weights` of EncoderDecoder  

decode_head.aspp_modules.3.pointwise_conv.bn.weight - torch.Size([512]): 
The value is the same before and after calling `init_weights` of EncoderDecoder  

decode_head.aspp_modules.3.pointwise_conv.bn.bias - torch.Size([512]): 
The value is the same before and after calling `init_weights` of EncoderDecoder  

decode_head.bottleneck.conv.weight - torch.Size([512, 2560, 3, 3]): 
Initialized by user-defined `init_weights` in ConvModule  

decode_head.bottleneck.bn.weight - torch.Size([512]): 
The value is the same before and after calling `init_weights` of EncoderDecoder  

decode_head.bottleneck.bn.bias - torch.Size([512]): 
The value is the same before and after calling `init_weights` of EncoderDecoder  

decode_head.tr_model.pos_embed.weight - torch.Size([2560, 1, 3, 3]): 
The value is the same before and after calling `init_weights` of EncoderDecoder  

decode_head.tr_model.pos_embed.bias - torch.Size([2560]): 
The value is the same before and after calling `init_weights` of EncoderDecoder  

decode_head.tr_model.norm1.weight - torch.Size([2560]): 
The value is the same before and after calling `init_weights` of EncoderDecoder  

decode_head.tr_model.norm1.bias - torch.Size([2560]): 
The value is the same before and after calling `init_weights` of EncoderDecoder  

decode_head.tr_model.attn.lepe.weight - torch.Size([2560, 1, 5, 5]): 
The value is the same before and after calling `init_weights` of EncoderDecoder  

decode_head.tr_model.attn.lepe.bias - torch.Size([2560]): 
The value is the same before and after calling `init_weights` of EncoderDecoder  

decode_head.tr_model.attn.qkv.qkv.weight - torch.Size([7680, 2560]): 
The value is the same before and after calling `init_weights` of EncoderDecoder  

decode_head.tr_model.attn.qkv.qkv.bias - torch.Size([7680]): 
The value is the same before and after calling `init_weights` of EncoderDecoder  

decode_head.tr_model.attn.wo.weight - torch.Size([2560, 2560]): 
The value is the same before and after calling `init_weights` of EncoderDecoder  

decode_head.tr_model.attn.wo.bias - torch.Size([2560]): 
The value is the same before and after calling `init_weights` of EncoderDecoder  

decode_head.tr_model.norm2.weight - torch.Size([2560]): 
The value is the same before and after calling `init_weights` of EncoderDecoder  

decode_head.tr_model.norm2.bias - torch.Size([2560]): 
The value is the same before and after calling `init_weights` of EncoderDecoder  

decode_head.tr_model.mlp.0.weight - torch.Size([10240, 2560]): 
The value is the same before and after calling `init_weights` of EncoderDecoder  

decode_head.tr_model.mlp.0.bias - torch.Size([10240]): 
The value is the same before and after calling `init_weights` of EncoderDecoder  

decode_head.tr_model.mlp.3.weight - torch.Size([2560, 10240]): 
The value is the same before and after calling `init_weights` of EncoderDecoder  

decode_head.tr_model.mlp.3.bias - torch.Size([2560]): 
The value is the same before and after calling `init_weights` of EncoderDecoder  

decode_head.c1_bottleneck.conv.weight - torch.Size([48, 64, 1, 1]): 
Initialized by user-defined `init_weights` in ConvModule  

decode_head.c1_bottleneck.bn.weight - torch.Size([48]): 
The value is the same before and after calling `init_weights` of EncoderDecoder  

decode_head.c1_bottleneck.bn.bias - torch.Size([48]): 
The value is the same before and after calling `init_weights` of EncoderDecoder  

decode_head.sep_bottleneck.0.depthwise_conv.conv.weight - torch.Size([560, 1, 3, 3]): 
The value is the same before and after calling `init_weights` of EncoderDecoder  

decode_head.sep_bottleneck.0.depthwise_conv.bn.weight - torch.Size([560]): 
The value is the same before and after calling `init_weights` of EncoderDecoder  

decode_head.sep_bottleneck.0.depthwise_conv.bn.bias - torch.Size([560]): 
The value is the same before and after calling `init_weights` of EncoderDecoder  

decode_head.sep_bottleneck.0.pointwise_conv.conv.weight - torch.Size([512, 560, 1, 1]): 
The value is the same before and after calling `init_weights` of EncoderDecoder  

decode_head.sep_bottleneck.0.pointwise_conv.bn.weight - torch.Size([512]): 
The value is the same before and after calling `init_weights` of EncoderDecoder  

decode_head.sep_bottleneck.0.pointwise_conv.bn.bias - torch.Size([512]): 
The value is the same before and after calling `init_weights` of EncoderDecoder  

decode_head.sep_bottleneck.1.depthwise_conv.conv.weight - torch.Size([512, 1, 3, 3]): 
The value is the same before and after calling `init_weights` of EncoderDecoder  

decode_head.sep_bottleneck.1.depthwise_conv.bn.weight - torch.Size([512]): 
The value is the same before and after calling `init_weights` of EncoderDecoder  

decode_head.sep_bottleneck.1.depthwise_conv.bn.bias - torch.Size([512]): 
The value is the same before and after calling `init_weights` of EncoderDecoder  

decode_head.sep_bottleneck.1.pointwise_conv.conv.weight - torch.Size([512, 512, 1, 1]): 
The value is the same before and after calling `init_weights` of EncoderDecoder  

decode_head.sep_bottleneck.1.pointwise_conv.bn.weight - torch.Size([512]): 
The value is the same before and after calling `init_weights` of EncoderDecoder  

decode_head.sep_bottleneck.1.pointwise_conv.bn.bias - torch.Size([512]): 
The value is the same before and after calling `init_weights` of EncoderDecoder  
2025-11-17 23:26:45,117 - mmseg - INFO - EncoderDecoder(
  (backbone): ResNetV1c(
    (stem): Sequential(
      (0): Conv2d(3, 32, kernel_size=(3, 3), stride=(2, 2), padding=(1, 1), bias=False)
      (1): SyncBatchNorm(32, eps=1e-05, momentum=0.1, affine=True, track_running_stats=True)
      (2): ReLU(inplace=True)
      (3): Conv2d(32, 32, kernel_size=(3, 3), stride=(1, 1), padding=(1, 1), bias=False)
      (4): SyncBatchNorm(32, eps=1e-05, momentum=0.1, affine=True, track_running_stats=True)
      (5): ReLU(inplace=True)
      (6): Conv2d(32, 64, kernel_size=(3, 3), stride=(1, 1), padding=(1, 1), bias=False)
      (7): SyncBatchNorm(64, eps=1e-05, momentum=0.1, affine=True, track_running_stats=True)
      (8): ReLU(inplace=True)
    )
    (maxpool): MaxPool2d(kernel_size=3, stride=2, padding=1, dilation=1, ceil_mode=False)
    (layer1): ResLayer(
      (0): BasicBlock(
        (conv1): Conv2d(64, 64, kernel_size=(3, 3), stride=(1, 1), padding=(1, 1), bias=False)
        (bn1): SyncBatchNorm(64, eps=1e-05, momentum=0.1, affine=True, track_running_stats=True)
        (conv2): Conv2d(64, 64, kernel_size=(3, 3), stride=(1, 1), padding=(1, 1), bias=False)
        (bn2): SyncBatchNorm(64, eps=1e-05, momentum=0.1, affine=True, track_running_stats=True)
        (relu): ReLU(inplace=True)
      )
      (1): BasicBlock(
        (conv1): Conv2d(64, 64, kernel_size=(3, 3), stride=(1, 1), padding=(1, 1), bias=False)
        (bn1): SyncBatchNorm(64, eps=1e-05, momentum=0.1, affine=True, track_running_stats=True)
        (conv2): Conv2d(64, 64, kernel_size=(3, 3), stride=(1, 1), padding=(1, 1), bias=False)
        (bn2): SyncBatchNorm(64, eps=1e-05, momentum=0.1, affine=True, track_running_stats=True)
        (relu): ReLU(inplace=True)
      )
    )
    (layer2): ResLayer(
      (0): BasicBlock(
        (conv1): Conv2d(64, 128, kernel_size=(3, 3), stride=(2, 2), padding=(1, 1), bias=False)
        (bn1): SyncBatchNorm(128, eps=1e-05, momentum=0.1, affine=True, track_running_stats=True)
        (conv2): Conv2d(128, 128, kernel_size=(3, 3), stride=(1, 1), padding=(1, 1), bias=False)
        (bn2): SyncBatchNorm(128, eps=1e-05, momentum=0.1, affine=True, track_running_stats=True)
        (relu): ReLU(inplace=True)
        (downsample): Sequential(
          (0): Conv2d(64, 128, kernel_size=(1, 1), stride=(2, 2), bias=False)
          (1): SyncBatchNorm(128, eps=1e-05, momentum=0.1, affine=True, track_running_stats=True)
        )
      )
      (1): BasicBlock(
        (conv1): Conv2d(128, 128, kernel_size=(3, 3), stride=(1, 1), padding=(1, 1), bias=False)
        (bn1): SyncBatchNorm(128, eps=1e-05, momentum=0.1, affine=True, track_running_stats=True)
        (conv2): Conv2d(128, 128, kernel_size=(3, 3), stride=(1, 1), padding=(1, 1), bias=False)
        (bn2): SyncBatchNorm(128, eps=1e-05, momentum=0.1, affine=True, track_running_stats=True)
        (relu): ReLU(inplace=True)
      )
    )
    (layer3): ResLayer(
      (0): BasicBlock(
        (conv1): Conv2d(128, 256, kernel_size=(3, 3), stride=(2, 2), padding=(1, 1), bias=False)
        (bn1): SyncBatchNorm(256, eps=1e-05, momentum=0.1, affine=True, track_running_stats=True)
        (conv2): Conv2d(256, 256, kernel_size=(3, 3), stride=(1, 1), padding=(1, 1), bias=False)
        (bn2): SyncBatchNorm(256, eps=1e-05, momentum=0.1, affine=True, track_running_stats=True)
        (relu): ReLU(inplace=True)
        (downsample): Sequential(
          (0): Conv2d(128, 256, kernel_size=(1, 1), stride=(2, 2), bias=False)
          (1): SyncBatchNorm(256, eps=1e-05, momentum=0.1, affine=True, track_running_stats=True)
        )
      )
      (1): BasicBlock(
        (conv1): Conv2d(256, 256, kernel_size=(3, 3), stride=(1, 1), padding=(1, 1), bias=False)
        (bn1): SyncBatchNorm(256, eps=1e-05, momentum=0.1, affine=True, track_running_stats=True)
        (conv2): Conv2d(256, 256, kernel_size=(3, 3), stride=(1, 1), padding=(1, 1), bias=False)
        (bn2): SyncBatchNorm(256, eps=1e-05, momentum=0.1, affine=True, track_running_stats=True)
        (relu): ReLU(inplace=True)
      )
    )
    (layer4): ResLayer(
      (0): BasicBlock(
        (conv1): Conv2d(256, 512, kernel_size=(3, 3), stride=(2, 2), padding=(1, 1), bias=False)
        (bn1): SyncBatchNorm(512, eps=1e-05, momentum=0.1, affine=True, track_running_stats=True)
        (conv2): Conv2d(512, 512, kernel_size=(3, 3), stride=(1, 1), padding=(1, 1), bias=False)
        (bn2): SyncBatchNorm(512, eps=1e-05, momentum=0.1, affine=True, track_running_stats=True)
        (relu): ReLU(inplace=True)
        (downsample): Sequential(
          (0): Conv2d(256, 512, kernel_size=(1, 1), stride=(2, 2), bias=False)
          (1): SyncBatchNorm(512, eps=1e-05, momentum=0.1, affine=True, track_running_stats=True)
        )
      )
      (1): BasicBlock(
        (conv1): Conv2d(512, 512, kernel_size=(3, 3), stride=(1, 1), padding=(1, 1), bias=False)
        (bn1): SyncBatchNorm(512, eps=1e-05, momentum=0.1, affine=True, track_running_stats=True)
        (conv2): Conv2d(512, 512, kernel_size=(3, 3), stride=(1, 1), padding=(1, 1), bias=False)
        (bn2): SyncBatchNorm(512, eps=1e-05, momentum=0.1, affine=True, track_running_stats=True)
        (relu): ReLU(inplace=True)
      )
    )
  )
  init_cfg={'type': 'Pretrained', 'checkpoint': 'open-mmlab://resnet18_v1c'}
  (decode_head): DepthwiseSeparableASPPHead(
    input_transform=None, ignore_index=255, align_corners=False
    (loss_decode): ModuleList(
      (0): CrossEntropyLoss(avg_non_ignore=False)
      (1): DiceLoss()
    )
    (conv_seg): Conv2d(512, 2, kernel_size=(1, 1), stride=(1, 1))
    (dropout): Dropout2d(p=0.1, inplace=False)
    (image_pool): Sequential(
      (0): AdaptiveAvgPool2d(output_size=1)
      (1): ConvModule(
        (conv): Conv2d(512, 512, kernel_size=(1, 1), stride=(1, 1), bias=False)
        (bn): SyncBatchNorm(512, eps=1e-05, momentum=0.1, affine=True, track_running_stats=True)
        (activate): ReLU(inplace=True)
      )
    )
    (aspp_modules): DepthwiseSeparableASPPModule(
      (0): ConvModule(
        (conv): Conv2d(512, 512, kernel_size=(1, 1), stride=(1, 1), bias=False)
        (bn): SyncBatchNorm(512, eps=1e-05, momentum=0.1, affine=True, track_running_stats=True)
        (activate): ReLU(inplace=True)
      )
      (1): DepthwiseSeparableConvModule(
        (depthwise_conv): ConvModule(
          (conv): Conv2d(512, 512, kernel_size=(3, 3), stride=(1, 1), padding=(12, 12), dilation=(12, 12), groups=512, bias=False)
          (bn): SyncBatchNorm(512, eps=1e-05, momentum=0.1, affine=True, track_running_stats=True)
          (activate): ReLU(inplace=True)
        )
        (pointwise_conv): ConvModule(
          (conv): Conv2d(512, 512, kernel_size=(1, 1), stride=(1, 1), bias=False)
          (bn): SyncBatchNorm(512, eps=1e-05, momentum=0.1, affine=True, track_running_stats=True)
          (activate): ReLU(inplace=True)
        )
      )
      (2): DepthwiseSeparableConvModule(
        (depthwise_conv): ConvModule(
          (conv): Conv2d(512, 512, kernel_size=(3, 3), stride=(1, 1), padding=(24, 24), dilation=(24, 24), groups=512, bias=False)
          (bn): SyncBatchNorm(512, eps=1e-05, momentum=0.1, affine=True, track_running_stats=True)
          (activate): ReLU(inplace=True)
        )
        (pointwise_conv): ConvModule(
          (conv): Conv2d(512, 512, kernel_size=(1, 1), stride=(1, 1), bias=False)
          (bn): SyncBatchNorm(512, eps=1e-05, momentum=0.1, affine=True, track_running_stats=True)
          (activate): ReLU(inplace=True)
        )
      )
      (3): DepthwiseSeparableConvModule(
        (depthwise_conv): ConvModule(
          (conv): Conv2d(512, 512, kernel_size=(3, 3), stride=(1, 1), padding=(36, 36), dilation=(36, 36), groups=512, bias=False)
          (bn): SyncBatchNorm(512, eps=1e-05, momentum=0.1, affine=True, track_running_stats=True)
          (activate): ReLU(inplace=True)
        )
        (pointwise_conv): ConvModule(
          (conv): Conv2d(512, 512, kernel_size=(1, 1), stride=(1, 1), bias=False)
          (bn): SyncBatchNorm(512, eps=1e-05, momentum=0.1, affine=True, track_running_stats=True)
          (activate): ReLU(inplace=True)
        )
      )
    )
    (bottleneck): ConvModule(
      (conv): Conv2d(2560, 512, kernel_size=(3, 3), stride=(1, 1), padding=(1, 1), bias=False)
      (bn): SyncBatchNorm(512, eps=1e-05, momentum=0.1, affine=True, track_running_stats=True)
      (activate): ReLU(inplace=True)
    )
    (tr_model): BiformerBlock(
      (pos_embed): Conv2d(2560, 2560, kernel_size=(3, 3), stride=(1, 1), padding=(1, 1), groups=2560)
      (norm1): LayerNorm((2560,), eps=1e-06, elementwise_affine=True)
      (attn): BiLevelRoutingAttention(
        (lepe): Conv2d(2560, 2560, kernel_size=(5, 5), stride=(1, 1), padding=(2, 2), groups=2560)
        (router): TopkRouting(
          (emb): Identity()
          (routing_act): Softmax(dim=-1)
        )
        (kv_gather): KVGather()
        (qkv): QKVLinear(
          (qkv): Linear(in_features=2560, out_features=7680, bias=True)
        )
        (wo): Linear(in_features=2560, out_features=2560, bias=True)
        (kv_down): AdaptiveAvgPool2d(output_size=4)
        (attn_act): Softmax(dim=-1)
      )
      (norm2): LayerNorm((2560,), eps=1e-06, elementwise_affine=True)
      (mlp): Sequential(
        (0): Linear(in_features=2560, out_features=10240, bias=True)
        (1): Identity()
        (2): GELU()
        (3): Linear(in_features=10240, out_features=2560, bias=True)
      )
      (drop_path): Identity()
    )
    (c1_bottleneck): ConvModule(
      (conv): Conv2d(64, 48, kernel_size=(1, 1), stride=(1, 1), bias=False)
      (bn): SyncBatchNorm(48, eps=1e-05, momentum=0.1, affine=True, track_running_stats=True)
      (activate): ReLU(inplace=True)
    )
    (sep_bottleneck): Sequential(
      (0): DepthwiseSeparableConvModule(
        (depthwise_conv): ConvModule(
          (conv): Conv2d(560, 560, kernel_size=(3, 3), stride=(1, 1), padding=(1, 1), groups=560, bias=False)
          (bn): SyncBatchNorm(560, eps=1e-05, momentum=0.1, affine=True, track_running_stats=True)
          (activate): ReLU(inplace=True)
        )
        (pointwise_conv): ConvModule(
          (conv): Conv2d(560, 512, kernel_size=(1, 1), stride=(1, 1), bias=False)
          (bn): SyncBatchNorm(512, eps=1e-05, momentum=0.1, affine=True, track_running_stats=True)
          (activate): ReLU(inplace=True)
        )
      )
      (1): DepthwiseSeparableConvModule(
        (depthwise_conv): ConvModule(
          (conv): Conv2d(512, 512, kernel_size=(3, 3), stride=(1, 1), padding=(1, 1), groups=512, bias=False)
          (bn): SyncBatchNorm(512, eps=1e-05, momentum=0.1, affine=True, track_running_stats=True)
          (activate): ReLU(inplace=True)
        )
        (pointwise_conv): ConvModule(
          (conv): Conv2d(512, 512, kernel_size=(1, 1), stride=(1, 1), bias=False)
          (bn): SyncBatchNorm(512, eps=1e-05, momentum=0.1, affine=True, track_running_stats=True)
          (activate): ReLU(inplace=True)
        )
      )
    )
  )
  init_cfg={'type': 'Normal', 'std': 0.01, 'override': {'name': 'conv_seg'}}
)
2025-11-17 23:26:45,128 - mmseg - INFO - Loaded 568 images
2025-11-17 23:26:45,630 - mmseg - INFO - Loaded 64 images
2025-11-17 23:26:45,692 - mmseg - INFO - Start running, host: wuyou@wuyou-desktop, work_dir: /data/code2025/Q2/2025-11-17-02/work_dirs/deeplabv3plus_tr
2025-11-17 23:26:45,692 - mmseg - INFO - Hooks will be executed in the following order:
before_run:
(VERY_HIGH   ) PolyLrUpdaterHook                  
(NORMAL      ) CheckpointHook                     
(LOW         ) DistEvalHook                       
(VERY_LOW    ) TensorboardLoggerHook              
(VERY_LOW    ) TextLoggerHook                     
 -------------------- 
before_train_epoch:
(VERY_HIGH   ) PolyLrUpdaterHook                  
(LOW         ) IterTimerHook                      
(LOW         ) DistEvalHook                       
(VERY_LOW    ) TensorboardLoggerHook              
(VERY_LOW    ) TextLoggerHook                     
 -------------------- 
before_train_iter:
(VERY_HIGH   ) PolyLrUpdaterHook                  
(LOW         ) IterTimerHook                      
(LOW         ) DistEvalHook                       
 -------------------- 
after_train_iter:
(ABOVE_NORMAL) OptimizerHook                      
(NORMAL      ) CheckpointHook                     
(LOW         ) IterTimerHook                      
(LOW         ) DistEvalHook                       
(VERY_LOW    ) TensorboardLoggerHook              
(VERY_LOW    ) TextLoggerHook                     
 -------------------- 
after_train_epoch:
(NORMAL      ) CheckpointHook                     
(LOW         ) DistEvalHook                       
(VERY_LOW    ) TensorboardLoggerHook              
(VERY_LOW    ) TextLoggerHook                     
 -------------------- 
before_val_epoch:
(LOW         ) IterTimerHook                      
(VERY_LOW    ) TensorboardLoggerHook              
(VERY_LOW    ) TextLoggerHook                     
 -------------------- 
before_val_iter:
(LOW         ) IterTimerHook                      
 -------------------- 
after_val_iter:
(LOW         ) IterTimerHook                      
 -------------------- 
after_val_epoch:
(VERY_LOW    ) TensorboardLoggerHook              
(VERY_LOW    ) TextLoggerHook                     
 -------------------- 
after_run:
(VERY_LOW    ) TensorboardLoggerHook              
(VERY_LOW    ) TextLoggerHook                     
 -------------------- 
2025-11-17 23:26:45,693 - mmseg - INFO - workflow: [('train', 1)], max: 10000 iters
2025-11-17 23:26:45,693 - mmseg - INFO - Checkpoints will be saved to /data/code2025/Q2/2025-11-17-02/work_dirs/deeplabv3plus_tr by HardDiskBackend.
2025-11-17 23:27:03,059 - mmseg - INFO - Iter [50/10000]	lr: 9.956e-04, eta: 0:50:52, time: 0.307, data_time: 0.100, memory: 4511, decode.loss_ce: 0.1855, decode.loss_dice: 0.4155, decode.acc_seg: 97.6843, loss: 0.6010
2025-11-17 23:27:13,525 - mmseg - INFO - Iter [100/10000]	lr: 9.912e-04, eta: 0:42:34, time: 0.209, data_time: 0.005, memory: 4511, decode.loss_ce: 0.0873, decode.loss_dice: 0.2682, decode.acc_seg: 98.6296, loss: 0.3555
2025-11-17 23:27:23,944 - mmseg - INFO - Iter [150/10000]	lr: 9.867e-04, eta: 0:39:38, time: 0.208, data_time: 0.005, memory: 4511, decode.loss_ce: 0.1123, decode.loss_dice: 0.2683, decode.acc_seg: 98.3727, loss: 0.3806
2025-11-17 23:27:34,329 - mmseg - INFO - Iter [200/10000]	lr: 9.823e-04, eta: 0:38:03, time: 0.208, data_time: 0.005, memory: 4511, decode.loss_ce: 0.0995, decode.loss_dice: 0.2983, decode.acc_seg: 98.3474, loss: 0.3978
2025-11-17 23:27:44,691 - mmseg - INFO - Iter [250/10000]	lr: 9.778e-04, eta: 0:37:01, time: 0.207, data_time: 0.005, memory: 4511, decode.loss_ce: 0.1084, decode.loss_dice: 0.2805, decode.acc_seg: 98.2881, loss: 0.3889
2025-11-17 23:27:55,017 - mmseg - INFO - Iter [300/10000]	lr: 9.733e-04, eta: 0:36:15, time: 0.207, data_time: 0.005, memory: 4511, decode.loss_ce: 0.0840, decode.loss_dice: 0.2718, decode.acc_seg: 98.6375, loss: 0.3558
2025-11-17 23:28:05,360 - mmseg - INFO - Iter [350/10000]	lr: 9.688e-04, eta: 0:35:40, time: 0.207, data_time: 0.005, memory: 4511, decode.loss_ce: 0.0930, decode.loss_dice: 0.2715, decode.acc_seg: 98.5251, loss: 0.3645
2025-11-17 23:28:15,737 - mmseg - INFO - Iter [400/10000]	lr: 9.644e-04, eta: 0:35:12, time: 0.208, data_time: 0.005, memory: 4511, decode.loss_ce: 0.0899, decode.loss_dice: 0.2565, decode.acc_seg: 98.6213, loss: 0.3464
2025-11-17 23:28:26,085 - mmseg - INFO - Iter [450/10000]	lr: 9.599e-04, eta: 0:34:47, time: 0.207, data_time: 0.005, memory: 4511, decode.loss_ce: 0.0928, decode.loss_dice: 0.2665, decode.acc_seg: 98.6666, loss: 0.3593
2025-11-17 23:28:36,444 - mmseg - INFO - Iter [500/10000]	lr: 9.554e-04, eta: 0:34:25, time: 0.207, data_time: 0.005, memory: 4511, decode.loss_ce: 0.0855, decode.loss_dice: 0.2457, decode.acc_seg: 98.5780, loss: 0.3312
2025-11-17 23:28:46,752 - mmseg - INFO - Iter [550/10000]	lr: 9.509e-04, eta: 0:34:05, time: 0.206, data_time: 0.005, memory: 4511, decode.loss_ce: 0.0867, decode.loss_dice: 0.2756, decode.acc_seg: 98.6630, loss: 0.3623
2025-11-17 23:28:57,100 - mmseg - INFO - Iter [600/10000]	lr: 9.465e-04, eta: 0:33:46, time: 0.207, data_time: 0.005, memory: 4511, decode.loss_ce: 0.0967, decode.loss_dice: 0.2509, decode.acc_seg: 98.6092, loss: 0.3476
2025-11-17 23:29:07,469 - mmseg - INFO - Iter [650/10000]	lr: 9.420e-04, eta: 0:33:30, time: 0.207, data_time: 0.005, memory: 4511, decode.loss_ce: 0.0758, decode.loss_dice: 0.2337, decode.acc_seg: 98.7542, loss: 0.3096
2025-11-17 23:29:17,986 - mmseg - INFO - Iter [700/10000]	lr: 9.375e-04, eta: 0:33:16, time: 0.210, data_time: 0.005, memory: 4511, decode.loss_ce: 0.0897, decode.loss_dice: 0.2220, decode.acc_seg: 98.6308, loss: 0.3117
2025-11-17 23:29:30,704 - mmseg - INFO - Iter [750/10000]	lr: 9.330e-04, eta: 0:33:30, time: 0.254, data_time: 0.050, memory: 4511, decode.loss_ce: 0.1051, decode.loss_dice: 0.2450, decode.acc_seg: 98.4635, loss: 0.3501
2025-11-17 23:29:41,130 - mmseg - INFO - Iter [800/10000]	lr: 9.285e-04, eta: 0:33:14, time: 0.208, data_time: 0.005, memory: 4511, decode.loss_ce: 0.0910, decode.loss_dice: 0.2561, decode.acc_seg: 98.6618, loss: 0.3471
2025-11-17 23:29:51,453 - mmseg - INFO - Iter [850/10000]	lr: 9.240e-04, eta: 0:32:57, time: 0.206, data_time: 0.005, memory: 4511, decode.loss_ce: 0.0741, decode.loss_dice: 0.2139, decode.acc_seg: 98.8716, loss: 0.2880
2025-11-17 23:30:01,807 - mmseg - INFO - Iter [900/10000]	lr: 9.195e-04, eta: 0:32:42, time: 0.207, data_time: 0.005, memory: 4511, decode.loss_ce: 0.0906, decode.loss_dice: 0.2472, decode.acc_seg: 98.6668, loss: 0.3379
2025-11-17 23:30:12,121 - mmseg - INFO - Iter [950/10000]	lr: 9.150e-04, eta: 0:32:27, time: 0.206, data_time: 0.005, memory: 4511, decode.loss_ce: 0.0941, decode.loss_dice: 0.2503, decode.acc_seg: 98.5141, loss: 0.3443
2025-11-17 23:30:22,466 - mmseg - INFO - Exp name: deeplabv3plus_tr.py
2025-11-17 23:30:22,467 - mmseg - INFO - Iter [1000/10000]	lr: 9.105e-04, eta: 0:32:12, time: 0.207, data_time: 0.005, memory: 4511, decode.loss_ce: 0.0828, decode.loss_dice: 0.2371, decode.acc_seg: 98.7617, loss: 0.3198
2025-11-17 23:30:35,470 - mmseg - INFO - per class results:
2025-11-17 23:30:35,471 - mmseg - INFO - 
+------------+-------+-------+-------+--------+-----------+--------+-------+
|   Class    |  IoU  |  HD95 |  Acc  | Fscore | Precision | Recall |  Dice |
+------------+-------+-------+-------+--------+-----------+--------+-------+
| background | 98.15 |  7.05 | 99.82 | 99.07  |   98.33   | 99.82  | 99.07 |
|   Lesion   | 46.46 | 15.26 | 49.02 | 63.45  |   89.92   | 49.02  | 63.45 |
+------------+-------+-------+-------+--------+-----------+--------+-------+
2025-11-17 23:30:35,471 - mmseg - INFO - Summary:
2025-11-17 23:30:35,471 - mmseg - INFO - 
+-------+-------+-------+-------+---------+------------+---------+-------+
|  aAcc |  mIoU | mHD95 |  mAcc | mFscore | mPrecision | mRecall | mDice |
+-------+-------+-------+-------+---------+------------+---------+-------+
| 98.18 | 72.31 | 11.16 | 74.42 |  81.26  |   94.12    |  74.42  | 81.26 |
+-------+-------+-------+-------+---------+------------+---------+-------+
2025-11-17 23:30:35,476 - mmseg - INFO - Exp name: deeplabv3plus_tr.py
2025-11-17 23:30:35,476 - mmseg - INFO - Iter(val) [32]	aAcc: 0.9818, mIoU: 0.7231, mHD95: 0.1116, mAcc: 0.7442, mFscore: 0.8126, mPrecision: 0.9412, mRecall: 0.7442, mDice: 0.8126, IoU.background: 0.9815, IoU.Lesion: 0.4646, HD95.background: 0.0705, HD95.Lesion: 0.1526, Acc.background: 0.9982, Acc.Lesion: 0.4902, Fscore.background: 0.9907, Fscore.Lesion: 0.6345, Precision.background: 0.9833, Precision.Lesion: 0.8992, Recall.background: 0.9982, Recall.Lesion: 0.4902, Dice.background: 0.9907, Dice.Lesion: 0.6345
2025-11-17 23:30:45,835 - mmseg - INFO - Iter [1050/10000]	lr: 9.060e-04, eta: 0:33:49, time: 0.467, data_time: 0.265, memory: 4511, decode.loss_ce: 0.0725, decode.loss_dice: 0.2163, decode.acc_seg: 98.8163, loss: 0.2888
2025-11-17 23:30:56,276 - mmseg - INFO - Iter [1100/10000]	lr: 9.015e-04, eta: 0:33:30, time: 0.209, data_time: 0.005, memory: 4511, decode.loss_ce: 0.0839, decode.loss_dice: 0.2471, decode.acc_seg: 98.7113, loss: 0.3310
2025-11-17 23:31:06,585 - mmseg - INFO - Iter [1150/10000]	lr: 8.970e-04, eta: 0:33:12, time: 0.206, data_time: 0.005, memory: 4511, decode.loss_ce: 0.0864, decode.loss_dice: 0.2450, decode.acc_seg: 98.5974, loss: 0.3314
2025-11-17 23:31:16,920 - mmseg - INFO - Iter [1200/10000]	lr: 8.925e-04, eta: 0:32:54, time: 0.207, data_time: 0.005, memory: 4511, decode.loss_ce: 0.0811, decode.loss_dice: 0.2475, decode.acc_seg: 98.6582, loss: 0.3286
2025-11-17 23:31:27,216 - mmseg - INFO - Iter [1250/10000]	lr: 8.880e-04, eta: 0:32:36, time: 0.206, data_time: 0.005, memory: 4511, decode.loss_ce: 0.0730, decode.loss_dice: 0.2201, decode.acc_seg: 98.8520, loss: 0.2930
2025-11-17 23:31:37,524 - mmseg - INFO - Iter [1300/10000]	lr: 8.835e-04, eta: 0:32:19, time: 0.206, data_time: 0.005, memory: 4511, decode.loss_ce: 0.0733, decode.loss_dice: 0.2222, decode.acc_seg: 98.8506, loss: 0.2956
2025-11-17 23:31:47,808 - mmseg - INFO - Iter [1350/10000]	lr: 8.790e-04, eta: 0:32:02, time: 0.206, data_time: 0.005, memory: 4511, decode.loss_ce: 0.0766, decode.loss_dice: 0.2229, decode.acc_seg: 98.8895, loss: 0.2995
2025-11-17 23:31:58,199 - mmseg - INFO - Iter [1400/10000]	lr: 8.744e-04, eta: 0:31:47, time: 0.208, data_time: 0.005, memory: 4511, decode.loss_ce: 0.0718, decode.loss_dice: 0.2141, decode.acc_seg: 98.8445, loss: 0.2859
2025-11-17 23:32:10,782 - mmseg - INFO - Iter [1450/10000]	lr: 8.699e-04, eta: 0:31:44, time: 0.252, data_time: 0.049, memory: 4511, decode.loss_ce: 0.0681, decode.loss_dice: 0.2163, decode.acc_seg: 98.8705, loss: 0.2843
2025-11-17 23:32:21,054 - mmseg - INFO - Iter [1500/10000]	lr: 8.654e-04, eta: 0:31:28, time: 0.205, data_time: 0.005, memory: 4511, decode.loss_ce: 0.0802, decode.loss_dice: 0.2226, decode.acc_seg: 98.7295, loss: 0.3028
2025-11-17 23:32:31,371 - mmseg - INFO - Iter [1550/10000]	lr: 8.608e-04, eta: 0:31:13, time: 0.206, data_time: 0.005, memory: 4511, decode.loss_ce: 0.0807, decode.loss_dice: 0.2248, decode.acc_seg: 98.7820, loss: 0.3055
2025-11-17 23:32:41,665 - mmseg - INFO - Iter [1600/10000]	lr: 8.563e-04, eta: 0:30:58, time: 0.206, data_time: 0.005, memory: 4511, decode.loss_ce: 0.0647, decode.loss_dice: 0.2000, decode.acc_seg: 98.9454, loss: 0.2647
2025-11-17 23:32:51,974 - mmseg - INFO - Iter [1650/10000]	lr: 8.518e-04, eta: 0:30:43, time: 0.206, data_time: 0.005, memory: 4511, decode.loss_ce: 0.0777, decode.loss_dice: 0.2397, decode.acc_seg: 98.7540, loss: 0.3174
2025-11-17 23:33:02,289 - mmseg - INFO - Iter [1700/10000]	lr: 8.472e-04, eta: 0:30:28, time: 0.206, data_time: 0.006, memory: 4511, decode.loss_ce: 0.0744, decode.loss_dice: 0.2128, decode.acc_seg: 98.8764, loss: 0.2872
2025-11-17 23:33:12,552 - mmseg - INFO - Iter [1750/10000]	lr: 8.427e-04, eta: 0:30:14, time: 0.205, data_time: 0.005, memory: 4511, decode.loss_ce: 0.0587, decode.loss_dice: 0.2157, decode.acc_seg: 99.0705, loss: 0.2744
2025-11-17 23:33:22,840 - mmseg - INFO - Iter [1800/10000]	lr: 8.382e-04, eta: 0:29:59, time: 0.206, data_time: 0.005, memory: 4511, decode.loss_ce: 0.0984, decode.loss_dice: 0.2494, decode.acc_seg: 98.4572, loss: 0.3478
2025-11-17 23:33:33,099 - mmseg - INFO - Iter [1850/10000]	lr: 8.336e-04, eta: 0:29:45, time: 0.205, data_time: 0.005, memory: 4511, decode.loss_ce: 0.0681, decode.loss_dice: 0.2270, decode.acc_seg: 98.9202, loss: 0.2951
2025-11-17 23:33:43,407 - mmseg - INFO - Iter [1900/10000]	lr: 8.291e-04, eta: 0:29:32, time: 0.206, data_time: 0.005, memory: 4511, decode.loss_ce: 0.0733, decode.loss_dice: 0.2056, decode.acc_seg: 98.7056, loss: 0.2789
2025-11-17 23:33:53,694 - mmseg - INFO - Iter [1950/10000]	lr: 8.245e-04, eta: 0:29:18, time: 0.206, data_time: 0.005, memory: 4511, decode.loss_ce: 0.0761, decode.loss_dice: 0.2194, decode.acc_seg: 98.8152, loss: 0.2955
2025-11-17 23:34:04,044 - mmseg - INFO - Exp name: deeplabv3plus_tr.py
2025-11-17 23:34:04,044 - mmseg - INFO - Iter [2000/10000]	lr: 8.200e-04, eta: 0:29:05, time: 0.207, data_time: 0.005, memory: 4511, decode.loss_ce: 0.0740, decode.loss_dice: 0.2256, decode.acc_seg: 98.7336, loss: 0.2996
2025-11-17 23:34:11,760 - mmseg - INFO - per class results:
2025-11-17 23:34:11,761 - mmseg - INFO - 
+------------+-------+------+-------+--------+-----------+--------+-------+
|   Class    |  IoU  | HD95 |  Acc  | Fscore | Precision | Recall |  Dice |
+------------+-------+------+-------+--------+-----------+--------+-------+
| background | 98.18 | 7.04 | 99.84 | 99.08  |   98.34   | 99.84  | 99.08 |
|   Lesion   | 47.13 | 15.2 | 49.41 | 64.07  |   91.07   | 49.41  | 64.07 |
+------------+-------+------+-------+--------+-----------+--------+-------+
2025-11-17 23:34:11,761 - mmseg - INFO - Summary:
2025-11-17 23:34:11,762 - mmseg - INFO - 
+-------+-------+-------+-------+---------+------------+---------+-------+
|  aAcc |  mIoU | mHD95 |  mAcc | mFscore | mPrecision | mRecall | mDice |
+-------+-------+-------+-------+---------+------------+---------+-------+
| 98.21 | 72.66 | 11.12 | 74.63 |  81.57  |   94.71    |  74.63  | 81.57 |
+-------+-------+-------+-------+---------+------------+---------+-------+
2025-11-17 23:34:11,764 - mmseg - INFO - Exp name: deeplabv3plus_tr.py
2025-11-17 23:34:11,764 - mmseg - INFO - Iter(val) [32]	aAcc: 0.9821, mIoU: 0.7266, mHD95: 0.1112, mAcc: 0.7463, mFscore: 0.8157, mPrecision: 0.9471, mRecall: 0.7463, mDice: 0.8157, IoU.background: 0.9818, IoU.Lesion: 0.4713, HD95.background: 0.0704, HD95.Lesion: 0.1520, Acc.background: 0.9984, Acc.Lesion: 0.4941, Fscore.background: 0.9908, Fscore.Lesion: 0.6407, Precision.background: 0.9834, Precision.Lesion: 0.9107, Recall.background: 0.9984, Recall.Lesion: 0.4941, Dice.background: 0.9908, Dice.Lesion: 0.6407
2025-11-17 23:34:22,095 - mmseg - INFO - Iter [2050/10000]	lr: 8.154e-04, eta: 0:29:22, time: 0.361, data_time: 0.160, memory: 4511, decode.loss_ce: 0.0835, decode.loss_dice: 0.2199, decode.acc_seg: 98.7016, loss: 0.3034
2025-11-17 23:34:32,366 - mmseg - INFO - Iter [2100/10000]	lr: 8.108e-04, eta: 0:29:07, time: 0.205, data_time: 0.005, memory: 4511, decode.loss_ce: 0.0740, decode.loss_dice: 0.2269, decode.acc_seg: 98.8352, loss: 0.3009
2025-11-17 23:34:44,990 - mmseg - INFO - Iter [2150/10000]	lr: 8.063e-04, eta: 0:29:02, time: 0.252, data_time: 0.050, memory: 4511, decode.loss_ce: 0.0650, decode.loss_dice: 0.2140, decode.acc_seg: 98.9017, loss: 0.2789
2025-11-17 23:34:55,288 - mmseg - INFO - Iter [2200/10000]	lr: 8.017e-04, eta: 0:28:48, time: 0.206, data_time: 0.005, memory: 4511, decode.loss_ce: 0.0815, decode.loss_dice: 0.2316, decode.acc_seg: 98.6239, loss: 0.3131
2025-11-17 23:35:05,590 - mmseg - INFO - Iter [2250/10000]	lr: 7.971e-04, eta: 0:28:34, time: 0.206, data_time: 0.005, memory: 4511, decode.loss_ce: 0.0806, decode.loss_dice: 0.2294, decode.acc_seg: 98.7424, loss: 0.3100
2025-11-17 23:35:16,026 - mmseg - INFO - Iter [2300/10000]	lr: 7.926e-04, eta: 0:28:21, time: 0.209, data_time: 0.006, memory: 4511, decode.loss_ce: 0.0566, decode.loss_dice: 0.2082, decode.acc_seg: 99.0554, loss: 0.2648
2025-11-17 23:35:26,476 - mmseg - INFO - Iter [2350/10000]	lr: 7.880e-04, eta: 0:28:08, time: 0.209, data_time: 0.007, memory: 4511, decode.loss_ce: 0.0777, decode.loss_dice: 0.2052, decode.acc_seg: 98.7245, loss: 0.2829
2025-11-17 23:35:36,936 - mmseg - INFO - Iter [2400/10000]	lr: 7.834e-04, eta: 0:27:55, time: 0.209, data_time: 0.007, memory: 4511, decode.loss_ce: 0.0754, decode.loss_dice: 0.2137, decode.acc_seg: 98.7743, loss: 0.2891
2025-11-17 23:35:47,358 - mmseg - INFO - Iter [2450/10000]	lr: 7.788e-04, eta: 0:27:42, time: 0.208, data_time: 0.007, memory: 4511, decode.loss_ce: 0.0687, decode.loss_dice: 0.2039, decode.acc_seg: 98.8603, loss: 0.2726
2025-11-17 23:35:57,794 - mmseg - INFO - Iter [2500/10000]	lr: 7.743e-04, eta: 0:27:30, time: 0.209, data_time: 0.007, memory: 4511, decode.loss_ce: 0.0658, decode.loss_dice: 0.2095, decode.acc_seg: 98.9384, loss: 0.2753
2025-11-17 23:36:08,190 - mmseg - INFO - Iter [2550/10000]	lr: 7.697e-04, eta: 0:27:17, time: 0.208, data_time: 0.007, memory: 4511, decode.loss_ce: 0.0678, decode.loss_dice: 0.1980, decode.acc_seg: 98.9021, loss: 0.2658
2025-11-17 23:36:18,628 - mmseg - INFO - Iter [2600/10000]	lr: 7.651e-04, eta: 0:27:04, time: 0.209, data_time: 0.007, memory: 4511, decode.loss_ce: 0.0775, decode.loss_dice: 0.2134, decode.acc_seg: 98.7765, loss: 0.2909
2025-11-17 23:36:29,039 - mmseg - INFO - Iter [2650/10000]	lr: 7.605e-04, eta: 0:26:52, time: 0.208, data_time: 0.007, memory: 4511, decode.loss_ce: 0.0658, decode.loss_dice: 0.2161, decode.acc_seg: 98.9899, loss: 0.2819
2025-11-17 23:36:39,498 - mmseg - INFO - Iter [2700/10000]	lr: 7.559e-04, eta: 0:26:39, time: 0.209, data_time: 0.007, memory: 4511, decode.loss_ce: 0.0672, decode.loss_dice: 0.2217, decode.acc_seg: 98.9321, loss: 0.2889
2025-11-17 23:36:49,856 - mmseg - INFO - Iter [2750/10000]	lr: 7.513e-04, eta: 0:26:27, time: 0.207, data_time: 0.007, memory: 4511, decode.loss_ce: 0.0885, decode.loss_dice: 0.2246, decode.acc_seg: 98.5864, loss: 0.3131
2025-11-17 23:37:00,261 - mmseg - INFO - Iter [2800/10000]	lr: 7.467e-04, eta: 0:26:15, time: 0.208, data_time: 0.007, memory: 4511, decode.loss_ce: 0.0773, decode.loss_dice: 0.2257, decode.acc_seg: 98.6902, loss: 0.3030
2025-11-17 23:37:12,850 - mmseg - INFO - Iter [2850/10000]	lr: 7.421e-04, eta: 0:26:08, time: 0.252, data_time: 0.051, memory: 4511, decode.loss_ce: 0.0595, decode.loss_dice: 0.2077, decode.acc_seg: 99.0062, loss: 0.2672
2025-11-17 23:37:23,269 - mmseg - INFO - Iter [2900/10000]	lr: 7.375e-04, eta: 0:25:55, time: 0.208, data_time: 0.007, memory: 4511, decode.loss_ce: 0.0859, decode.loss_dice: 0.2356, decode.acc_seg: 98.6106, loss: 0.3214
2025-11-17 23:37:33,610 - mmseg - INFO - Iter [2950/10000]	lr: 7.329e-04, eta: 0:25:43, time: 0.207, data_time: 0.006, memory: 4511, decode.loss_ce: 0.0696, decode.loss_dice: 0.2328, decode.acc_seg: 98.8062, loss: 0.3024
2025-11-17 23:37:43,983 - mmseg - INFO - Exp name: deeplabv3plus_tr.py
2025-11-17 23:37:43,983 - mmseg - INFO - Iter [3000/10000]	lr: 7.283e-04, eta: 0:25:31, time: 0.207, data_time: 0.006, memory: 4511, decode.loss_ce: 0.0659, decode.loss_dice: 0.2081, decode.acc_seg: 98.9644, loss: 0.2740
2025-11-17 23:37:51,396 - mmseg - INFO - per class results:
2025-11-17 23:37:51,397 - mmseg - INFO - 
+------------+-------+-------+-------+--------+-----------+--------+-------+
|   Class    |  IoU  |  HD95 |  Acc  | Fscore | Precision | Recall |  Dice |
+------------+-------+-------+-------+--------+-----------+--------+-------+
| background | 97.69 |  7.13 | 99.86 | 98.83  |   97.82   | 99.86  | 98.83 |
|   Lesion   | 31.94 | 17.89 | 33.27 | 48.42  |   88.89   | 33.27  | 48.42 |
+------------+-------+-------+-------+--------+-----------+--------+-------+
2025-11-17 23:37:51,397 - mmseg - INFO - Summary:
2025-11-17 23:37:51,397 - mmseg - INFO - 
+-------+-------+-------+-------+---------+------------+---------+-------+
|  aAcc |  mIoU | mHD95 |  mAcc | mFscore | mPrecision | mRecall | mDice |
+-------+-------+-------+-------+---------+------------+---------+-------+
| 97.71 | 64.82 | 12.51 | 66.57 |  73.63  |   93.35    |  66.57  | 73.63 |
+-------+-------+-------+-------+---------+------------+---------+-------+
2025-11-17 23:37:51,400 - mmseg - INFO - Exp name: deeplabv3plus_tr.py
2025-11-17 23:37:51,400 - mmseg - INFO - Iter(val) [32]	aAcc: 0.9771, mIoU: 0.6482, mHD95: 0.1251, mAcc: 0.6657, mFscore: 0.7363, mPrecision: 0.9335, mRecall: 0.6657, mDice: 0.7363, IoU.background: 0.9769, IoU.Lesion: 0.3194, HD95.background: 0.0713, HD95.Lesion: 0.1789, Acc.background: 0.9986, Acc.Lesion: 0.3327, Fscore.background: 0.9883, Fscore.Lesion: 0.4842, Precision.background: 0.9782, Precision.Lesion: 0.8889, Recall.background: 0.9986, Recall.Lesion: 0.3327, Dice.background: 0.9883, Dice.Lesion: 0.4842
2025-11-17 23:38:01,734 - mmseg - INFO - Iter [3050/10000]	lr: 7.236e-04, eta: 0:25:35, time: 0.355, data_time: 0.154, memory: 4511, decode.loss_ce: 0.0827, decode.loss_dice: 0.2290, decode.acc_seg: 98.6488, loss: 0.3117
2025-11-17 23:38:12,111 - mmseg - INFO - Iter [3100/10000]	lr: 7.190e-04, eta: 0:25:23, time: 0.208, data_time: 0.006, memory: 4511, decode.loss_ce: 0.0619, decode.loss_dice: 0.1988, decode.acc_seg: 99.0168, loss: 0.2607
2025-11-17 23:38:22,509 - mmseg - INFO - Iter [3150/10000]	lr: 7.144e-04, eta: 0:25:10, time: 0.208, data_time: 0.006, memory: 4511, decode.loss_ce: 0.0745, decode.loss_dice: 0.2226, decode.acc_seg: 98.8346, loss: 0.2971
2025-11-17 23:38:32,898 - mmseg - INFO - Iter [3200/10000]	lr: 7.098e-04, eta: 0:24:58, time: 0.208, data_time: 0.006, memory: 4511, decode.loss_ce: 0.0796, decode.loss_dice: 0.2214, decode.acc_seg: 98.7499, loss: 0.3010
2025-11-17 23:38:43,252 - mmseg - INFO - Iter [3250/10000]	lr: 7.051e-04, eta: 0:24:46, time: 0.207, data_time: 0.006, memory: 4511, decode.loss_ce: 0.0634, decode.loss_dice: 0.2084, decode.acc_seg: 98.9658, loss: 0.2718
2025-11-17 23:38:53,608 - mmseg - INFO - Iter [3300/10000]	lr: 7.005e-04, eta: 0:24:33, time: 0.207, data_time: 0.006, memory: 4511, decode.loss_ce: 0.0617, decode.loss_dice: 0.2147, decode.acc_seg: 98.9621, loss: 0.2764
2025-11-17 23:39:03,974 - mmseg - INFO - Iter [3350/10000]	lr: 6.959e-04, eta: 0:24:21, time: 0.207, data_time: 0.006, memory: 4511, decode.loss_ce: 0.0634, decode.loss_dice: 0.2027, decode.acc_seg: 98.9285, loss: 0.2661
2025-11-17 23:39:14,392 - mmseg - INFO - Iter [3400/10000]	lr: 6.912e-04, eta: 0:24:09, time: 0.208, data_time: 0.006, memory: 4511, decode.loss_ce: 0.0627, decode.loss_dice: 0.1952, decode.acc_seg: 99.0693, loss: 0.2579
2025-11-17 23:39:24,742 - mmseg - INFO - Iter [3450/10000]	lr: 6.866e-04, eta: 0:23:57, time: 0.207, data_time: 0.006, memory: 4511, decode.loss_ce: 0.0702, decode.loss_dice: 0.2076, decode.acc_seg: 98.8604, loss: 0.2778
2025-11-17 23:39:35,109 - mmseg - INFO - Iter [3500/10000]	lr: 6.819e-04, eta: 0:23:45, time: 0.207, data_time: 0.006, memory: 4511, decode.loss_ce: 0.0859, decode.loss_dice: 0.2252, decode.acc_seg: 98.4664, loss: 0.3110
2025-11-17 23:39:45,409 - mmseg - INFO - Iter [3550/10000]	lr: 6.773e-04, eta: 0:23:32, time: 0.206, data_time: 0.005, memory: 4511, decode.loss_ce: 0.0734, decode.loss_dice: 0.2169, decode.acc_seg: 98.8076, loss: 0.2902
2025-11-17 23:39:58,014 - mmseg - INFO - Iter [3600/10000]	lr: 6.726e-04, eta: 0:23:24, time: 0.252, data_time: 0.049, memory: 4511, decode.loss_ce: 0.0738, decode.loss_dice: 0.2068, decode.acc_seg: 98.8986, loss: 0.2806
2025-11-17 23:40:08,327 - mmseg - INFO - Iter [3650/10000]	lr: 6.680e-04, eta: 0:23:12, time: 0.206, data_time: 0.005, memory: 4511, decode.loss_ce: 0.0767, decode.loss_dice: 0.2107, decode.acc_seg: 98.7603, loss: 0.2874
2025-11-17 23:40:18,653 - mmseg - INFO - Iter [3700/10000]	lr: 6.633e-04, eta: 0:23:00, time: 0.207, data_time: 0.005, memory: 4511, decode.loss_ce: 0.0616, decode.loss_dice: 0.1950, decode.acc_seg: 99.0587, loss: 0.2567
2025-11-17 23:40:28,958 - mmseg - INFO - Iter [3750/10000]	lr: 6.586e-04, eta: 0:22:48, time: 0.206, data_time: 0.005, memory: 4511, decode.loss_ce: 0.0562, decode.loss_dice: 0.1874, decode.acc_seg: 99.0796, loss: 0.2435
2025-11-17 23:40:39,295 - mmseg - INFO - Iter [3800/10000]	lr: 6.539e-04, eta: 0:22:36, time: 0.207, data_time: 0.005, memory: 4511, decode.loss_ce: 0.0778, decode.loss_dice: 0.2065, decode.acc_seg: 98.7588, loss: 0.2843
2025-11-17 23:40:49,607 - mmseg - INFO - Iter [3850/10000]	lr: 6.493e-04, eta: 0:22:24, time: 0.206, data_time: 0.005, memory: 4511, decode.loss_ce: 0.0737, decode.loss_dice: 0.2033, decode.acc_seg: 98.8210, loss: 0.2771
2025-11-17 23:40:59,953 - mmseg - INFO - Iter [3900/10000]	lr: 6.446e-04, eta: 0:22:12, time: 0.207, data_time: 0.005, memory: 4511, decode.loss_ce: 0.0643, decode.loss_dice: 0.1971, decode.acc_seg: 98.9748, loss: 0.2614
2025-11-17 23:41:10,282 - mmseg - INFO - Iter [3950/10000]	lr: 6.399e-04, eta: 0:22:01, time: 0.207, data_time: 0.005, memory: 4511, decode.loss_ce: 0.0614, decode.loss_dice: 0.2026, decode.acc_seg: 98.9390, loss: 0.2640
2025-11-17 23:41:20,631 - mmseg - INFO - Exp name: deeplabv3plus_tr.py
2025-11-17 23:41:20,631 - mmseg - INFO - Iter [4000/10000]	lr: 6.352e-04, eta: 0:21:49, time: 0.207, data_time: 0.005, memory: 4511, decode.loss_ce: 0.0636, decode.loss_dice: 0.2055, decode.acc_seg: 98.8864, loss: 0.2692
2025-11-17 23:41:28,551 - mmseg - INFO - per class results:
2025-11-17 23:41:28,552 - mmseg - INFO - 
+------------+-------+-------+-------+--------+-----------+--------+-------+
|   Class    |  IoU  |  HD95 |  Acc  | Fscore | Precision | Recall |  Dice |
+------------+-------+-------+-------+--------+-----------+--------+-------+
| background | 98.47 |  6.96 | 99.61 | 99.23  |   98.84   | 99.61  | 99.23 |
|   Lesion   |  58.3 | 12.59 | 65.04 | 73.66  |   84.91   | 65.04  | 73.66 |
+------------+-------+-------+-------+--------+-----------+--------+-------+
2025-11-17 23:41:28,552 - mmseg - INFO - Summary:
2025-11-17 23:41:28,552 - mmseg - INFO - 
+------+-------+-------+-------+---------+------------+---------+-------+
| aAcc |  mIoU | mHD95 |  mAcc | mFscore | mPrecision | mRecall | mDice |
+------+-------+-------+-------+---------+------------+---------+-------+
| 98.5 | 78.38 |  9.78 | 82.33 |  86.44  |   91.88    |  82.33  | 86.44 |
+------+-------+-------+-------+---------+------------+---------+-------+
2025-11-17 23:41:28,554 - mmseg - INFO - Exp name: deeplabv3plus_tr.py
2025-11-17 23:41:28,554 - mmseg - INFO - Iter(val) [32]	aAcc: 0.9850, mIoU: 0.7838, mHD95: 0.0978, mAcc: 0.8233, mFscore: 0.8644, mPrecision: 0.9188, mRecall: 0.8233, mDice: 0.8644, IoU.background: 0.9847, IoU.Lesion: 0.5830, HD95.background: 0.0696, HD95.Lesion: 0.1259, Acc.background: 0.9961, Acc.Lesion: 0.6504, Fscore.background: 0.9923, Fscore.Lesion: 0.7366, Precision.background: 0.9884, Precision.Lesion: 0.8491, Recall.background: 0.9961, Recall.Lesion: 0.6504, Dice.background: 0.9923, Dice.Lesion: 0.7366
2025-11-17 23:41:38,890 - mmseg - INFO - Iter [4050/10000]	lr: 6.305e-04, eta: 0:21:49, time: 0.365, data_time: 0.163, memory: 4511, decode.loss_ce: 0.0721, decode.loss_dice: 0.2095, decode.acc_seg: 98.8525, loss: 0.2816
2025-11-17 23:41:49,183 - mmseg - INFO - Iter [4100/10000]	lr: 6.258e-04, eta: 0:21:37, time: 0.206, data_time: 0.005, memory: 4511, decode.loss_ce: 0.0689, decode.loss_dice: 0.2145, decode.acc_seg: 98.8035, loss: 0.2834
2025-11-17 23:41:59,473 - mmseg - INFO - Iter [4150/10000]	lr: 6.211e-04, eta: 0:21:25, time: 0.206, data_time: 0.005, memory: 4511, decode.loss_ce: 0.0749, decode.loss_dice: 0.2141, decode.acc_seg: 98.8109, loss: 0.2890
2025-11-17 23:42:09,760 - mmseg - INFO - Iter [4200/10000]	lr: 6.164e-04, eta: 0:21:13, time: 0.206, data_time: 0.005, memory: 4511, decode.loss_ce: 0.0768, decode.loss_dice: 0.2178, decode.acc_seg: 98.6794, loss: 0.2946
2025-11-17 23:42:20,044 - mmseg - INFO - Iter [4250/10000]	lr: 6.117e-04, eta: 0:21:01, time: 0.206, data_time: 0.005, memory: 4511, decode.loss_ce: 0.0714, decode.loss_dice: 0.2304, decode.acc_seg: 98.8817, loss: 0.3018
2025-11-17 23:42:32,708 - mmseg - INFO - Iter [4300/10000]	lr: 6.070e-04, eta: 0:20:52, time: 0.253, data_time: 0.050, memory: 4511, decode.loss_ce: 0.0788, decode.loss_dice: 0.2090, decode.acc_seg: 98.7328, loss: 0.2879
2025-11-17 23:42:42,981 - mmseg - INFO - Iter [4350/10000]	lr: 6.023e-04, eta: 0:20:40, time: 0.205, data_time: 0.005, memory: 4511, decode.loss_ce: 0.0674, decode.loss_dice: 0.1967, decode.acc_seg: 98.9357, loss: 0.2641
2025-11-17 23:42:53,277 - mmseg - INFO - Iter [4400/10000]	lr: 5.976e-04, eta: 0:20:28, time: 0.206, data_time: 0.005, memory: 4511, decode.loss_ce: 0.0719, decode.loss_dice: 0.2109, decode.acc_seg: 98.8170, loss: 0.2828
2025-11-17 23:43:03,574 - mmseg - INFO - Iter [4450/10000]	lr: 5.929e-04, eta: 0:20:17, time: 0.206, data_time: 0.005, memory: 4511, decode.loss_ce: 0.0637, decode.loss_dice: 0.1939, decode.acc_seg: 98.9436, loss: 0.2575
2025-11-17 23:43:13,908 - mmseg - INFO - Iter [4500/10000]	lr: 5.881e-04, eta: 0:20:05, time: 0.207, data_time: 0.006, memory: 4511, decode.loss_ce: 0.0516, decode.loss_dice: 0.1814, decode.acc_seg: 99.1388, loss: 0.2329
2025-11-17 23:43:24,189 - mmseg - INFO - Iter [4550/10000]	lr: 5.834e-04, eta: 0:19:53, time: 0.206, data_time: 0.005, memory: 4511, decode.loss_ce: 0.0759, decode.loss_dice: 0.2216, decode.acc_seg: 98.8027, loss: 0.2975
2025-11-17 23:43:34,510 - mmseg - INFO - Iter [4600/10000]	lr: 5.787e-04, eta: 0:19:41, time: 0.206, data_time: 0.005, memory: 4511, decode.loss_ce: 0.0618, decode.loss_dice: 0.2019, decode.acc_seg: 99.0274, loss: 0.2637
2025-11-17 23:43:44,793 - mmseg - INFO - Iter [4650/10000]	lr: 5.739e-04, eta: 0:19:30, time: 0.206, data_time: 0.005, memory: 4511, decode.loss_ce: 0.0626, decode.loss_dice: 0.1909, decode.acc_seg: 98.9520, loss: 0.2535
2025-11-17 23:43:55,099 - mmseg - INFO - Iter [4700/10000]	lr: 5.692e-04, eta: 0:19:18, time: 0.206, data_time: 0.005, memory: 4511, decode.loss_ce: 0.0559, decode.loss_dice: 0.1902, decode.acc_seg: 99.0627, loss: 0.2461
2025-11-17 23:44:05,354 - mmseg - INFO - Iter [4750/10000]	lr: 5.644e-04, eta: 0:19:06, time: 0.205, data_time: 0.005, memory: 4511, decode.loss_ce: 0.0658, decode.loss_dice: 0.1907, decode.acc_seg: 98.9654, loss: 0.2565
2025-11-17 23:44:15,670 - mmseg - INFO - Iter [4800/10000]	lr: 5.597e-04, eta: 0:18:55, time: 0.206, data_time: 0.005, memory: 4511, decode.loss_ce: 0.0641, decode.loss_dice: 0.1932, decode.acc_seg: 98.9285, loss: 0.2573
2025-11-17 23:44:25,960 - mmseg - INFO - Iter [4850/10000]	lr: 5.549e-04, eta: 0:18:43, time: 0.206, data_time: 0.005, memory: 4511, decode.loss_ce: 0.0650, decode.loss_dice: 0.1932, decode.acc_seg: 98.9252, loss: 0.2583
2025-11-17 23:44:36,302 - mmseg - INFO - Iter [4900/10000]	lr: 5.502e-04, eta: 0:18:32, time: 0.207, data_time: 0.005, memory: 4511, decode.loss_ce: 0.0555, decode.loss_dice: 0.1970, decode.acc_seg: 99.0573, loss: 0.2525
2025-11-17 23:44:46,559 - mmseg - INFO - Iter [4950/10000]	lr: 5.454e-04, eta: 0:18:20, time: 0.205, data_time: 0.005, memory: 4511, decode.loss_ce: 0.0778, decode.loss_dice: 0.2157, decode.acc_seg: 98.6671, loss: 0.2935
2025-11-17 23:44:59,117 - mmseg - INFO - Exp name: deeplabv3plus_tr.py
2025-11-17 23:44:59,117 - mmseg - INFO - Iter [5000/10000]	lr: 5.406e-04, eta: 0:18:11, time: 0.251, data_time: 0.050, memory: 4511, decode.loss_ce: 0.0699, decode.loss_dice: 0.1925, decode.acc_seg: 98.9039, loss: 0.2624
2025-11-17 23:45:06,638 - mmseg - INFO - per class results:
2025-11-17 23:45:06,639 - mmseg - INFO - 
+------------+-------+------+-------+--------+-----------+--------+-------+
|   Class    |  IoU  | HD95 |  Acc  | Fscore | Precision | Recall |  Dice |
+------------+-------+------+-------+--------+-----------+--------+-------+
| background | 98.26 | 7.03 | 99.84 | 99.12  |   98.42   | 99.84  | 99.12 |
|   Lesion   | 49.38 | 14.8 |  51.8 | 66.11  |   91.34   |  51.8  | 66.11 |
+------------+-------+------+-------+--------+-----------+--------+-------+
2025-11-17 23:45:06,639 - mmseg - INFO - Summary:
2025-11-17 23:45:06,640 - mmseg - INFO - 
+-------+-------+-------+-------+---------+------------+---------+-------+
|  aAcc |  mIoU | mHD95 |  mAcc | mFscore | mPrecision | mRecall | mDice |
+-------+-------+-------+-------+---------+------------+---------+-------+
| 98.29 | 73.82 | 10.92 | 75.82 |  82.62  |   94.88    |  75.82  | 82.62 |
+-------+-------+-------+-------+---------+------------+---------+-------+
2025-11-17 23:45:06,643 - mmseg - INFO - Exp name: deeplabv3plus_tr.py
2025-11-17 23:45:06,643 - mmseg - INFO - Iter(val) [32]	aAcc: 0.9829, mIoU: 0.7382, mHD95: 0.1092, mAcc: 0.7582, mFscore: 0.8262, mPrecision: 0.9488, mRecall: 0.7582, mDice: 0.8262, IoU.background: 0.9826, IoU.Lesion: 0.4938, HD95.background: 0.0703, HD95.Lesion: 0.1480, Acc.background: 0.9984, Acc.Lesion: 0.5180, Fscore.background: 0.9912, Fscore.Lesion: 0.6611, Precision.background: 0.9842, Precision.Lesion: 0.9134, Recall.background: 0.9984, Recall.Lesion: 0.5180, Dice.background: 0.9912, Dice.Lesion: 0.6611
2025-11-17 23:45:16,963 - mmseg - INFO - Iter [5050/10000]	lr: 5.358e-04, eta: 0:18:07, time: 0.357, data_time: 0.156, memory: 4511, decode.loss_ce: 0.0565, decode.loss_dice: 0.2049, decode.acc_seg: 99.1289, loss: 0.2615
2025-11-17 23:45:27,265 - mmseg - INFO - Iter [5100/10000]	lr: 5.311e-04, eta: 0:17:55, time: 0.206, data_time: 0.005, memory: 4511, decode.loss_ce: 0.0556, decode.loss_dice: 0.1848, decode.acc_seg: 99.1213, loss: 0.2404
2025-11-17 23:45:37,554 - mmseg - INFO - Iter [5150/10000]	lr: 5.263e-04, eta: 0:17:43, time: 0.206, data_time: 0.005, memory: 4511, decode.loss_ce: 0.0678, decode.loss_dice: 0.1950, decode.acc_seg: 98.9089, loss: 0.2628
2025-11-17 23:45:47,895 - mmseg - INFO - Iter [5200/10000]	lr: 5.215e-04, eta: 0:17:32, time: 0.207, data_time: 0.005, memory: 4511, decode.loss_ce: 0.0618, decode.loss_dice: 0.2067, decode.acc_seg: 98.9800, loss: 0.2686
2025-11-17 23:45:58,185 - mmseg - INFO - Iter [5250/10000]	lr: 5.167e-04, eta: 0:17:20, time: 0.206, data_time: 0.006, memory: 4511, decode.loss_ce: 0.0694, decode.loss_dice: 0.1965, decode.acc_seg: 98.8827, loss: 0.2659
2025-11-17 23:46:08,458 - mmseg - INFO - Iter [5300/10000]	lr: 5.119e-04, eta: 0:17:09, time: 0.205, data_time: 0.005, memory: 4511, decode.loss_ce: 0.0680, decode.loss_dice: 0.1986, decode.acc_seg: 98.8117, loss: 0.2666
2025-11-17 23:46:18,706 - mmseg - INFO - Iter [5350/10000]	lr: 5.071e-04, eta: 0:16:57, time: 0.205, data_time: 0.005, memory: 4511, decode.loss_ce: 0.0668, decode.loss_dice: 0.1997, decode.acc_seg: 98.9034, loss: 0.2665
2025-11-17 23:46:28,991 - mmseg - INFO - Iter [5400/10000]	lr: 5.023e-04, eta: 0:16:46, time: 0.206, data_time: 0.005, memory: 4511, decode.loss_ce: 0.0622, decode.loss_dice: 0.1894, decode.acc_seg: 98.9904, loss: 0.2516
2025-11-17 23:46:39,248 - mmseg - INFO - Iter [5450/10000]	lr: 4.975e-04, eta: 0:16:34, time: 0.205, data_time: 0.005, memory: 4511, decode.loss_ce: 0.0666, decode.loss_dice: 0.1946, decode.acc_seg: 98.8706, loss: 0.2612
2025-11-17 23:46:49,559 - mmseg - INFO - Iter [5500/10000]	lr: 4.926e-04, eta: 0:16:23, time: 0.206, data_time: 0.005, memory: 4511, decode.loss_ce: 0.0612, decode.loss_dice: 0.1913, decode.acc_seg: 98.9568, loss: 0.2525
2025-11-17 23:46:59,810 - mmseg - INFO - Iter [5550/10000]	lr: 4.878e-04, eta: 0:16:11, time: 0.205, data_time: 0.005, memory: 4511, decode.loss_ce: 0.0769, decode.loss_dice: 0.2067, decode.acc_seg: 98.7192, loss: 0.2837
2025-11-17 23:47:10,075 - mmseg - INFO - Iter [5600/10000]	lr: 4.830e-04, eta: 0:16:00, time: 0.205, data_time: 0.005, memory: 4511, decode.loss_ce: 0.0722, decode.loss_dice: 0.2010, decode.acc_seg: 98.7580, loss: 0.2732
2025-11-17 23:47:20,356 - mmseg - INFO - Iter [5650/10000]	lr: 4.781e-04, eta: 0:15:48, time: 0.206, data_time: 0.005, memory: 4511, decode.loss_ce: 0.0587, decode.loss_dice: 0.2005, decode.acc_seg: 99.0613, loss: 0.2592
2025-11-17 23:47:32,946 - mmseg - INFO - Iter [5700/10000]	lr: 4.733e-04, eta: 0:15:39, time: 0.252, data_time: 0.050, memory: 4511, decode.loss_ce: 0.0532, decode.loss_dice: 0.1915, decode.acc_seg: 99.1735, loss: 0.2447
2025-11-17 23:47:43,205 - mmseg - INFO - Iter [5750/10000]	lr: 4.684e-04, eta: 0:15:27, time: 0.205, data_time: 0.006, memory: 4511, decode.loss_ce: 0.0637, decode.loss_dice: 0.1940, decode.acc_seg: 98.9742, loss: 0.2577
2025-11-17 23:47:53,498 - mmseg - INFO - Iter [5800/10000]	lr: 4.636e-04, eta: 0:15:16, time: 0.206, data_time: 0.005, memory: 4511, decode.loss_ce: 0.0505, decode.loss_dice: 0.1809, decode.acc_seg: 99.1592, loss: 0.2313
2025-11-17 23:48:03,737 - mmseg - INFO - Iter [5850/10000]	lr: 4.587e-04, eta: 0:15:05, time: 0.205, data_time: 0.005, memory: 4511, decode.loss_ce: 0.0695, decode.loss_dice: 0.1936, decode.acc_seg: 98.7877, loss: 0.2631
2025-11-17 23:48:13,989 - mmseg - INFO - Iter [5900/10000]	lr: 4.538e-04, eta: 0:14:53, time: 0.205, data_time: 0.005, memory: 4511, decode.loss_ce: 0.0662, decode.loss_dice: 0.2048, decode.acc_seg: 98.9556, loss: 0.2710
2025-11-17 23:48:24,244 - mmseg - INFO - Iter [5950/10000]	lr: 4.490e-04, eta: 0:14:42, time: 0.205, data_time: 0.005, memory: 4511, decode.loss_ce: 0.0638, decode.loss_dice: 0.2011, decode.acc_seg: 98.9296, loss: 0.2649
2025-11-17 23:48:34,543 - mmseg - INFO - Exp name: deeplabv3plus_tr.py
2025-11-17 23:48:34,543 - mmseg - INFO - Iter [6000/10000]	lr: 4.441e-04, eta: 0:14:31, time: 0.206, data_time: 0.005, memory: 4511, decode.loss_ce: 0.0590, decode.loss_dice: 0.1889, decode.acc_seg: 99.0854, loss: 0.2478
2025-11-17 23:48:42,001 - mmseg - INFO - per class results:
2025-11-17 23:48:42,002 - mmseg - INFO - 
+------------+-------+-------+-------+--------+-----------+--------+-------+
|   Class    |  IoU  |  HD95 |  Acc  | Fscore | Precision | Recall |  Dice |
+------------+-------+-------+-------+--------+-----------+--------+-------+
| background | 98.25 |  7.01 | 99.71 | 99.12  |   98.52   | 99.71  | 99.12 |
|   Lesion   | 50.85 | 14.23 |  55.2 | 67.42  |   86.57   |  55.2  | 67.42 |
+------------+-------+-------+-------+--------+-----------+--------+-------+
2025-11-17 23:48:42,002 - mmseg - INFO - Summary:
2025-11-17 23:48:42,003 - mmseg - INFO - 
+-------+-------+-------+-------+---------+------------+---------+-------+
|  aAcc |  mIoU | mHD95 |  mAcc | mFscore | mPrecision | mRecall | mDice |
+-------+-------+-------+-------+---------+------------+---------+-------+
| 98.28 | 74.55 | 10.62 | 77.46 |  83.27  |   92.55    |  77.46  | 83.27 |
+-------+-------+-------+-------+---------+------------+---------+-------+
2025-11-17 23:48:42,005 - mmseg - INFO - Exp name: deeplabv3plus_tr.py
2025-11-17 23:48:42,006 - mmseg - INFO - Iter(val) [32]	aAcc: 0.9828, mIoU: 0.7455, mHD95: 0.1062, mAcc: 0.7746, mFscore: 0.8327, mPrecision: 0.9255, mRecall: 0.7746, mDice: 0.8327, IoU.background: 0.9825, IoU.Lesion: 0.5085, HD95.background: 0.0701, HD95.Lesion: 0.1423, Acc.background: 0.9971, Acc.Lesion: 0.5520, Fscore.background: 0.9912, Fscore.Lesion: 0.6742, Precision.background: 0.9852, Precision.Lesion: 0.8657, Recall.background: 0.9971, Recall.Lesion: 0.5520, Dice.background: 0.9912, Dice.Lesion: 0.6742
2025-11-17 23:48:52,270 - mmseg - INFO - Iter [6050/10000]	lr: 4.392e-04, eta: 0:14:24, time: 0.355, data_time: 0.155, memory: 4511, decode.loss_ce: 0.0809, decode.loss_dice: 0.2100, decode.acc_seg: 98.6278, loss: 0.2909
2025-11-17 23:49:02,527 - mmseg - INFO - Iter [6100/10000]	lr: 4.343e-04, eta: 0:14:13, time: 0.205, data_time: 0.005, memory: 4511, decode.loss_ce: 0.0667, decode.loss_dice: 0.1915, decode.acc_seg: 98.8688, loss: 0.2581
2025-11-17 23:49:12,805 - mmseg - INFO - Iter [6150/10000]	lr: 4.294e-04, eta: 0:14:02, time: 0.206, data_time: 0.005, memory: 4511, decode.loss_ce: 0.0622, decode.loss_dice: 0.1908, decode.acc_seg: 98.9234, loss: 0.2530
2025-11-17 23:49:23,114 - mmseg - INFO - Iter [6200/10000]	lr: 4.245e-04, eta: 0:13:50, time: 0.206, data_time: 0.005, memory: 4511, decode.loss_ce: 0.0652, decode.loss_dice: 0.1934, decode.acc_seg: 98.9336, loss: 0.2586
2025-11-17 23:49:33,376 - mmseg - INFO - Iter [6250/10000]	lr: 4.196e-04, eta: 0:13:39, time: 0.205, data_time: 0.005, memory: 4511, decode.loss_ce: 0.0562, decode.loss_dice: 0.1897, decode.acc_seg: 99.1094, loss: 0.2459
2025-11-17 23:49:43,680 - mmseg - INFO - Iter [6300/10000]	lr: 4.147e-04, eta: 0:13:28, time: 0.206, data_time: 0.005, memory: 4511, decode.loss_ce: 0.0697, decode.loss_dice: 0.2096, decode.acc_seg: 98.8597, loss: 0.2792
2025-11-17 23:49:53,943 - mmseg - INFO - Iter [6350/10000]	lr: 4.098e-04, eta: 0:13:16, time: 0.205, data_time: 0.005, memory: 4511, decode.loss_ce: 0.0610, decode.loss_dice: 0.1898, decode.acc_seg: 98.9616, loss: 0.2508
2025-11-17 23:50:06,545 - mmseg - INFO - Iter [6400/10000]	lr: 4.048e-04, eta: 0:13:06, time: 0.252, data_time: 0.049, memory: 4511, decode.loss_ce: 0.0621, decode.loss_dice: 0.1915, decode.acc_seg: 98.9024, loss: 0.2536
2025-11-17 23:50:16,834 - mmseg - INFO - Iter [6450/10000]	lr: 3.999e-04, eta: 0:12:55, time: 0.206, data_time: 0.005, memory: 4511, decode.loss_ce: 0.0608, decode.loss_dice: 0.2012, decode.acc_seg: 98.9544, loss: 0.2621
2025-11-17 23:50:27,176 - mmseg - INFO - Iter [6500/10000]	lr: 3.950e-04, eta: 0:12:44, time: 0.207, data_time: 0.005, memory: 4511, decode.loss_ce: 0.0691, decode.loss_dice: 0.2078, decode.acc_seg: 98.9375, loss: 0.2769
2025-11-17 23:50:37,467 - mmseg - INFO - Iter [6550/10000]	lr: 3.900e-04, eta: 0:12:33, time: 0.206, data_time: 0.005, memory: 4511, decode.loss_ce: 0.0656, decode.loss_dice: 0.1875, decode.acc_seg: 98.8984, loss: 0.2532
2025-11-17 23:50:47,809 - mmseg - INFO - Iter [6600/10000]	lr: 3.850e-04, eta: 0:12:21, time: 0.207, data_time: 0.005, memory: 4511, decode.loss_ce: 0.0665, decode.loss_dice: 0.2030, decode.acc_seg: 98.9790, loss: 0.2695
2025-11-17 23:50:58,083 - mmseg - INFO - Iter [6650/10000]	lr: 3.801e-04, eta: 0:12:10, time: 0.205, data_time: 0.005, memory: 4511, decode.loss_ce: 0.0551, decode.loss_dice: 0.1752, decode.acc_seg: 99.0454, loss: 0.2303
2025-11-17 23:51:08,396 - mmseg - INFO - Iter [6700/10000]	lr: 3.751e-04, eta: 0:11:59, time: 0.206, data_time: 0.005, memory: 4511, decode.loss_ce: 0.0614, decode.loss_dice: 0.1809, decode.acc_seg: 98.9680, loss: 0.2423
2025-11-17 23:51:18,688 - mmseg - INFO - Iter [6750/10000]	lr: 3.701e-04, eta: 0:11:48, time: 0.206, data_time: 0.005, memory: 4511, decode.loss_ce: 0.0581, decode.loss_dice: 0.1785, decode.acc_seg: 98.9677, loss: 0.2366
2025-11-17 23:51:28,990 - mmseg - INFO - Iter [6800/10000]	lr: 3.651e-04, eta: 0:11:37, time: 0.206, data_time: 0.005, memory: 4511, decode.loss_ce: 0.0622, decode.loss_dice: 0.1738, decode.acc_seg: 98.9736, loss: 0.2361
2025-11-17 23:51:39,290 - mmseg - INFO - Iter [6850/10000]	lr: 3.601e-04, eta: 0:11:25, time: 0.206, data_time: 0.005, memory: 4511, decode.loss_ce: 0.0647, decode.loss_dice: 0.1821, decode.acc_seg: 98.9388, loss: 0.2467
2025-11-17 23:51:49,602 - mmseg - INFO - Iter [6900/10000]	lr: 3.551e-04, eta: 0:11:14, time: 0.206, data_time: 0.006, memory: 4511, decode.loss_ce: 0.0690, decode.loss_dice: 0.2018, decode.acc_seg: 98.8982, loss: 0.2708
2025-11-17 23:51:59,893 - mmseg - INFO - Iter [6950/10000]	lr: 3.501e-04, eta: 0:11:03, time: 0.206, data_time: 0.006, memory: 4511, decode.loss_ce: 0.0530, decode.loss_dice: 0.1814, decode.acc_seg: 99.1101, loss: 0.2345
2025-11-17 23:52:10,191 - mmseg - INFO - Exp name: deeplabv3plus_tr.py
2025-11-17 23:52:10,191 - mmseg - INFO - Iter [7000/10000]	lr: 3.451e-04, eta: 0:10:52, time: 0.206, data_time: 0.006, memory: 4511, decode.loss_ce: 0.0629, decode.loss_dice: 0.2010, decode.acc_seg: 98.9866, loss: 0.2639
2025-11-17 23:52:17,679 - mmseg - INFO - per class results:
2025-11-17 23:52:17,680 - mmseg - INFO - 
+------------+-------+-------+-------+--------+-----------+--------+-------+
|   Class    |  IoU  |  HD95 |  Acc  | Fscore | Precision | Recall |  Dice |
+------------+-------+-------+-------+--------+-----------+--------+-------+
| background | 98.53 |  6.96 | 99.67 | 99.26  |   98.84   | 99.67  | 99.26 |
|   Lesion   | 59.28 | 12.59 | 65.07 | 74.43  |   86.96   | 65.07  | 74.43 |
+------------+-------+-------+-------+--------+-----------+--------+-------+
2025-11-17 23:52:17,680 - mmseg - INFO - Summary:
2025-11-17 23:52:17,680 - mmseg - INFO - 
+-------+------+-------+-------+---------+------------+---------+-------+
|  aAcc | mIoU | mHD95 |  mAcc | mFscore | mPrecision | mRecall | mDice |
+-------+------+-------+-------+---------+------------+---------+-------+
| 98.56 | 78.9 |  9.77 | 82.37 |  86.85  |    92.9    |  82.37  | 86.85 |
+-------+------+-------+-------+---------+------------+---------+-------+
2025-11-17 23:52:17,682 - mmseg - INFO - Exp name: deeplabv3plus_tr.py
2025-11-17 23:52:17,683 - mmseg - INFO - Iter(val) [32]	aAcc: 0.9856, mIoU: 0.7890, mHD95: 0.0977, mAcc: 0.8237, mFscore: 0.8685, mPrecision: 0.9290, mRecall: 0.8237, mDice: 0.8685, IoU.background: 0.9853, IoU.Lesion: 0.5928, HD95.background: 0.0696, HD95.Lesion: 0.1259, Acc.background: 0.9967, Acc.Lesion: 0.6507, Fscore.background: 0.9926, Fscore.Lesion: 0.7443, Precision.background: 0.9884, Precision.Lesion: 0.8696, Recall.background: 0.9967, Recall.Lesion: 0.6507, Dice.background: 0.9926, Dice.Lesion: 0.7443
2025-11-17 23:52:27,980 - mmseg - INFO - Iter [7050/10000]	lr: 3.401e-04, eta: 0:10:44, time: 0.356, data_time: 0.155, memory: 4511, decode.loss_ce: 0.0568, decode.loss_dice: 0.1800, decode.acc_seg: 99.0461, loss: 0.2368
2025-11-17 23:52:38,306 - mmseg - INFO - Iter [7100/10000]	lr: 3.350e-04, eta: 0:10:33, time: 0.207, data_time: 0.006, memory: 4511, decode.loss_ce: 0.0710, decode.loss_dice: 0.1966, decode.acc_seg: 98.8626, loss: 0.2675
2025-11-17 23:52:50,837 - mmseg - INFO - Iter [7150/10000]	lr: 3.300e-04, eta: 0:10:23, time: 0.251, data_time: 0.050, memory: 4511, decode.loss_ce: 0.0624, decode.loss_dice: 0.1879, decode.acc_seg: 98.9430, loss: 0.2503
2025-11-17 23:53:01,142 - mmseg - INFO - Iter [7200/10000]	lr: 3.249e-04, eta: 0:10:11, time: 0.206, data_time: 0.006, memory: 4511, decode.loss_ce: 0.0638, decode.loss_dice: 0.1917, decode.acc_seg: 98.9287, loss: 0.2555
2025-11-17 23:53:11,390 - mmseg - INFO - Iter [7250/10000]	lr: 3.199e-04, eta: 0:10:00, time: 0.205, data_time: 0.005, memory: 4511, decode.loss_ce: 0.0590, decode.loss_dice: 0.1842, decode.acc_seg: 99.0638, loss: 0.2433
2025-11-17 23:53:21,693 - mmseg - INFO - Iter [7300/10000]	lr: 3.148e-04, eta: 0:09:49, time: 0.206, data_time: 0.005, memory: 4511, decode.loss_ce: 0.0640, decode.loss_dice: 0.1969, decode.acc_seg: 98.9180, loss: 0.2609
2025-11-17 23:53:31,965 - mmseg - INFO - Iter [7350/10000]	lr: 3.097e-04, eta: 0:09:38, time: 0.205, data_time: 0.005, memory: 4511, decode.loss_ce: 0.0593, decode.loss_dice: 0.1896, decode.acc_seg: 99.0349, loss: 0.2488
2025-11-17 23:53:42,292 - mmseg - INFO - Iter [7400/10000]	lr: 3.046e-04, eta: 0:09:27, time: 0.207, data_time: 0.005, memory: 4511, decode.loss_ce: 0.0636, decode.loss_dice: 0.1961, decode.acc_seg: 98.9598, loss: 0.2597
2025-11-17 23:53:52,605 - mmseg - INFO - Iter [7450/10000]	lr: 2.995e-04, eta: 0:09:16, time: 0.206, data_time: 0.006, memory: 4511, decode.loss_ce: 0.0623, decode.loss_dice: 0.1818, decode.acc_seg: 98.8854, loss: 0.2441
2025-11-17 23:54:02,965 - mmseg - INFO - Iter [7500/10000]	lr: 2.944e-04, eta: 0:09:05, time: 0.207, data_time: 0.006, memory: 4511, decode.loss_ce: 0.0532, decode.loss_dice: 0.1772, decode.acc_seg: 99.1329, loss: 0.2303
2025-11-17 23:54:13,260 - mmseg - INFO - Iter [7550/10000]	lr: 2.893e-04, eta: 0:08:53, time: 0.206, data_time: 0.005, memory: 4511, decode.loss_ce: 0.0574, decode.loss_dice: 0.1771, decode.acc_seg: 99.0502, loss: 0.2344
2025-11-17 23:54:23,550 - mmseg - INFO - Iter [7600/10000]	lr: 2.841e-04, eta: 0:08:42, time: 0.206, data_time: 0.006, memory: 4511, decode.loss_ce: 0.0527, decode.loss_dice: 0.1918, decode.acc_seg: 99.0951, loss: 0.2445
2025-11-17 23:54:33,841 - mmseg - INFO - Iter [7650/10000]	lr: 2.790e-04, eta: 0:08:31, time: 0.206, data_time: 0.005, memory: 4511, decode.loss_ce: 0.0581, decode.loss_dice: 0.1685, decode.acc_seg: 99.1209, loss: 0.2266
2025-11-17 23:54:44,136 - mmseg - INFO - Iter [7700/10000]	lr: 2.739e-04, eta: 0:08:20, time: 0.206, data_time: 0.005, memory: 4511, decode.loss_ce: 0.0649, decode.loss_dice: 0.1783, decode.acc_seg: 98.9237, loss: 0.2432
2025-11-17 23:54:54,428 - mmseg - INFO - Iter [7750/10000]	lr: 2.687e-04, eta: 0:08:09, time: 0.206, data_time: 0.005, memory: 4511, decode.loss_ce: 0.0602, decode.loss_dice: 0.1793, decode.acc_seg: 98.9759, loss: 0.2395
2025-11-17 23:55:04,747 - mmseg - INFO - Iter [7800/10000]	lr: 2.635e-04, eta: 0:07:58, time: 0.206, data_time: 0.005, memory: 4511, decode.loss_ce: 0.0585, decode.loss_dice: 0.1756, decode.acc_seg: 99.0318, loss: 0.2341
2025-11-17 23:55:17,275 - mmseg - INFO - Iter [7850/10000]	lr: 2.583e-04, eta: 0:07:48, time: 0.251, data_time: 0.049, memory: 4511, decode.loss_ce: 0.0630, decode.loss_dice: 0.1759, decode.acc_seg: 98.9484, loss: 0.2389
2025-11-17 23:55:27,570 - mmseg - INFO - Iter [7900/10000]	lr: 2.531e-04, eta: 0:07:37, time: 0.206, data_time: 0.005, memory: 4511, decode.loss_ce: 0.0596, decode.loss_dice: 0.1675, decode.acc_seg: 99.0386, loss: 0.2270
2025-11-17 23:55:37,861 - mmseg - INFO - Iter [7950/10000]	lr: 2.479e-04, eta: 0:07:26, time: 0.206, data_time: 0.005, memory: 4511, decode.loss_ce: 0.0631, decode.loss_dice: 0.1816, decode.acc_seg: 98.8996, loss: 0.2448
2025-11-17 23:55:48,175 - mmseg - INFO - Exp name: deeplabv3plus_tr.py
2025-11-17 23:55:48,176 - mmseg - INFO - Iter [8000/10000]	lr: 2.427e-04, eta: 0:07:15, time: 0.206, data_time: 0.006, memory: 4511, decode.loss_ce: 0.0625, decode.loss_dice: 0.1889, decode.acc_seg: 99.0634, loss: 0.2514
2025-11-17 23:55:55,578 - mmseg - INFO - per class results:
2025-11-17 23:55:55,579 - mmseg - INFO - 
+------------+-------+-------+-------+--------+-----------+--------+-------+
|   Class    |  IoU  |  HD95 |  Acc  | Fscore | Precision | Recall |  Dice |
+------------+-------+-------+-------+--------+-----------+--------+-------+
| background | 98.55 |  6.94 | 99.61 | 99.27  |   98.93   | 99.61  | 99.27 |
|   Lesion   | 60.71 | 12.13 | 67.79 | 75.55  |   85.31   | 67.79  | 75.55 |
+------------+-------+-------+-------+--------+-----------+--------+-------+
2025-11-17 23:55:55,579 - mmseg - INFO - Summary:
2025-11-17 23:55:55,579 - mmseg - INFO - 
+-------+-------+-------+------+---------+------------+---------+-------+
|  aAcc |  mIoU | mHD95 | mAcc | mFscore | mPrecision | mRecall | mDice |
+-------+-------+-------+------+---------+------------+---------+-------+
| 98.58 | 79.63 |  9.54 | 83.7 |  87.41  |   92.12    |   83.7  | 87.41 |
+-------+-------+-------+------+---------+------------+---------+-------+
2025-11-17 23:55:55,581 - mmseg - INFO - Exp name: deeplabv3plus_tr.py
2025-11-17 23:55:55,582 - mmseg - INFO - Iter(val) [32]	aAcc: 0.9858, mIoU: 0.7963, mHD95: 0.0954, mAcc: 0.8370, mFscore: 0.8741, mPrecision: 0.9212, mRecall: 0.8370, mDice: 0.8741, IoU.background: 0.9855, IoU.Lesion: 0.6071, HD95.background: 0.0694, HD95.Lesion: 0.1213, Acc.background: 0.9961, Acc.Lesion: 0.6779, Fscore.background: 0.9927, Fscore.Lesion: 0.7555, Precision.background: 0.9893, Precision.Lesion: 0.8531, Recall.background: 0.9961, Recall.Lesion: 0.6779, Dice.background: 0.9927, Dice.Lesion: 0.7555
2025-11-17 23:56:05,870 - mmseg - INFO - Iter [8050/10000]	lr: 2.374e-04, eta: 0:07:05, time: 0.354, data_time: 0.154, memory: 4511, decode.loss_ce: 0.0462, decode.loss_dice: 0.1803, decode.acc_seg: 99.2398, loss: 0.2266
2025-11-17 23:56:16,196 - mmseg - INFO - Iter [8100/10000]	lr: 2.322e-04, eta: 0:06:54, time: 0.207, data_time: 0.005, memory: 4511, decode.loss_ce: 0.0627, decode.loss_dice: 0.1876, decode.acc_seg: 98.9811, loss: 0.2503
2025-11-17 23:56:26,473 - mmseg - INFO - Iter [8150/10000]	lr: 2.269e-04, eta: 0:06:43, time: 0.206, data_time: 0.005, memory: 4511, decode.loss_ce: 0.0577, decode.loss_dice: 0.1889, decode.acc_seg: 99.0497, loss: 0.2466
2025-11-17 23:56:36,764 - mmseg - INFO - Iter [8200/10000]	lr: 2.216e-04, eta: 0:06:32, time: 0.206, data_time: 0.005, memory: 4511, decode.loss_ce: 0.0575, decode.loss_dice: 0.1817, decode.acc_seg: 99.0927, loss: 0.2393
2025-11-17 23:56:47,025 - mmseg - INFO - Iter [8250/10000]	lr: 2.163e-04, eta: 0:06:21, time: 0.205, data_time: 0.005, memory: 4511, decode.loss_ce: 0.0578, decode.loss_dice: 0.1772, decode.acc_seg: 99.0566, loss: 0.2350
2025-11-17 23:56:57,363 - mmseg - INFO - Iter [8300/10000]	lr: 2.110e-04, eta: 0:06:10, time: 0.207, data_time: 0.006, memory: 4511, decode.loss_ce: 0.0620, decode.loss_dice: 0.1863, decode.acc_seg: 98.9877, loss: 0.2483
2025-11-17 23:57:07,643 - mmseg - INFO - Iter [8350/10000]	lr: 2.057e-04, eta: 0:05:59, time: 0.206, data_time: 0.005, memory: 4511, decode.loss_ce: 0.0671, decode.loss_dice: 0.1777, decode.acc_seg: 98.8299, loss: 0.2448
2025-11-17 23:57:17,939 - mmseg - INFO - Iter [8400/10000]	lr: 2.004e-04, eta: 0:05:48, time: 0.206, data_time: 0.005, memory: 4511, decode.loss_ce: 0.0493, decode.loss_dice: 0.1676, decode.acc_seg: 99.1366, loss: 0.2169
2025-11-17 23:57:28,234 - mmseg - INFO - Iter [8450/10000]	lr: 1.950e-04, eta: 0:05:37, time: 0.206, data_time: 0.005, memory: 4511, decode.loss_ce: 0.0576, decode.loss_dice: 0.1784, decode.acc_seg: 99.0924, loss: 0.2361
2025-11-17 23:57:38,594 - mmseg - INFO - Iter [8500/10000]	lr: 1.896e-04, eta: 0:05:26, time: 0.207, data_time: 0.006, memory: 4511, decode.loss_ce: 0.0513, decode.loss_dice: 0.1804, decode.acc_seg: 99.1050, loss: 0.2317
2025-11-17 23:57:51,153 - mmseg - INFO - Iter [8550/10000]	lr: 1.842e-04, eta: 0:05:16, time: 0.251, data_time: 0.050, memory: 4511, decode.loss_ce: 0.0514, decode.loss_dice: 0.1612, decode.acc_seg: 99.1332, loss: 0.2126
2025-11-17 23:58:01,479 - mmseg - INFO - Iter [8600/10000]	lr: 1.788e-04, eta: 0:05:05, time: 0.206, data_time: 0.005, memory: 4511, decode.loss_ce: 0.0587, decode.loss_dice: 0.1726, decode.acc_seg: 99.0643, loss: 0.2313
2025-11-17 23:58:11,753 - mmseg - INFO - Iter [8650/10000]	lr: 1.734e-04, eta: 0:04:54, time: 0.206, data_time: 0.005, memory: 4511, decode.loss_ce: 0.0603, decode.loss_dice: 0.1881, decode.acc_seg: 99.0117, loss: 0.2484
2025-11-17 23:58:22,088 - mmseg - INFO - Iter [8700/10000]	lr: 1.679e-04, eta: 0:04:43, time: 0.207, data_time: 0.005, memory: 4511, decode.loss_ce: 0.0517, decode.loss_dice: 0.1722, decode.acc_seg: 99.1374, loss: 0.2239
2025-11-17 23:58:32,409 - mmseg - INFO - Iter [8750/10000]	lr: 1.625e-04, eta: 0:04:32, time: 0.206, data_time: 0.006, memory: 4511, decode.loss_ce: 0.0584, decode.loss_dice: 0.1681, decode.acc_seg: 98.9981, loss: 0.2264
2025-11-17 23:58:42,745 - mmseg - INFO - Iter [8800/10000]	lr: 1.570e-04, eta: 0:04:21, time: 0.207, data_time: 0.005, memory: 4511, decode.loss_ce: 0.0488, decode.loss_dice: 0.1731, decode.acc_seg: 99.1947, loss: 0.2219
2025-11-17 23:58:53,025 - mmseg - INFO - Iter [8850/10000]	lr: 1.515e-04, eta: 0:04:10, time: 0.206, data_time: 0.005, memory: 4511, decode.loss_ce: 0.0607, decode.loss_dice: 0.1833, decode.acc_seg: 99.0266, loss: 0.2440
2025-11-17 23:59:03,328 - mmseg - INFO - Iter [8900/10000]	lr: 1.459e-04, eta: 0:03:59, time: 0.206, data_time: 0.005, memory: 4511, decode.loss_ce: 0.0545, decode.loss_dice: 0.1745, decode.acc_seg: 99.0520, loss: 0.2289
2025-11-17 23:59:13,579 - mmseg - INFO - Iter [8950/10000]	lr: 1.403e-04, eta: 0:03:48, time: 0.205, data_time: 0.005, memory: 4511, decode.loss_ce: 0.0556, decode.loss_dice: 0.1747, decode.acc_seg: 99.1344, loss: 0.2303
2025-11-17 23:59:23,864 - mmseg - INFO - Exp name: deeplabv3plus_tr.py
2025-11-17 23:59:23,864 - mmseg - INFO - Iter [9000/10000]	lr: 1.347e-04, eta: 0:03:37, time: 0.206, data_time: 0.005, memory: 4511, decode.loss_ce: 0.0492, decode.loss_dice: 0.1686, decode.acc_seg: 99.1603, loss: 0.2178
2025-11-17 23:59:31,289 - mmseg - INFO - per class results:
2025-11-17 23:59:31,290 - mmseg - INFO - 
+------------+-------+-------+-------+--------+-----------+--------+-------+
|   Class    |  IoU  |  HD95 |  Acc  | Fscore | Precision | Recall |  Dice |
+------------+-------+-------+-------+--------+-----------+--------+-------+
| background | 98.47 |  6.96 | 99.62 | 99.23  |   98.84   | 99.62  | 99.23 |
|   Lesion   | 58.28 | 12.62 | 64.86 | 73.64  |   85.18   | 64.86  | 73.64 |
+------------+-------+-------+-------+--------+-----------+--------+-------+
2025-11-17 23:59:31,294 - mmseg - INFO - Summary:
2025-11-17 23:59:31,294 - mmseg - INFO - 
+------+-------+-------+-------+---------+------------+---------+-------+
| aAcc |  mIoU | mHD95 |  mAcc | mFscore | mPrecision | mRecall | mDice |
+------+-------+-------+-------+---------+------------+---------+-------+
| 98.5 | 78.38 |  9.79 | 82.24 |  86.44  |   92.01    |  82.24  | 86.44 |
+------+-------+-------+-------+---------+------------+---------+-------+
2025-11-17 23:59:31,297 - mmseg - INFO - Exp name: deeplabv3plus_tr.py
2025-11-17 23:59:31,297 - mmseg - INFO - Iter(val) [32]	aAcc: 0.9850, mIoU: 0.7838, mHD95: 0.0979, mAcc: 0.8224, mFscore: 0.8644, mPrecision: 0.9201, mRecall: 0.8224, mDice: 0.8644, IoU.background: 0.9847, IoU.Lesion: 0.5828, HD95.background: 0.0696, HD95.Lesion: 0.1262, Acc.background: 0.9962, Acc.Lesion: 0.6486, Fscore.background: 0.9923, Fscore.Lesion: 0.7364, Precision.background: 0.9884, Precision.Lesion: 0.8518, Recall.background: 0.9962, Recall.Lesion: 0.6486, Dice.background: 0.9923, Dice.Lesion: 0.7364
2025-11-17 23:59:41,601 - mmseg - INFO - Iter [9050/10000]	lr: 1.291e-04, eta: 0:03:27, time: 0.355, data_time: 0.154, memory: 4511, decode.loss_ce: 0.0553, decode.loss_dice: 0.1631, decode.acc_seg: 99.0186, loss: 0.2184
2025-11-17 23:59:51,926 - mmseg - INFO - Iter [9100/10000]	lr: 1.235e-04, eta: 0:03:16, time: 0.206, data_time: 0.006, memory: 4511, decode.loss_ce: 0.0539, decode.loss_dice: 0.1736, decode.acc_seg: 99.0646, loss: 0.2274
2025-11-18 00:00:02,226 - mmseg - INFO - Iter [9150/10000]	lr: 1.178e-04, eta: 0:03:05, time: 0.206, data_time: 0.005, memory: 4511, decode.loss_ce: 0.0591, decode.loss_dice: 0.1795, decode.acc_seg: 99.0001, loss: 0.2386
2025-11-18 00:00:12,547 - mmseg - INFO - Iter [9200/10000]	lr: 1.121e-04, eta: 0:02:54, time: 0.206, data_time: 0.005, memory: 4511, decode.loss_ce: 0.0519, decode.loss_dice: 0.1742, decode.acc_seg: 99.1578, loss: 0.2261
2025-11-18 00:00:25,094 - mmseg - INFO - Iter [9250/10000]	lr: 1.063e-04, eta: 0:02:43, time: 0.251, data_time: 0.050, memory: 4511, decode.loss_ce: 0.0499, decode.loss_dice: 0.1628, decode.acc_seg: 99.1784, loss: 0.2127
2025-11-18 00:00:35,423 - mmseg - INFO - Iter [9300/10000]	lr: 1.005e-04, eta: 0:02:32, time: 0.207, data_time: 0.005, memory: 4511, decode.loss_ce: 0.0498, decode.loss_dice: 0.1649, decode.acc_seg: 99.1400, loss: 0.2148
2025-11-18 00:00:45,717 - mmseg - INFO - Iter [9350/10000]	lr: 9.470e-05, eta: 0:02:21, time: 0.206, data_time: 0.005, memory: 4511, decode.loss_ce: 0.0526, decode.loss_dice: 0.1632, decode.acc_seg: 99.1157, loss: 0.2158
2025-11-18 00:00:55,998 - mmseg - INFO - Iter [9400/10000]	lr: 8.882e-05, eta: 0:02:10, time: 0.206, data_time: 0.005, memory: 4511, decode.loss_ce: 0.0502, decode.loss_dice: 0.1673, decode.acc_seg: 99.1768, loss: 0.2175
2025-11-18 00:01:06,281 - mmseg - INFO - Iter [9450/10000]	lr: 8.289e-05, eta: 0:01:59, time: 0.206, data_time: 0.005, memory: 4511, decode.loss_ce: 0.0486, decode.loss_dice: 0.1632, decode.acc_seg: 99.1846, loss: 0.2118
2025-11-18 00:01:16,582 - mmseg - INFO - Iter [9500/10000]	lr: 7.691e-05, eta: 0:01:48, time: 0.206, data_time: 0.005, memory: 4511, decode.loss_ce: 0.0537, decode.loss_dice: 0.1777, decode.acc_seg: 99.1192, loss: 0.2314
2025-11-18 00:01:26,885 - mmseg - INFO - Iter [9550/10000]	lr: 7.087e-05, eta: 0:01:37, time: 0.206, data_time: 0.005, memory: 4511, decode.loss_ce: 0.0534, decode.loss_dice: 0.1745, decode.acc_seg: 99.0834, loss: 0.2279
2025-11-18 00:01:37,233 - mmseg - INFO - Iter [9600/10000]	lr: 6.476e-05, eta: 0:01:27, time: 0.207, data_time: 0.006, memory: 4511, decode.loss_ce: 0.0487, decode.loss_dice: 0.1574, decode.acc_seg: 99.2062, loss: 0.2061
2025-11-18 00:01:47,510 - mmseg - INFO - Iter [9650/10000]	lr: 5.857e-05, eta: 0:01:16, time: 0.206, data_time: 0.005, memory: 4511, decode.loss_ce: 0.0521, decode.loss_dice: 0.1605, decode.acc_seg: 99.1334, loss: 0.2126
2025-11-18 00:01:57,817 - mmseg - INFO - Iter [9700/10000]	lr: 5.230e-05, eta: 0:01:05, time: 0.206, data_time: 0.005, memory: 4511, decode.loss_ce: 0.0524, decode.loss_dice: 0.1712, decode.acc_seg: 99.1372, loss: 0.2237
2025-11-18 00:02:08,124 - mmseg - INFO - Iter [9750/10000]	lr: 4.592e-05, eta: 0:00:54, time: 0.206, data_time: 0.006, memory: 4511, decode.loss_ce: 0.0466, decode.loss_dice: 0.1646, decode.acc_seg: 99.2267, loss: 0.2112
2025-11-18 00:02:18,437 - mmseg - INFO - Iter [9800/10000]	lr: 3.941e-05, eta: 0:00:43, time: 0.206, data_time: 0.005, memory: 4511, decode.loss_ce: 0.0551, decode.loss_dice: 0.1702, decode.acc_seg: 99.1185, loss: 0.2253
2025-11-18 00:02:28,727 - mmseg - INFO - Iter [9850/10000]	lr: 3.274e-05, eta: 0:00:32, time: 0.206, data_time: 0.005, memory: 4511, decode.loss_ce: 0.0470, decode.loss_dice: 0.1601, decode.acc_seg: 99.2432, loss: 0.2070
2025-11-18 00:02:39,032 - mmseg - INFO - Iter [9900/10000]	lr: 2.583e-05, eta: 0:00:21, time: 0.206, data_time: 0.005, memory: 4511, decode.loss_ce: 0.0511, decode.loss_dice: 0.1659, decode.acc_seg: 99.1461, loss: 0.2170
2025-11-18 00:02:51,611 - mmseg - INFO - Iter [9950/10000]	lr: 1.856e-05, eta: 0:00:10, time: 0.252, data_time: 0.049, memory: 4511, decode.loss_ce: 0.0577, decode.loss_dice: 0.1666, decode.acc_seg: 99.0003, loss: 0.2243
2025-11-18 00:03:01,921 - mmseg - INFO - Saving checkpoint at 10000 iterations
2025-11-18 00:03:03,353 - mmseg - INFO - Exp name: deeplabv3plus_tr.py
2025-11-18 00:03:03,353 - mmseg - INFO - Iter [10000/10000]	lr: 1.025e-05, eta: 0:00:00, time: 0.235, data_time: 0.005, memory: 4511, decode.loss_ce: 0.0503, decode.loss_dice: 0.1628, decode.acc_seg: 99.1586, loss: 0.2131
2025-11-18 00:03:10,640 - mmseg - INFO - per class results:
2025-11-18 00:03:10,640 - mmseg - INFO - 
+------------+-------+-------+-------+--------+-----------+--------+-------+
|   Class    |  IoU  |  HD95 |  Acc  | Fscore | Precision | Recall |  Dice |
+------------+-------+-------+-------+--------+-----------+--------+-------+
| background | 98.61 |  6.91 | 99.48 |  99.3  |   99.13   | 99.48  |  99.3 |
|   Lesion   |  63.7 | 11.15 | 73.73 | 77.83  |   82.41   | 73.73  | 77.83 |
+------------+-------+-------+-------+--------+-----------+--------+-------+
2025-11-18 00:03:10,641 - mmseg - INFO - Summary:
2025-11-18 00:03:10,641 - mmseg - INFO - 
+-------+-------+-------+------+---------+------------+---------+-------+
|  aAcc |  mIoU | mHD95 | mAcc | mFscore | mPrecision | mRecall | mDice |
+-------+-------+-------+------+---------+------------+---------+-------+
| 98.64 | 81.16 |  9.03 | 86.6 |  88.56  |   90.77    |   86.6  | 88.56 |
+-------+-------+-------+------+---------+------------+---------+-------+
2025-11-18 00:03:10,643 - mmseg - INFO - Exp name: deeplabv3plus_tr.py
2025-11-18 00:03:10,643 - mmseg - INFO - Iter(val) [32]	aAcc: 0.9864, mIoU: 0.8116, mHD95: 0.0903, mAcc: 0.8660, mFscore: 0.8856, mPrecision: 0.9077, mRecall: 0.8660, mDice: 0.8856, IoU.background: 0.9861, IoU.Lesion: 0.6370, HD95.background: 0.0691, HD95.Lesion: 0.1115, Acc.background: 0.9948, Acc.Lesion: 0.7373, Fscore.background: 0.9930, Fscore.Lesion: 0.7783, Precision.background: 0.9913, Precision.Lesion: 0.8241, Recall.background: 0.9948, Recall.Lesion: 0.7373, Dice.background: 0.9930, Dice.Lesion: 0.7783
