2025-11-17 22:49:00,784 - mmseg - INFO - Multi-processing start method is `None`
2025-11-17 22:49:00,785 - mmseg - INFO - OpenCV num_threads is `112
2025-11-17 22:49:00,905 - mmseg - INFO - Environment info:
------------------------------------------------------------
sys.platform: linux
Python: 3.8.20 (default, Oct  3 2024, 15:24:27) [GCC 11.2.0]
CUDA available: True
GPU 0: NVIDIA GeForce RTX 3090
CUDA_HOME: /usr/local/cuda
NVCC: Cuda compilation tools, release 11.7, V11.7.64
GCC: gcc (Ubuntu 9.4.0-1ubuntu1~20.04.2) 9.4.0
PyTorch: 1.10.0+cu113
PyTorch compiling details: PyTorch built with:
  - GCC 7.3
  - C++ Version: 201402
  - Intel(R) Math Kernel Library Version 2020.0.0 Product Build 20191122 for Intel(R) 64 architecture applications
  - Intel(R) MKL-DNN v2.2.3 (Git Hash 7336ca9f055cf1bfa13efb658fe15dc9b41f0740)
  - OpenMP 201511 (a.k.a. OpenMP 4.5)
  - LAPACK is enabled (usually provided by MKL)
  - NNPACK is enabled
  - CPU capability usage: AVX512
  - CUDA Runtime 11.3
  - NVCC architecture flags: -gencode;arch=compute_37,code=sm_37;-gencode;arch=compute_50,code=sm_50;-gencode;arch=compute_60,code=sm_60;-gencode;arch=compute_70,code=sm_70;-gencode;arch=compute_75,code=sm_75;-gencode;arch=compute_80,code=sm_80;-gencode;arch=compute_86,code=sm_86
  - CuDNN 8.2
  - Magma 2.5.2
  - Build settings: BLAS_INFO=mkl, BUILD_TYPE=Release, CUDA_VERSION=11.3, CUDNN_VERSION=8.2.0, CXX_COMPILER=/opt/rh/devtoolset-7/root/usr/bin/c++, CXX_FLAGS= -Wno-deprecated -fvisibility-inlines-hidden -DUSE_PTHREADPOOL -fopenmp -DNDEBUG -DUSE_KINETO -DUSE_FBGEMM -DUSE_QNNPACK -DUSE_PYTORCH_QNNPACK -DUSE_XNNPACK -DSYMBOLICATE_MOBILE_DEBUG_HANDLE -DEDGE_PROFILER_USE_KINETO -O2 -fPIC -Wno-narrowing -Wall -Wextra -Werror=return-type -Wno-missing-field-initializers -Wno-type-limits -Wno-array-bounds -Wno-unknown-pragmas -Wno-sign-compare -Wno-unused-parameter -Wno-unused-variable -Wno-unused-function -Wno-unused-result -Wno-unused-local-typedefs -Wno-strict-overflow -Wno-strict-aliasing -Wno-error=deprecated-declarations -Wno-stringop-overflow -Wno-psabi -Wno-error=pedantic -Wno-error=redundant-decls -Wno-error=old-style-cast -fdiagnostics-color=always -faligned-new -Wno-unused-but-set-variable -Wno-maybe-uninitialized -fno-math-errno -fno-trapping-math -Werror=format -Wno-stringop-overflow, LAPACK_INFO=mkl, PERF_WITH_AVX=1, PERF_WITH_AVX2=1, PERF_WITH_AVX512=1, TORCH_VERSION=1.10.0, USE_CUDA=ON, USE_CUDNN=ON, USE_EXCEPTION_PTR=1, USE_GFLAGS=OFF, USE_GLOG=OFF, USE_MKL=ON, USE_MKLDNN=ON, USE_MPI=OFF, USE_NCCL=ON, USE_NNPACK=ON, USE_OPENMP=ON, 

TorchVision: 0.11.1+cu113
OpenCV: 4.10.0
MMCV: 1.7.0
MMCV Compiler: GCC 9.3
MMCV CUDA Compiler: 11.3
MMSegmentation: 0.29.1+
------------------------------------------------------------

2025-11-17 22:49:00,906 - mmseg - INFO - Distributed training: True
2025-11-17 22:49:01,242 - mmseg - INFO - Config:
norm_cfg = dict(type='SyncBN', requires_grad=True)
model = dict(
    type='EncoderDecoder',
    pretrained='open-mmlab://resnet18_v1c',
    backbone=dict(
        type='ResNetV1c',
        depth=18,
        num_stages=4,
        out_indices=(0, 1, 2, 3),
        dilations=(1, 1, 1, 1),
        strides=(1, 2, 2, 2),
        norm_cfg=dict(type='SyncBN', requires_grad=True),
        norm_eval=False,
        style='pytorch',
        contract_dilation=True),
    decode_head=dict(
        type='DepthwiseSeparableASPPHead',
        in_channels=512,
        in_index=3,
        channels=512,
        dilations=(1, 12, 24, 36),
        c1_in_channels=64,
        c1_channels=48,
        dropout_ratio=0.1,
        num_classes=2,
        norm_cfg=dict(type='SyncBN', requires_grad=True),
        align_corners=False,
        loss_decode=[
            dict(
                type='CrossEntropyLoss',
                loss_name='loss_ce',
                use_sigmoid=False,
                loss_weight=2.0),
            dict(type='DiceLoss', loss_name='loss_dice', loss_weight=2.0)
        ]),
    train_cfg=dict(),
    test_cfg=dict(mode='slide', crop_size=(512, 512), stride=(256, 256)))
dataset_type = 'MyDataset'
img_size = (1024, 1024)
crop_size = (512, 512)
train_pipeline = [
    dict(type='LoadImageFromFile'),
    dict(type='LoadAnnotations'),
    dict(type='Resize', img_scale=(512, 512), keep_ratio=False),
    dict(type='RandomFlip', flip_ratio=0),
    dict(type='PhotoMetricDistortion'),
    dict(type='Normalize', mean=[0, 0, 0], std=[1, 1, 1], to_rgb=True),
    dict(type='Pad', size=(512, 512), pad_val=0, seg_pad_val=255),
    dict(type='DefaultFormatBundle'),
    dict(type='Collect', keys=['img', 'gt_semantic_seg'])
]
test_pipeline = [
    dict(type='LoadImageFromFile'),
    dict(
        type='MultiScaleFlipAug',
        img_scale=(1024, 1024),
        flip=False,
        transforms=[
            dict(type='Resize', keep_ratio=False),
            dict(type='Normalize', mean=[0, 0, 0], std=[1, 1, 1], to_rgb=True),
            dict(type='ImageToTensor', keys=['img']),
            dict(type='Collect', keys=['img'])
        ])
]
data_root = './datasets/'
data = dict(
    samples_per_gpu=4,
    workers_per_gpu=2,
    train=dict(
        type='RepeatDataset',
        times=10,
        dataset=dict(
            type='MyDataset',
            data_root='./datasets/',
            img_dir='train/images1024',
            ann_dir='train/labels1024',
            pipeline=[
                dict(type='LoadImageFromFile'),
                dict(type='LoadAnnotations'),
                dict(type='Resize', img_scale=(512, 512), keep_ratio=False),
                dict(type='RandomFlip', flip_ratio=0),
                dict(type='PhotoMetricDistortion'),
                dict(
                    type='Normalize',
                    mean=[0, 0, 0],
                    std=[1, 1, 1],
                    to_rgb=True),
                dict(type='Pad', size=(512, 512), pad_val=0, seg_pad_val=255),
                dict(type='DefaultFormatBundle'),
                dict(type='Collect', keys=['img', 'gt_semantic_seg'])
            ])),
    val=dict(
        type='MyDataset',
        data_root='./datasets/',
        img_dir='test/images1024',
        ann_dir='test/labels1024',
        pipeline=[
            dict(type='LoadImageFromFile'),
            dict(
                type='MultiScaleFlipAug',
                img_scale=(1024, 1024),
                flip=False,
                transforms=[
                    dict(type='Resize', keep_ratio=False),
                    dict(
                        type='Normalize',
                        mean=[0, 0, 0],
                        std=[1, 1, 1],
                        to_rgb=True),
                    dict(type='ImageToTensor', keys=['img']),
                    dict(type='Collect', keys=['img'])
                ])
        ]),
    test=dict(
        type='MyDataset',
        data_root='./datasets/',
        img_dir='test/images1024',
        ann_dir='test/labels1024',
        pipeline=[
            dict(type='LoadImageFromFile'),
            dict(
                type='MultiScaleFlipAug',
                img_scale=(1024, 1024),
                flip=False,
                transforms=[
                    dict(type='Resize', keep_ratio=False),
                    dict(
                        type='Normalize',
                        mean=[0, 0, 0],
                        std=[1, 1, 1],
                        to_rgb=True),
                    dict(type='ImageToTensor', keys=['img']),
                    dict(type='Collect', keys=['img'])
                ])
        ]))
log_config = dict(
    interval=50,
    hooks=[
        dict(type='TensorboardLoggerHook'),
        dict(type='TextLoggerHook', by_epoch=False)
    ])
dist_params = dict(backend='nccl')
log_level = 'INFO'
load_from = None
resume_from = None
workflow = [('train', 1)]
cudnn_benchmark = False
find_unused_parameters = True
optimizer = dict(type='Adam', lr=0.001, betas=(0.9, 0.999), weight_decay=0.005)
optimizer_config = dict()
lr_config = dict(policy='poly', power=0.9, min_lr=1e-05, by_epoch=False)
runner = dict(type='IterBasedRunner', max_iters=10000)
checkpoint_config = dict(by_epoch=False, save_optimizer=False, interval=10000)
evaluation = dict(interval=1000, metric=['mIoU', 'mFscore', 'mDice'])
work_dir = './work_dirs/deeplabv3plus'
gpu_ids = range(0, 1)
auto_resume = False

2025-11-17 22:49:01,242 - mmseg - INFO - Set random seed to 0, deterministic: False
2025-11-17 22:49:01,691 - mmseg - INFO - initialize ResNetV1c with init_cfg {'type': 'Pretrained', 'checkpoint': 'open-mmlab://resnet18_v1c'}
2025-11-17 22:49:01,738 - mmseg - INFO - initialize DepthwiseSeparableASPPHead with init_cfg {'type': 'Normal', 'std': 0.01, 'override': {'name': 'conv_seg'}}
Name of parameter - Initialization information

backbone.stem.0.weight - torch.Size([32, 3, 3, 3]): 
PretrainedInit: load from open-mmlab://resnet18_v1c 

backbone.stem.1.weight - torch.Size([32]): 
PretrainedInit: load from open-mmlab://resnet18_v1c 

backbone.stem.1.bias - torch.Size([32]): 
PretrainedInit: load from open-mmlab://resnet18_v1c 

backbone.stem.3.weight - torch.Size([32, 32, 3, 3]): 
PretrainedInit: load from open-mmlab://resnet18_v1c 

backbone.stem.4.weight - torch.Size([32]): 
PretrainedInit: load from open-mmlab://resnet18_v1c 

backbone.stem.4.bias - torch.Size([32]): 
PretrainedInit: load from open-mmlab://resnet18_v1c 

backbone.stem.6.weight - torch.Size([64, 32, 3, 3]): 
PretrainedInit: load from open-mmlab://resnet18_v1c 

backbone.stem.7.weight - torch.Size([64]): 
PretrainedInit: load from open-mmlab://resnet18_v1c 

backbone.stem.7.bias - torch.Size([64]): 
PretrainedInit: load from open-mmlab://resnet18_v1c 

backbone.layer1.0.conv1.weight - torch.Size([64, 64, 3, 3]): 
PretrainedInit: load from open-mmlab://resnet18_v1c 

backbone.layer1.0.bn1.weight - torch.Size([64]): 
PretrainedInit: load from open-mmlab://resnet18_v1c 

backbone.layer1.0.bn1.bias - torch.Size([64]): 
PretrainedInit: load from open-mmlab://resnet18_v1c 

backbone.layer1.0.conv2.weight - torch.Size([64, 64, 3, 3]): 
PretrainedInit: load from open-mmlab://resnet18_v1c 

backbone.layer1.0.bn2.weight - torch.Size([64]): 
PretrainedInit: load from open-mmlab://resnet18_v1c 

backbone.layer1.0.bn2.bias - torch.Size([64]): 
PretrainedInit: load from open-mmlab://resnet18_v1c 

backbone.layer1.1.conv1.weight - torch.Size([64, 64, 3, 3]): 
PretrainedInit: load from open-mmlab://resnet18_v1c 

backbone.layer1.1.bn1.weight - torch.Size([64]): 
PretrainedInit: load from open-mmlab://resnet18_v1c 

backbone.layer1.1.bn1.bias - torch.Size([64]): 
PretrainedInit: load from open-mmlab://resnet18_v1c 

backbone.layer1.1.conv2.weight - torch.Size([64, 64, 3, 3]): 
PretrainedInit: load from open-mmlab://resnet18_v1c 

backbone.layer1.1.bn2.weight - torch.Size([64]): 
PretrainedInit: load from open-mmlab://resnet18_v1c 

backbone.layer1.1.bn2.bias - torch.Size([64]): 
PretrainedInit: load from open-mmlab://resnet18_v1c 

backbone.layer2.0.conv1.weight - torch.Size([128, 64, 3, 3]): 
PretrainedInit: load from open-mmlab://resnet18_v1c 

backbone.layer2.0.bn1.weight - torch.Size([128]): 
PretrainedInit: load from open-mmlab://resnet18_v1c 

backbone.layer2.0.bn1.bias - torch.Size([128]): 
PretrainedInit: load from open-mmlab://resnet18_v1c 

backbone.layer2.0.conv2.weight - torch.Size([128, 128, 3, 3]): 
PretrainedInit: load from open-mmlab://resnet18_v1c 

backbone.layer2.0.bn2.weight - torch.Size([128]): 
PretrainedInit: load from open-mmlab://resnet18_v1c 

backbone.layer2.0.bn2.bias - torch.Size([128]): 
PretrainedInit: load from open-mmlab://resnet18_v1c 

backbone.layer2.0.downsample.0.weight - torch.Size([128, 64, 1, 1]): 
PretrainedInit: load from open-mmlab://resnet18_v1c 

backbone.layer2.0.downsample.1.weight - torch.Size([128]): 
PretrainedInit: load from open-mmlab://resnet18_v1c 

backbone.layer2.0.downsample.1.bias - torch.Size([128]): 
PretrainedInit: load from open-mmlab://resnet18_v1c 

backbone.layer2.1.conv1.weight - torch.Size([128, 128, 3, 3]): 
PretrainedInit: load from open-mmlab://resnet18_v1c 

backbone.layer2.1.bn1.weight - torch.Size([128]): 
PretrainedInit: load from open-mmlab://resnet18_v1c 

backbone.layer2.1.bn1.bias - torch.Size([128]): 
PretrainedInit: load from open-mmlab://resnet18_v1c 

backbone.layer2.1.conv2.weight - torch.Size([128, 128, 3, 3]): 
PretrainedInit: load from open-mmlab://resnet18_v1c 

backbone.layer2.1.bn2.weight - torch.Size([128]): 
PretrainedInit: load from open-mmlab://resnet18_v1c 

backbone.layer2.1.bn2.bias - torch.Size([128]): 
PretrainedInit: load from open-mmlab://resnet18_v1c 

backbone.layer3.0.conv1.weight - torch.Size([256, 128, 3, 3]): 
PretrainedInit: load from open-mmlab://resnet18_v1c 

backbone.layer3.0.bn1.weight - torch.Size([256]): 
PretrainedInit: load from open-mmlab://resnet18_v1c 

backbone.layer3.0.bn1.bias - torch.Size([256]): 
PretrainedInit: load from open-mmlab://resnet18_v1c 

backbone.layer3.0.conv2.weight - torch.Size([256, 256, 3, 3]): 
PretrainedInit: load from open-mmlab://resnet18_v1c 

backbone.layer3.0.bn2.weight - torch.Size([256]): 
PretrainedInit: load from open-mmlab://resnet18_v1c 

backbone.layer3.0.bn2.bias - torch.Size([256]): 
PretrainedInit: load from open-mmlab://resnet18_v1c 

backbone.layer3.0.downsample.0.weight - torch.Size([256, 128, 1, 1]): 
PretrainedInit: load from open-mmlab://resnet18_v1c 

backbone.layer3.0.downsample.1.weight - torch.Size([256]): 
PretrainedInit: load from open-mmlab://resnet18_v1c 

backbone.layer3.0.downsample.1.bias - torch.Size([256]): 
PretrainedInit: load from open-mmlab://resnet18_v1c 

backbone.layer3.1.conv1.weight - torch.Size([256, 256, 3, 3]): 
PretrainedInit: load from open-mmlab://resnet18_v1c 

backbone.layer3.1.bn1.weight - torch.Size([256]): 
PretrainedInit: load from open-mmlab://resnet18_v1c 

backbone.layer3.1.bn1.bias - torch.Size([256]): 
PretrainedInit: load from open-mmlab://resnet18_v1c 

backbone.layer3.1.conv2.weight - torch.Size([256, 256, 3, 3]): 
PretrainedInit: load from open-mmlab://resnet18_v1c 

backbone.layer3.1.bn2.weight - torch.Size([256]): 
PretrainedInit: load from open-mmlab://resnet18_v1c 

backbone.layer3.1.bn2.bias - torch.Size([256]): 
PretrainedInit: load from open-mmlab://resnet18_v1c 

backbone.layer4.0.conv1.weight - torch.Size([512, 256, 3, 3]): 
PretrainedInit: load from open-mmlab://resnet18_v1c 

backbone.layer4.0.bn1.weight - torch.Size([512]): 
PretrainedInit: load from open-mmlab://resnet18_v1c 

backbone.layer4.0.bn1.bias - torch.Size([512]): 
PretrainedInit: load from open-mmlab://resnet18_v1c 

backbone.layer4.0.conv2.weight - torch.Size([512, 512, 3, 3]): 
PretrainedInit: load from open-mmlab://resnet18_v1c 

backbone.layer4.0.bn2.weight - torch.Size([512]): 
PretrainedInit: load from open-mmlab://resnet18_v1c 

backbone.layer4.0.bn2.bias - torch.Size([512]): 
PretrainedInit: load from open-mmlab://resnet18_v1c 

backbone.layer4.0.downsample.0.weight - torch.Size([512, 256, 1, 1]): 
PretrainedInit: load from open-mmlab://resnet18_v1c 

backbone.layer4.0.downsample.1.weight - torch.Size([512]): 
PretrainedInit: load from open-mmlab://resnet18_v1c 

backbone.layer4.0.downsample.1.bias - torch.Size([512]): 
PretrainedInit: load from open-mmlab://resnet18_v1c 

backbone.layer4.1.conv1.weight - torch.Size([512, 512, 3, 3]): 
PretrainedInit: load from open-mmlab://resnet18_v1c 

backbone.layer4.1.bn1.weight - torch.Size([512]): 
PretrainedInit: load from open-mmlab://resnet18_v1c 

backbone.layer4.1.bn1.bias - torch.Size([512]): 
PretrainedInit: load from open-mmlab://resnet18_v1c 

backbone.layer4.1.conv2.weight - torch.Size([512, 512, 3, 3]): 
PretrainedInit: load from open-mmlab://resnet18_v1c 

backbone.layer4.1.bn2.weight - torch.Size([512]): 
PretrainedInit: load from open-mmlab://resnet18_v1c 

backbone.layer4.1.bn2.bias - torch.Size([512]): 
PretrainedInit: load from open-mmlab://resnet18_v1c 

decode_head.conv_seg.weight - torch.Size([2, 512, 1, 1]): 
NormalInit: mean=0, std=0.01, bias=0 

decode_head.conv_seg.bias - torch.Size([2]): 
NormalInit: mean=0, std=0.01, bias=0 

decode_head.image_pool.1.conv.weight - torch.Size([512, 512, 1, 1]): 
The value is the same before and after calling `init_weights` of EncoderDecoder  

decode_head.image_pool.1.bn.weight - torch.Size([512]): 
The value is the same before and after calling `init_weights` of EncoderDecoder  

decode_head.image_pool.1.bn.bias - torch.Size([512]): 
The value is the same before and after calling `init_weights` of EncoderDecoder  

decode_head.aspp_modules.0.conv.weight - torch.Size([512, 512, 1, 1]): 
The value is the same before and after calling `init_weights` of EncoderDecoder  

decode_head.aspp_modules.0.bn.weight - torch.Size([512]): 
The value is the same before and after calling `init_weights` of EncoderDecoder  

decode_head.aspp_modules.0.bn.bias - torch.Size([512]): 
The value is the same before and after calling `init_weights` of EncoderDecoder  

decode_head.aspp_modules.1.depthwise_conv.conv.weight - torch.Size([512, 1, 3, 3]): 
The value is the same before and after calling `init_weights` of EncoderDecoder  

decode_head.aspp_modules.1.depthwise_conv.bn.weight - torch.Size([512]): 
The value is the same before and after calling `init_weights` of EncoderDecoder  

decode_head.aspp_modules.1.depthwise_conv.bn.bias - torch.Size([512]): 
The value is the same before and after calling `init_weights` of EncoderDecoder  

decode_head.aspp_modules.1.pointwise_conv.conv.weight - torch.Size([512, 512, 1, 1]): 
The value is the same before and after calling `init_weights` of EncoderDecoder  

decode_head.aspp_modules.1.pointwise_conv.bn.weight - torch.Size([512]): 
The value is the same before and after calling `init_weights` of EncoderDecoder  

decode_head.aspp_modules.1.pointwise_conv.bn.bias - torch.Size([512]): 
The value is the same before and after calling `init_weights` of EncoderDecoder  

decode_head.aspp_modules.2.depthwise_conv.conv.weight - torch.Size([512, 1, 3, 3]): 
The value is the same before and after calling `init_weights` of EncoderDecoder  

decode_head.aspp_modules.2.depthwise_conv.bn.weight - torch.Size([512]): 
The value is the same before and after calling `init_weights` of EncoderDecoder  

decode_head.aspp_modules.2.depthwise_conv.bn.bias - torch.Size([512]): 
The value is the same before and after calling `init_weights` of EncoderDecoder  

decode_head.aspp_modules.2.pointwise_conv.conv.weight - torch.Size([512, 512, 1, 1]): 
The value is the same before and after calling `init_weights` of EncoderDecoder  

decode_head.aspp_modules.2.pointwise_conv.bn.weight - torch.Size([512]): 
The value is the same before and after calling `init_weights` of EncoderDecoder  

decode_head.aspp_modules.2.pointwise_conv.bn.bias - torch.Size([512]): 
The value is the same before and after calling `init_weights` of EncoderDecoder  

decode_head.aspp_modules.3.depthwise_conv.conv.weight - torch.Size([512, 1, 3, 3]): 
The value is the same before and after calling `init_weights` of EncoderDecoder  

decode_head.aspp_modules.3.depthwise_conv.bn.weight - torch.Size([512]): 
The value is the same before and after calling `init_weights` of EncoderDecoder  

decode_head.aspp_modules.3.depthwise_conv.bn.bias - torch.Size([512]): 
The value is the same before and after calling `init_weights` of EncoderDecoder  

decode_head.aspp_modules.3.pointwise_conv.conv.weight - torch.Size([512, 512, 1, 1]): 
The value is the same before and after calling `init_weights` of EncoderDecoder  

decode_head.aspp_modules.3.pointwise_conv.bn.weight - torch.Size([512]): 
The value is the same before and after calling `init_weights` of EncoderDecoder  

decode_head.aspp_modules.3.pointwise_conv.bn.bias - torch.Size([512]): 
The value is the same before and after calling `init_weights` of EncoderDecoder  

decode_head.bottleneck.conv.weight - torch.Size([512, 2560, 3, 3]): 
Initialized by user-defined `init_weights` in ConvModule  

decode_head.bottleneck.bn.weight - torch.Size([512]): 
The value is the same before and after calling `init_weights` of EncoderDecoder  

decode_head.bottleneck.bn.bias - torch.Size([512]): 
The value is the same before and after calling `init_weights` of EncoderDecoder  

decode_head.c1_bottleneck.conv.weight - torch.Size([48, 64, 1, 1]): 
Initialized by user-defined `init_weights` in ConvModule  

decode_head.c1_bottleneck.bn.weight - torch.Size([48]): 
The value is the same before and after calling `init_weights` of EncoderDecoder  

decode_head.c1_bottleneck.bn.bias - torch.Size([48]): 
The value is the same before and after calling `init_weights` of EncoderDecoder  

decode_head.sep_bottleneck.0.depthwise_conv.conv.weight - torch.Size([560, 1, 3, 3]): 
The value is the same before and after calling `init_weights` of EncoderDecoder  

decode_head.sep_bottleneck.0.depthwise_conv.bn.weight - torch.Size([560]): 
The value is the same before and after calling `init_weights` of EncoderDecoder  

decode_head.sep_bottleneck.0.depthwise_conv.bn.bias - torch.Size([560]): 
The value is the same before and after calling `init_weights` of EncoderDecoder  

decode_head.sep_bottleneck.0.pointwise_conv.conv.weight - torch.Size([512, 560, 1, 1]): 
The value is the same before and after calling `init_weights` of EncoderDecoder  

decode_head.sep_bottleneck.0.pointwise_conv.bn.weight - torch.Size([512]): 
The value is the same before and after calling `init_weights` of EncoderDecoder  

decode_head.sep_bottleneck.0.pointwise_conv.bn.bias - torch.Size([512]): 
The value is the same before and after calling `init_weights` of EncoderDecoder  

decode_head.sep_bottleneck.1.depthwise_conv.conv.weight - torch.Size([512, 1, 3, 3]): 
The value is the same before and after calling `init_weights` of EncoderDecoder  

decode_head.sep_bottleneck.1.depthwise_conv.bn.weight - torch.Size([512]): 
The value is the same before and after calling `init_weights` of EncoderDecoder  

decode_head.sep_bottleneck.1.depthwise_conv.bn.bias - torch.Size([512]): 
The value is the same before and after calling `init_weights` of EncoderDecoder  

decode_head.sep_bottleneck.1.pointwise_conv.conv.weight - torch.Size([512, 512, 1, 1]): 
The value is the same before and after calling `init_weights` of EncoderDecoder  

decode_head.sep_bottleneck.1.pointwise_conv.bn.weight - torch.Size([512]): 
The value is the same before and after calling `init_weights` of EncoderDecoder  

decode_head.sep_bottleneck.1.pointwise_conv.bn.bias - torch.Size([512]): 
The value is the same before and after calling `init_weights` of EncoderDecoder  
2025-11-17 22:49:01,815 - mmseg - INFO - EncoderDecoder(
  (backbone): ResNetV1c(
    (stem): Sequential(
      (0): Conv2d(3, 32, kernel_size=(3, 3), stride=(2, 2), padding=(1, 1), bias=False)
      (1): SyncBatchNorm(32, eps=1e-05, momentum=0.1, affine=True, track_running_stats=True)
      (2): ReLU(inplace=True)
      (3): Conv2d(32, 32, kernel_size=(3, 3), stride=(1, 1), padding=(1, 1), bias=False)
      (4): SyncBatchNorm(32, eps=1e-05, momentum=0.1, affine=True, track_running_stats=True)
      (5): ReLU(inplace=True)
      (6): Conv2d(32, 64, kernel_size=(3, 3), stride=(1, 1), padding=(1, 1), bias=False)
      (7): SyncBatchNorm(64, eps=1e-05, momentum=0.1, affine=True, track_running_stats=True)
      (8): ReLU(inplace=True)
    )
    (maxpool): MaxPool2d(kernel_size=3, stride=2, padding=1, dilation=1, ceil_mode=False)
    (layer1): ResLayer(
      (0): BasicBlock(
        (conv1): Conv2d(64, 64, kernel_size=(3, 3), stride=(1, 1), padding=(1, 1), bias=False)
        (bn1): SyncBatchNorm(64, eps=1e-05, momentum=0.1, affine=True, track_running_stats=True)
        (conv2): Conv2d(64, 64, kernel_size=(3, 3), stride=(1, 1), padding=(1, 1), bias=False)
        (bn2): SyncBatchNorm(64, eps=1e-05, momentum=0.1, affine=True, track_running_stats=True)
        (relu): ReLU(inplace=True)
      )
      (1): BasicBlock(
        (conv1): Conv2d(64, 64, kernel_size=(3, 3), stride=(1, 1), padding=(1, 1), bias=False)
        (bn1): SyncBatchNorm(64, eps=1e-05, momentum=0.1, affine=True, track_running_stats=True)
        (conv2): Conv2d(64, 64, kernel_size=(3, 3), stride=(1, 1), padding=(1, 1), bias=False)
        (bn2): SyncBatchNorm(64, eps=1e-05, momentum=0.1, affine=True, track_running_stats=True)
        (relu): ReLU(inplace=True)
      )
    )
    (layer2): ResLayer(
      (0): BasicBlock(
        (conv1): Conv2d(64, 128, kernel_size=(3, 3), stride=(2, 2), padding=(1, 1), bias=False)
        (bn1): SyncBatchNorm(128, eps=1e-05, momentum=0.1, affine=True, track_running_stats=True)
        (conv2): Conv2d(128, 128, kernel_size=(3, 3), stride=(1, 1), padding=(1, 1), bias=False)
        (bn2): SyncBatchNorm(128, eps=1e-05, momentum=0.1, affine=True, track_running_stats=True)
        (relu): ReLU(inplace=True)
        (downsample): Sequential(
          (0): Conv2d(64, 128, kernel_size=(1, 1), stride=(2, 2), bias=False)
          (1): SyncBatchNorm(128, eps=1e-05, momentum=0.1, affine=True, track_running_stats=True)
        )
      )
      (1): BasicBlock(
        (conv1): Conv2d(128, 128, kernel_size=(3, 3), stride=(1, 1), padding=(1, 1), bias=False)
        (bn1): SyncBatchNorm(128, eps=1e-05, momentum=0.1, affine=True, track_running_stats=True)
        (conv2): Conv2d(128, 128, kernel_size=(3, 3), stride=(1, 1), padding=(1, 1), bias=False)
        (bn2): SyncBatchNorm(128, eps=1e-05, momentum=0.1, affine=True, track_running_stats=True)
        (relu): ReLU(inplace=True)
      )
    )
    (layer3): ResLayer(
      (0): BasicBlock(
        (conv1): Conv2d(128, 256, kernel_size=(3, 3), stride=(2, 2), padding=(1, 1), bias=False)
        (bn1): SyncBatchNorm(256, eps=1e-05, momentum=0.1, affine=True, track_running_stats=True)
        (conv2): Conv2d(256, 256, kernel_size=(3, 3), stride=(1, 1), padding=(1, 1), bias=False)
        (bn2): SyncBatchNorm(256, eps=1e-05, momentum=0.1, affine=True, track_running_stats=True)
        (relu): ReLU(inplace=True)
        (downsample): Sequential(
          (0): Conv2d(128, 256, kernel_size=(1, 1), stride=(2, 2), bias=False)
          (1): SyncBatchNorm(256, eps=1e-05, momentum=0.1, affine=True, track_running_stats=True)
        )
      )
      (1): BasicBlock(
        (conv1): Conv2d(256, 256, kernel_size=(3, 3), stride=(1, 1), padding=(1, 1), bias=False)
        (bn1): SyncBatchNorm(256, eps=1e-05, momentum=0.1, affine=True, track_running_stats=True)
        (conv2): Conv2d(256, 256, kernel_size=(3, 3), stride=(1, 1), padding=(1, 1), bias=False)
        (bn2): SyncBatchNorm(256, eps=1e-05, momentum=0.1, affine=True, track_running_stats=True)
        (relu): ReLU(inplace=True)
      )
    )
    (layer4): ResLayer(
      (0): BasicBlock(
        (conv1): Conv2d(256, 512, kernel_size=(3, 3), stride=(2, 2), padding=(1, 1), bias=False)
        (bn1): SyncBatchNorm(512, eps=1e-05, momentum=0.1, affine=True, track_running_stats=True)
        (conv2): Conv2d(512, 512, kernel_size=(3, 3), stride=(1, 1), padding=(1, 1), bias=False)
        (bn2): SyncBatchNorm(512, eps=1e-05, momentum=0.1, affine=True, track_running_stats=True)
        (relu): ReLU(inplace=True)
        (downsample): Sequential(
          (0): Conv2d(256, 512, kernel_size=(1, 1), stride=(2, 2), bias=False)
          (1): SyncBatchNorm(512, eps=1e-05, momentum=0.1, affine=True, track_running_stats=True)
        )
      )
      (1): BasicBlock(
        (conv1): Conv2d(512, 512, kernel_size=(3, 3), stride=(1, 1), padding=(1, 1), bias=False)
        (bn1): SyncBatchNorm(512, eps=1e-05, momentum=0.1, affine=True, track_running_stats=True)
        (conv2): Conv2d(512, 512, kernel_size=(3, 3), stride=(1, 1), padding=(1, 1), bias=False)
        (bn2): SyncBatchNorm(512, eps=1e-05, momentum=0.1, affine=True, track_running_stats=True)
        (relu): ReLU(inplace=True)
      )
    )
  )
  init_cfg={'type': 'Pretrained', 'checkpoint': 'open-mmlab://resnet18_v1c'}
  (decode_head): DepthwiseSeparableASPPHead(
    input_transform=None, ignore_index=255, align_corners=False
    (loss_decode): ModuleList(
      (0): CrossEntropyLoss(avg_non_ignore=False)
      (1): DiceLoss()
    )
    (conv_seg): Conv2d(512, 2, kernel_size=(1, 1), stride=(1, 1))
    (dropout): Dropout2d(p=0.1, inplace=False)
    (image_pool): Sequential(
      (0): AdaptiveAvgPool2d(output_size=1)
      (1): ConvModule(
        (conv): Conv2d(512, 512, kernel_size=(1, 1), stride=(1, 1), bias=False)
        (bn): SyncBatchNorm(512, eps=1e-05, momentum=0.1, affine=True, track_running_stats=True)
        (activate): ReLU(inplace=True)
      )
    )
    (aspp_modules): DepthwiseSeparableASPPModule(
      (0): ConvModule(
        (conv): Conv2d(512, 512, kernel_size=(1, 1), stride=(1, 1), bias=False)
        (bn): SyncBatchNorm(512, eps=1e-05, momentum=0.1, affine=True, track_running_stats=True)
        (activate): ReLU(inplace=True)
      )
      (1): DepthwiseSeparableConvModule(
        (depthwise_conv): ConvModule(
          (conv): Conv2d(512, 512, kernel_size=(3, 3), stride=(1, 1), padding=(12, 12), dilation=(12, 12), groups=512, bias=False)
          (bn): SyncBatchNorm(512, eps=1e-05, momentum=0.1, affine=True, track_running_stats=True)
          (activate): ReLU(inplace=True)
        )
        (pointwise_conv): ConvModule(
          (conv): Conv2d(512, 512, kernel_size=(1, 1), stride=(1, 1), bias=False)
          (bn): SyncBatchNorm(512, eps=1e-05, momentum=0.1, affine=True, track_running_stats=True)
          (activate): ReLU(inplace=True)
        )
      )
      (2): DepthwiseSeparableConvModule(
        (depthwise_conv): ConvModule(
          (conv): Conv2d(512, 512, kernel_size=(3, 3), stride=(1, 1), padding=(24, 24), dilation=(24, 24), groups=512, bias=False)
          (bn): SyncBatchNorm(512, eps=1e-05, momentum=0.1, affine=True, track_running_stats=True)
          (activate): ReLU(inplace=True)
        )
        (pointwise_conv): ConvModule(
          (conv): Conv2d(512, 512, kernel_size=(1, 1), stride=(1, 1), bias=False)
          (bn): SyncBatchNorm(512, eps=1e-05, momentum=0.1, affine=True, track_running_stats=True)
          (activate): ReLU(inplace=True)
        )
      )
      (3): DepthwiseSeparableConvModule(
        (depthwise_conv): ConvModule(
          (conv): Conv2d(512, 512, kernel_size=(3, 3), stride=(1, 1), padding=(36, 36), dilation=(36, 36), groups=512, bias=False)
          (bn): SyncBatchNorm(512, eps=1e-05, momentum=0.1, affine=True, track_running_stats=True)
          (activate): ReLU(inplace=True)
        )
        (pointwise_conv): ConvModule(
          (conv): Conv2d(512, 512, kernel_size=(1, 1), stride=(1, 1), bias=False)
          (bn): SyncBatchNorm(512, eps=1e-05, momentum=0.1, affine=True, track_running_stats=True)
          (activate): ReLU(inplace=True)
        )
      )
    )
    (bottleneck): ConvModule(
      (conv): Conv2d(2560, 512, kernel_size=(3, 3), stride=(1, 1), padding=(1, 1), bias=False)
      (bn): SyncBatchNorm(512, eps=1e-05, momentum=0.1, affine=True, track_running_stats=True)
      (activate): ReLU(inplace=True)
    )
    (c1_bottleneck): ConvModule(
      (conv): Conv2d(64, 48, kernel_size=(1, 1), stride=(1, 1), bias=False)
      (bn): SyncBatchNorm(48, eps=1e-05, momentum=0.1, affine=True, track_running_stats=True)
      (activate): ReLU(inplace=True)
    )
    (sep_bottleneck): Sequential(
      (0): DepthwiseSeparableConvModule(
        (depthwise_conv): ConvModule(
          (conv): Conv2d(560, 560, kernel_size=(3, 3), stride=(1, 1), padding=(1, 1), groups=560, bias=False)
          (bn): SyncBatchNorm(560, eps=1e-05, momentum=0.1, affine=True, track_running_stats=True)
          (activate): ReLU(inplace=True)
        )
        (pointwise_conv): ConvModule(
          (conv): Conv2d(560, 512, kernel_size=(1, 1), stride=(1, 1), bias=False)
          (bn): SyncBatchNorm(512, eps=1e-05, momentum=0.1, affine=True, track_running_stats=True)
          (activate): ReLU(inplace=True)
        )
      )
      (1): DepthwiseSeparableConvModule(
        (depthwise_conv): ConvModule(
          (conv): Conv2d(512, 512, kernel_size=(3, 3), stride=(1, 1), padding=(1, 1), groups=512, bias=False)
          (bn): SyncBatchNorm(512, eps=1e-05, momentum=0.1, affine=True, track_running_stats=True)
          (activate): ReLU(inplace=True)
        )
        (pointwise_conv): ConvModule(
          (conv): Conv2d(512, 512, kernel_size=(1, 1), stride=(1, 1), bias=False)
          (bn): SyncBatchNorm(512, eps=1e-05, momentum=0.1, affine=True, track_running_stats=True)
          (activate): ReLU(inplace=True)
        )
      )
    )
  )
  init_cfg={'type': 'Normal', 'std': 0.01, 'override': {'name': 'conv_seg'}}
)
2025-11-17 22:49:01,830 - mmseg - INFO - Loaded 568 images
2025-11-17 22:49:09,040 - mmseg - INFO - Loaded 64 images
2025-11-17 22:49:09,041 - mmseg - INFO - Start running, host: wuyou@wuyou-desktop, work_dir: /data/code2025/Q2/2025-11-17-02/work_dirs/deeplabv3plus
2025-11-17 22:49:09,041 - mmseg - INFO - Hooks will be executed in the following order:
before_run:
(VERY_HIGH   ) PolyLrUpdaterHook                  
(NORMAL      ) CheckpointHook                     
(LOW         ) DistEvalHook                       
(VERY_LOW    ) TensorboardLoggerHook              
(VERY_LOW    ) TextLoggerHook                     
 -------------------- 
before_train_epoch:
(VERY_HIGH   ) PolyLrUpdaterHook                  
(LOW         ) IterTimerHook                      
(LOW         ) DistEvalHook                       
(VERY_LOW    ) TensorboardLoggerHook              
(VERY_LOW    ) TextLoggerHook                     
 -------------------- 
before_train_iter:
(VERY_HIGH   ) PolyLrUpdaterHook                  
(LOW         ) IterTimerHook                      
(LOW         ) DistEvalHook                       
 -------------------- 
after_train_iter:
(ABOVE_NORMAL) OptimizerHook                      
(NORMAL      ) CheckpointHook                     
(LOW         ) IterTimerHook                      
(LOW         ) DistEvalHook                       
(VERY_LOW    ) TensorboardLoggerHook              
(VERY_LOW    ) TextLoggerHook                     
 -------------------- 
after_train_epoch:
(NORMAL      ) CheckpointHook                     
(LOW         ) DistEvalHook                       
(VERY_LOW    ) TensorboardLoggerHook              
(VERY_LOW    ) TextLoggerHook                     
 -------------------- 
before_val_epoch:
(LOW         ) IterTimerHook                      
(VERY_LOW    ) TensorboardLoggerHook              
(VERY_LOW    ) TextLoggerHook                     
 -------------------- 
before_val_iter:
(LOW         ) IterTimerHook                      
 -------------------- 
after_val_iter:
(LOW         ) IterTimerHook                      
 -------------------- 
after_val_epoch:
(VERY_LOW    ) TensorboardLoggerHook              
(VERY_LOW    ) TextLoggerHook                     
 -------------------- 
after_run:
(VERY_LOW    ) TensorboardLoggerHook              
(VERY_LOW    ) TextLoggerHook                     
 -------------------- 
2025-11-17 22:49:09,042 - mmseg - INFO - workflow: [('train', 1)], max: 10000 iters
2025-11-17 22:49:09,042 - mmseg - INFO - Checkpoints will be saved to /data/code2025/Q2/2025-11-17-02/work_dirs/deeplabv3plus by HardDiskBackend.
2025-11-17 22:49:20,032 - mmseg - INFO - Iter [50/10000]	lr: 9.956e-04, eta: 0:29:41, time: 0.179, data_time: 0.102, memory: 2703, decode.loss_ce: 0.2056, decode.loss_dice: 0.4822, decode.acc_seg: 97.2122, loss: 0.6878
2025-11-17 22:49:24,000 - mmseg - INFO - Iter [100/10000]	lr: 9.912e-04, eta: 0:21:19, time: 0.079, data_time: 0.006, memory: 2703, decode.loss_ce: 0.1044, decode.loss_dice: 0.3070, decode.acc_seg: 98.3801, loss: 0.4114
2025-11-17 22:49:27,925 - mmseg - INFO - Iter [150/10000]	lr: 9.867e-04, eta: 0:18:26, time: 0.078, data_time: 0.005, memory: 2703, decode.loss_ce: 0.0794, decode.loss_dice: 0.2640, decode.acc_seg: 98.7923, loss: 0.3435
2025-11-17 22:49:31,737 - mmseg - INFO - Iter [200/10000]	lr: 9.823e-04, eta: 0:16:52, time: 0.076, data_time: 0.005, memory: 2703, decode.loss_ce: 0.0834, decode.loss_dice: 0.2620, decode.acc_seg: 98.7910, loss: 0.3454
2025-11-17 22:49:35,598 - mmseg - INFO - Iter [250/10000]	lr: 9.778e-04, eta: 0:15:56, time: 0.077, data_time: 0.005, memory: 2703, decode.loss_ce: 0.0941, decode.loss_dice: 0.3053, decode.acc_seg: 98.6234, loss: 0.3994
2025-11-17 22:49:39,445 - mmseg - INFO - Iter [300/10000]	lr: 9.733e-04, eta: 0:15:17, time: 0.077, data_time: 0.004, memory: 2703, decode.loss_ce: 0.1328, decode.loss_dice: 0.3541, decode.acc_seg: 97.8689, loss: 0.4868
2025-11-17 22:49:43,250 - mmseg - INFO - Iter [350/10000]	lr: 9.688e-04, eta: 0:14:46, time: 0.076, data_time: 0.004, memory: 2703, decode.loss_ce: 0.0935, decode.loss_dice: 0.3003, decode.acc_seg: 98.6068, loss: 0.3938
2025-11-17 22:49:47,079 - mmseg - INFO - Iter [400/10000]	lr: 9.644e-04, eta: 0:14:23, time: 0.077, data_time: 0.005, memory: 2703, decode.loss_ce: 0.0995, decode.loss_dice: 0.2665, decode.acc_seg: 98.5038, loss: 0.3660
2025-11-17 22:49:50,980 - mmseg - INFO - Iter [450/10000]	lr: 9.599e-04, eta: 0:14:06, time: 0.078, data_time: 0.004, memory: 2703, decode.loss_ce: 0.1198, decode.loss_dice: 0.2805, decode.acc_seg: 98.2789, loss: 0.4003
2025-11-17 22:49:55,167 - mmseg - INFO - Iter [500/10000]	lr: 9.554e-04, eta: 0:13:57, time: 0.084, data_time: 0.007, memory: 2703, decode.loss_ce: 0.0895, decode.loss_dice: 0.2538, decode.acc_seg: 98.5100, loss: 0.3433
2025-11-17 22:49:59,034 - mmseg - INFO - Iter [550/10000]	lr: 9.509e-04, eta: 0:13:43, time: 0.077, data_time: 0.004, memory: 2703, decode.loss_ce: 0.0872, decode.loss_dice: 0.2995, decode.acc_seg: 98.6192, loss: 0.3867
2025-11-17 22:50:02,947 - mmseg - INFO - Iter [600/10000]	lr: 9.465e-04, eta: 0:13:32, time: 0.078, data_time: 0.005, memory: 2703, decode.loss_ce: 0.0811, decode.loss_dice: 0.2750, decode.acc_seg: 98.7038, loss: 0.3561
2025-11-17 22:50:06,847 - mmseg - INFO - Iter [650/10000]	lr: 9.420e-04, eta: 0:13:22, time: 0.078, data_time: 0.005, memory: 2703, decode.loss_ce: 0.0796, decode.loss_dice: 0.2746, decode.acc_seg: 98.6473, loss: 0.3543
2025-11-17 22:50:10,660 - mmseg - INFO - Iter [700/10000]	lr: 9.375e-04, eta: 0:13:11, time: 0.076, data_time: 0.005, memory: 2703, decode.loss_ce: 0.1118, decode.loss_dice: 0.3090, decode.acc_seg: 98.3344, loss: 0.4209
2025-11-17 22:50:14,479 - mmseg - INFO - Iter [750/10000]	lr: 9.330e-04, eta: 0:13:01, time: 0.076, data_time: 0.005, memory: 2703, decode.loss_ce: 0.0988, decode.loss_dice: 0.2771, decode.acc_seg: 98.4238, loss: 0.3759
2025-11-17 22:50:18,655 - mmseg - INFO - Iter [800/10000]	lr: 9.285e-04, eta: 0:12:57, time: 0.084, data_time: 0.007, memory: 2703, decode.loss_ce: 0.0983, decode.loss_dice: 0.2657, decode.acc_seg: 98.6038, loss: 0.3640
2025-11-17 22:50:22,688 - mmseg - INFO - Iter [850/10000]	lr: 9.240e-04, eta: 0:12:50, time: 0.081, data_time: 0.006, memory: 2703, decode.loss_ce: 0.0980, decode.loss_dice: 0.2906, decode.acc_seg: 98.6256, loss: 0.3886
2025-11-17 22:50:26,635 - mmseg - INFO - Iter [900/10000]	lr: 9.195e-04, eta: 0:12:43, time: 0.079, data_time: 0.005, memory: 2703, decode.loss_ce: 0.1126, decode.loss_dice: 0.2782, decode.acc_seg: 98.4376, loss: 0.3908
2025-11-17 22:50:30,661 - mmseg - INFO - Iter [950/10000]	lr: 9.150e-04, eta: 0:12:38, time: 0.081, data_time: 0.005, memory: 2703, decode.loss_ce: 0.0780, decode.loss_dice: 0.2558, decode.acc_seg: 98.7642, loss: 0.3338
2025-11-17 22:50:34,537 - mmseg - INFO - Exp name: deeplabv3plus.py
2025-11-17 22:50:34,538 - mmseg - INFO - Iter [1000/10000]	lr: 9.105e-04, eta: 0:12:31, time: 0.078, data_time: 0.004, memory: 2703, decode.loss_ce: 0.0933, decode.loss_dice: 0.2635, decode.acc_seg: 98.5685, loss: 0.3568
2025-11-17 22:50:47,917 - mmseg - INFO - per class results:
2025-11-17 22:50:47,918 - mmseg - INFO - 
+------------+-------+-------+-------+--------+-----------+--------+-------+
|   Class    |  IoU  |  HD95 |  Acc  | Fscore | Precision | Recall |  Dice |
+------------+-------+-------+-------+--------+-----------+--------+-------+
| background | 98.05 | 11.14 | 99.71 | 99.02  |   98.34   | 99.71  | 99.02 |
|   Lesion   | 45.44 | 19.29 | 49.42 | 62.49  |   84.94   | 49.42  | 62.49 |
+------------+-------+-------+-------+--------+-----------+--------+-------+
2025-11-17 22:50:47,918 - mmseg - INFO - Summary:
2025-11-17 22:50:47,919 - mmseg - INFO - 
+-------+-------+-------+-------+---------+------------+---------+-------+
|  aAcc |  mIoU | mHD95 |  mAcc | mFscore | mPrecision | mRecall | mDice |
+-------+-------+-------+-------+---------+------------+---------+-------+
| 98.09 | 71.75 | 15.21 | 74.57 |  80.75  |   91.64    |  74.57  | 80.75 |
+-------+-------+-------+-------+---------+------------+---------+-------+
2025-11-17 22:50:47,921 - mmseg - INFO - Exp name: deeplabv3plus.py
2025-11-17 22:50:47,922 - mmseg - INFO - Iter(val) [64]	aAcc: 0.9809, mIoU: 0.7175, mHD95: 0.1521, mAcc: 0.7457, mFscore: 0.8075, mPrecision: 0.9164, mRecall: 0.7457, mDice: 0.8075, IoU.background: 0.9805, IoU.Lesion: 0.4544, HD95.background: 0.1114, HD95.Lesion: 0.1929, Acc.background: 0.9971, Acc.Lesion: 0.4942, Fscore.background: 0.9902, Fscore.Lesion: 0.6249, Precision.background: 0.9834, Precision.Lesion: 0.8494, Recall.background: 0.9971, Recall.Lesion: 0.4942, Dice.background: 0.9902, Dice.Lesion: 0.6249
2025-11-17 22:50:51,785 - mmseg - INFO - Iter [1050/10000]	lr: 9.060e-04, eta: 0:14:18, time: 0.345, data_time: 0.273, memory: 2703, decode.loss_ce: 0.0782, decode.loss_dice: 0.2662, decode.acc_seg: 98.7845, loss: 0.3444
2025-11-17 22:50:55,671 - mmseg - INFO - Iter [1100/10000]	lr: 9.015e-04, eta: 0:14:06, time: 0.078, data_time: 0.005, memory: 2703, decode.loss_ce: 0.0760, decode.loss_dice: 0.2475, decode.acc_seg: 98.7921, loss: 0.3235
2025-11-17 22:50:59,527 - mmseg - INFO - Iter [1150/10000]	lr: 8.970e-04, eta: 0:13:54, time: 0.077, data_time: 0.005, memory: 2703, decode.loss_ce: 0.0932, decode.loss_dice: 0.2672, decode.acc_seg: 98.4476, loss: 0.3604
2025-11-17 22:51:03,411 - mmseg - INFO - Iter [1200/10000]	lr: 8.925e-04, eta: 0:13:43, time: 0.078, data_time: 0.005, memory: 2703, decode.loss_ce: 0.0902, decode.loss_dice: 0.2254, decode.acc_seg: 98.7395, loss: 0.3157
2025-11-17 22:51:07,419 - mmseg - INFO - Iter [1250/10000]	lr: 8.880e-04, eta: 0:13:34, time: 0.080, data_time: 0.006, memory: 2703, decode.loss_ce: 0.0634, decode.loss_dice: 0.2420, decode.acc_seg: 99.0561, loss: 0.3054
2025-11-17 22:51:11,297 - mmseg - INFO - Iter [1300/10000]	lr: 8.835e-04, eta: 0:13:24, time: 0.078, data_time: 0.005, memory: 2703, decode.loss_ce: 0.1060, decode.loss_dice: 0.2812, decode.acc_seg: 98.1700, loss: 0.3872
2025-11-17 22:51:15,201 - mmseg - INFO - Iter [1350/10000]	lr: 8.790e-04, eta: 0:13:15, time: 0.078, data_time: 0.005, memory: 2703, decode.loss_ce: 0.0703, decode.loss_dice: 0.2454, decode.acc_seg: 98.8700, loss: 0.3157
2025-11-17 22:51:19,460 - mmseg - INFO - Iter [1400/10000]	lr: 8.744e-04, eta: 0:13:08, time: 0.085, data_time: 0.008, memory: 2703, decode.loss_ce: 0.0927, decode.loss_dice: 0.2383, decode.acc_seg: 98.4792, loss: 0.3311
2025-11-17 22:51:25,712 - mmseg - INFO - Iter [1450/10000]	lr: 8.699e-04, eta: 0:13:13, time: 0.125, data_time: 0.050, memory: 2703, decode.loss_ce: 0.1010, decode.loss_dice: 0.2469, decode.acc_seg: 98.4248, loss: 0.3479
2025-11-17 22:51:29,667 - mmseg - INFO - Iter [1500/10000]	lr: 8.654e-04, eta: 0:13:05, time: 0.079, data_time: 0.006, memory: 2703, decode.loss_ce: 0.1027, decode.loss_dice: 0.2717, decode.acc_seg: 98.3251, loss: 0.3744
2025-11-17 22:51:33,916 - mmseg - INFO - Iter [1550/10000]	lr: 8.608e-04, eta: 0:12:58, time: 0.085, data_time: 0.007, memory: 2703, decode.loss_ce: 0.0809, decode.loss_dice: 0.2640, decode.acc_seg: 98.7313, loss: 0.3449
2025-11-17 22:51:37,828 - mmseg - INFO - Iter [1600/10000]	lr: 8.563e-04, eta: 0:12:50, time: 0.078, data_time: 0.005, memory: 2703, decode.loss_ce: 0.0977, decode.loss_dice: 0.2682, decode.acc_seg: 98.5228, loss: 0.3660
2025-11-17 22:51:41,722 - mmseg - INFO - Iter [1650/10000]	lr: 8.518e-04, eta: 0:12:42, time: 0.078, data_time: 0.004, memory: 2703, decode.loss_ce: 0.0876, decode.loss_dice: 0.2479, decode.acc_seg: 98.6502, loss: 0.3355
2025-11-17 22:51:45,607 - mmseg - INFO - Iter [1700/10000]	lr: 8.472e-04, eta: 0:12:34, time: 0.078, data_time: 0.004, memory: 2703, decode.loss_ce: 0.0690, decode.loss_dice: 0.2227, decode.acc_seg: 98.8762, loss: 0.2918
2025-11-17 22:51:49,512 - mmseg - INFO - Iter [1750/10000]	lr: 8.427e-04, eta: 0:12:26, time: 0.078, data_time: 0.004, memory: 2703, decode.loss_ce: 0.0853, decode.loss_dice: 0.2543, decode.acc_seg: 98.7236, loss: 0.3396
2025-11-17 22:51:53,362 - mmseg - INFO - Iter [1800/10000]	lr: 8.382e-04, eta: 0:12:19, time: 0.077, data_time: 0.005, memory: 2703, decode.loss_ce: 0.0884, decode.loss_dice: 0.2423, decode.acc_seg: 98.4198, loss: 0.3306
2025-11-17 22:51:57,309 - mmseg - INFO - Iter [1850/10000]	lr: 8.336e-04, eta: 0:12:12, time: 0.079, data_time: 0.005, memory: 2703, decode.loss_ce: 0.0851, decode.loss_dice: 0.2623, decode.acc_seg: 98.6801, loss: 0.3474
2025-11-17 22:52:01,199 - mmseg - INFO - Iter [1900/10000]	lr: 8.291e-04, eta: 0:12:05, time: 0.078, data_time: 0.005, memory: 2703, decode.loss_ce: 0.0880, decode.loss_dice: 0.2448, decode.acc_seg: 98.6037, loss: 0.3327
2025-11-17 22:52:05,315 - mmseg - INFO - Iter [1950/10000]	lr: 8.245e-04, eta: 0:11:59, time: 0.082, data_time: 0.006, memory: 2703, decode.loss_ce: 0.0814, decode.loss_dice: 0.2565, decode.acc_seg: 98.7291, loss: 0.3380
2025-11-17 22:52:09,355 - mmseg - INFO - Exp name: deeplabv3plus.py
2025-11-17 22:52:09,355 - mmseg - INFO - Iter [2000/10000]	lr: 8.200e-04, eta: 0:11:53, time: 0.081, data_time: 0.006, memory: 2703, decode.loss_ce: 0.0793, decode.loss_dice: 0.2221, decode.acc_seg: 98.8216, loss: 0.3015
2025-11-17 22:52:17,637 - mmseg - INFO - per class results:
2025-11-17 22:52:17,639 - mmseg - INFO - 
+------------+-------+-------+-------+--------+-----------+--------+-------+
|   Class    |  IoU  |  HD95 |  Acc  | Fscore | Precision | Recall |  Dice |
+------------+-------+-------+-------+--------+-----------+--------+-------+
| background | 98.43 | 11.03 |  99.4 | 99.21  |   99.01   |  99.4  | 99.21 |
|   Lesion   | 59.63 | 15.81 | 70.32 | 74.71  |   79.69   | 70.32  | 74.71 |
+------------+-------+-------+-------+--------+-----------+--------+-------+
2025-11-17 22:52:17,639 - mmseg - INFO - Summary:
2025-11-17 22:52:17,640 - mmseg - INFO - 
+-------+-------+-------+-------+---------+------------+---------+-------+
|  aAcc |  mIoU | mHD95 |  mAcc | mFscore | mPrecision | mRecall | mDice |
+-------+-------+-------+-------+---------+------------+---------+-------+
| 98.46 | 79.03 | 13.42 | 84.86 |  86.96  |   89.35    |  84.86  | 86.96 |
+-------+-------+-------+-------+---------+------------+---------+-------+
2025-11-17 22:52:17,643 - mmseg - INFO - Exp name: deeplabv3plus.py
2025-11-17 22:52:17,643 - mmseg - INFO - Iter(val) [64]	aAcc: 0.9846, mIoU: 0.7903, mHD95: 0.1342, mAcc: 0.8486, mFscore: 0.8696, mPrecision: 0.8935, mRecall: 0.8486, mDice: 0.8696, IoU.background: 0.9843, IoU.Lesion: 0.5963, HD95.background: 0.1103, HD95.Lesion: 0.1581, Acc.background: 0.9940, Acc.Lesion: 0.7032, Fscore.background: 0.9921, Fscore.Lesion: 0.7471, Precision.background: 0.9901, Precision.Lesion: 0.7969, Recall.background: 0.9940, Recall.Lesion: 0.7032, Dice.background: 0.9921, Dice.Lesion: 0.7471
2025-11-17 22:52:21,468 - mmseg - INFO - Iter [2050/10000]	lr: 8.154e-04, eta: 0:12:18, time: 0.242, data_time: 0.171, memory: 2703, decode.loss_ce: 0.0800, decode.loss_dice: 0.2230, decode.acc_seg: 98.8379, loss: 0.3029
2025-11-17 22:52:25,649 - mmseg - INFO - Iter [2100/10000]	lr: 8.108e-04, eta: 0:12:11, time: 0.084, data_time: 0.007, memory: 2703, decode.loss_ce: 0.0673, decode.loss_dice: 0.2267, decode.acc_seg: 98.9264, loss: 0.2940
2025-11-17 22:52:29,930 - mmseg - INFO - Iter [2150/10000]	lr: 8.063e-04, eta: 0:12:05, time: 0.086, data_time: 0.009, memory: 2703, decode.loss_ce: 0.0774, decode.loss_dice: 0.2206, decode.acc_seg: 98.7391, loss: 0.2979
2025-11-17 22:52:34,140 - mmseg - INFO - Iter [2200/10000]	lr: 8.017e-04, eta: 0:11:59, time: 0.084, data_time: 0.007, memory: 2703, decode.loss_ce: 0.0765, decode.loss_dice: 0.2496, decode.acc_seg: 98.6916, loss: 0.3261
2025-11-17 22:52:38,341 - mmseg - INFO - Iter [2250/10000]	lr: 7.971e-04, eta: 0:11:53, time: 0.084, data_time: 0.007, memory: 2703, decode.loss_ce: 0.0725, decode.loss_dice: 0.2548, decode.acc_seg: 98.8964, loss: 0.3273
2025-11-17 22:52:42,447 - mmseg - INFO - Iter [2300/10000]	lr: 7.926e-04, eta: 0:11:47, time: 0.082, data_time: 0.006, memory: 2703, decode.loss_ce: 0.0961, decode.loss_dice: 0.2327, decode.acc_seg: 98.4536, loss: 0.3288
2025-11-17 22:52:46,655 - mmseg - INFO - Iter [2350/10000]	lr: 7.880e-04, eta: 0:11:41, time: 0.084, data_time: 0.007, memory: 2703, decode.loss_ce: 0.0646, decode.loss_dice: 0.2197, decode.acc_seg: 98.9744, loss: 0.2842
2025-11-17 22:52:50,714 - mmseg - INFO - Iter [2400/10000]	lr: 7.834e-04, eta: 0:11:35, time: 0.081, data_time: 0.006, memory: 2703, decode.loss_ce: 0.0837, decode.loss_dice: 0.2607, decode.acc_seg: 98.5835, loss: 0.3444
2025-11-17 22:52:54,517 - mmseg - INFO - Iter [2450/10000]	lr: 7.788e-04, eta: 0:11:28, time: 0.076, data_time: 0.005, memory: 2703, decode.loss_ce: 0.0728, decode.loss_dice: 0.2127, decode.acc_seg: 98.9533, loss: 0.2855
2025-11-17 22:52:58,470 - mmseg - INFO - Iter [2500/10000]	lr: 7.743e-04, eta: 0:11:22, time: 0.079, data_time: 0.005, memory: 2703, decode.loss_ce: 0.0650, decode.loss_dice: 0.2074, decode.acc_seg: 98.9165, loss: 0.2725
2025-11-17 22:53:02,362 - mmseg - INFO - Iter [2550/10000]	lr: 7.697e-04, eta: 0:11:15, time: 0.078, data_time: 0.004, memory: 2703, decode.loss_ce: 0.0757, decode.loss_dice: 0.2380, decode.acc_seg: 98.7558, loss: 0.3137
2025-11-17 22:53:06,386 - mmseg - INFO - Iter [2600/10000]	lr: 7.651e-04, eta: 0:11:09, time: 0.080, data_time: 0.005, memory: 2703, decode.loss_ce: 0.0666, decode.loss_dice: 0.2281, decode.acc_seg: 98.9174, loss: 0.2947
2025-11-17 22:53:10,373 - mmseg - INFO - Iter [2650/10000]	lr: 7.605e-04, eta: 0:11:03, time: 0.080, data_time: 0.005, memory: 2703, decode.loss_ce: 0.0734, decode.loss_dice: 0.2135, decode.acc_seg: 98.9226, loss: 0.2869
2025-11-17 22:53:14,499 - mmseg - INFO - Iter [2700/10000]	lr: 7.559e-04, eta: 0:10:58, time: 0.083, data_time: 0.005, memory: 2703, decode.loss_ce: 0.0672, decode.loss_dice: 0.2271, decode.acc_seg: 98.8785, loss: 0.2943
2025-11-17 22:53:18,396 - mmseg - INFO - Iter [2750/10000]	lr: 7.513e-04, eta: 0:10:51, time: 0.078, data_time: 0.005, memory: 2703, decode.loss_ce: 0.0757, decode.loss_dice: 0.2333, decode.acc_seg: 98.7833, loss: 0.3090
2025-11-17 22:53:22,353 - mmseg - INFO - Iter [2800/10000]	lr: 7.467e-04, eta: 0:10:46, time: 0.079, data_time: 0.005, memory: 2703, decode.loss_ce: 0.0708, decode.loss_dice: 0.2165, decode.acc_seg: 98.8192, loss: 0.2873
2025-11-17 22:53:28,710 - mmseg - INFO - Iter [2850/10000]	lr: 7.421e-04, eta: 0:10:46, time: 0.127, data_time: 0.051, memory: 2703, decode.loss_ce: 0.0695, decode.loss_dice: 0.2258, decode.acc_seg: 98.8739, loss: 0.2953
2025-11-17 22:53:32,766 - mmseg - INFO - Iter [2900/10000]	lr: 7.375e-04, eta: 0:10:40, time: 0.081, data_time: 0.006, memory: 2703, decode.loss_ce: 0.0644, decode.loss_dice: 0.2072, decode.acc_seg: 98.8271, loss: 0.2716
2025-11-17 22:53:36,916 - mmseg - INFO - Iter [2950/10000]	lr: 7.329e-04, eta: 0:10:35, time: 0.083, data_time: 0.006, memory: 2703, decode.loss_ce: 0.0833, decode.loss_dice: 0.2263, decode.acc_seg: 98.6611, loss: 0.3095
2025-11-17 22:53:40,973 - mmseg - INFO - Exp name: deeplabv3plus.py
2025-11-17 22:53:40,973 - mmseg - INFO - Iter [3000/10000]	lr: 7.283e-04, eta: 0:10:29, time: 0.081, data_time: 0.006, memory: 2703, decode.loss_ce: 0.0800, decode.loss_dice: 0.2315, decode.acc_seg: 98.7401, loss: 0.3115
2025-11-17 22:53:48,853 - mmseg - INFO - per class results:
2025-11-17 22:53:48,854 - mmseg - INFO - 
+------------+-------+-------+-------+--------+-----------+--------+-------+
|   Class    |  IoU  |  HD95 |  Acc  | Fscore | Precision | Recall |  Dice |
+------------+-------+-------+-------+--------+-----------+--------+-------+
| background | 98.17 | 11.12 | 99.72 | 99.08  |   98.45   | 99.72  | 99.08 |
|   Lesion   | 48.67 | 18.73 | 52.81 | 65.47  |   86.11   | 52.81  | 65.47 |
+------------+-------+-------+-------+--------+-----------+--------+-------+
2025-11-17 22:53:48,854 - mmseg - INFO - Summary:
2025-11-17 22:53:48,855 - mmseg - INFO - 
+------+-------+-------+-------+---------+------------+---------+-------+
| aAcc |  mIoU | mHD95 |  mAcc | mFscore | mPrecision | mRecall | mDice |
+------+-------+-------+-------+---------+------------+---------+-------+
| 98.2 | 73.42 | 14.92 | 76.27 |  82.27  |   92.28    |  76.27  | 82.27 |
+------+-------+-------+-------+---------+------------+---------+-------+
2025-11-17 22:53:48,857 - mmseg - INFO - Exp name: deeplabv3plus.py
2025-11-17 22:53:48,858 - mmseg - INFO - Iter(val) [64]	aAcc: 0.9820, mIoU: 0.7342, mHD95: 0.1492, mAcc: 0.7627, mFscore: 0.8227, mPrecision: 0.9228, mRecall: 0.7627, mDice: 0.8227, IoU.background: 0.9817, IoU.Lesion: 0.4867, HD95.background: 0.1112, HD95.Lesion: 0.1873, Acc.background: 0.9972, Acc.Lesion: 0.5281, Fscore.background: 0.9908, Fscore.Lesion: 0.6547, Precision.background: 0.9845, Precision.Lesion: 0.8611, Recall.background: 0.9972, Recall.Lesion: 0.5281, Dice.background: 0.9908, Dice.Lesion: 0.6547
2025-11-17 22:53:52,858 - mmseg - INFO - Iter [3050/10000]	lr: 7.236e-04, eta: 0:10:42, time: 0.238, data_time: 0.163, memory: 2703, decode.loss_ce: 0.0769, decode.loss_dice: 0.2323, decode.acc_seg: 98.8359, loss: 0.3092
2025-11-17 22:53:56,728 - mmseg - INFO - Iter [3100/10000]	lr: 7.190e-04, eta: 0:10:35, time: 0.077, data_time: 0.004, memory: 2703, decode.loss_ce: 0.0830, decode.loss_dice: 0.2366, decode.acc_seg: 98.7629, loss: 0.3195
2025-11-17 22:54:00,746 - mmseg - INFO - Iter [3150/10000]	lr: 7.144e-04, eta: 0:10:29, time: 0.080, data_time: 0.006, memory: 2703, decode.loss_ce: 0.0710, decode.loss_dice: 0.2287, decode.acc_seg: 98.8384, loss: 0.2997
2025-11-17 22:54:04,669 - mmseg - INFO - Iter [3200/10000]	lr: 7.098e-04, eta: 0:10:23, time: 0.078, data_time: 0.004, memory: 2703, decode.loss_ce: 0.0668, decode.loss_dice: 0.2097, decode.acc_seg: 98.8803, loss: 0.2766
2025-11-17 22:54:08,536 - mmseg - INFO - Iter [3250/10000]	lr: 7.051e-04, eta: 0:10:17, time: 0.077, data_time: 0.004, memory: 2703, decode.loss_ce: 0.0873, decode.loss_dice: 0.2736, decode.acc_seg: 98.6161, loss: 0.3610
2025-11-17 22:54:12,583 - mmseg - INFO - Iter [3300/10000]	lr: 7.005e-04, eta: 0:10:12, time: 0.081, data_time: 0.006, memory: 2703, decode.loss_ce: 0.0816, decode.loss_dice: 0.2469, decode.acc_seg: 98.6625, loss: 0.3285
2025-11-17 22:54:16,446 - mmseg - INFO - Iter [3350/10000]	lr: 6.959e-04, eta: 0:10:06, time: 0.077, data_time: 0.005, memory: 2703, decode.loss_ce: 0.0808, decode.loss_dice: 0.2149, decode.acc_seg: 98.7870, loss: 0.2957
2025-11-17 22:54:20,377 - mmseg - INFO - Iter [3400/10000]	lr: 6.912e-04, eta: 0:10:00, time: 0.079, data_time: 0.005, memory: 2703, decode.loss_ce: 0.0673, decode.loss_dice: 0.2189, decode.acc_seg: 98.8767, loss: 0.2861
2025-11-17 22:54:24,342 - mmseg - INFO - Iter [3450/10000]	lr: 6.866e-04, eta: 0:09:54, time: 0.079, data_time: 0.004, memory: 2703, decode.loss_ce: 0.0652, decode.loss_dice: 0.2228, decode.acc_seg: 98.9574, loss: 0.2880
2025-11-17 22:54:28,421 - mmseg - INFO - Iter [3500/10000]	lr: 6.819e-04, eta: 0:09:49, time: 0.082, data_time: 0.007, memory: 2703, decode.loss_ce: 0.0662, decode.loss_dice: 0.2311, decode.acc_seg: 98.8724, loss: 0.2973
2025-11-17 22:54:32,394 - mmseg - INFO - Iter [3550/10000]	lr: 6.773e-04, eta: 0:09:43, time: 0.079, data_time: 0.005, memory: 2703, decode.loss_ce: 0.0779, decode.loss_dice: 0.2447, decode.acc_seg: 98.6555, loss: 0.3227
2025-11-17 22:54:36,247 - mmseg - INFO - Iter [3600/10000]	lr: 6.726e-04, eta: 0:09:38, time: 0.077, data_time: 0.005, memory: 2703, decode.loss_ce: 0.1010, decode.loss_dice: 0.2513, decode.acc_seg: 98.3515, loss: 0.3522
2025-11-17 22:54:40,125 - mmseg - INFO - Iter [3650/10000]	lr: 6.680e-04, eta: 0:09:32, time: 0.078, data_time: 0.004, memory: 2703, decode.loss_ce: 0.0596, decode.loss_dice: 0.2203, decode.acc_seg: 98.9675, loss: 0.2800
2025-11-17 22:54:43,975 - mmseg - INFO - Iter [3700/10000]	lr: 6.633e-04, eta: 0:09:26, time: 0.077, data_time: 0.005, memory: 2703, decode.loss_ce: 0.0750, decode.loss_dice: 0.2341, decode.acc_seg: 98.8268, loss: 0.3090
2025-11-17 22:54:47,868 - mmseg - INFO - Iter [3750/10000]	lr: 6.586e-04, eta: 0:09:21, time: 0.078, data_time: 0.005, memory: 2703, decode.loss_ce: 0.0728, decode.loss_dice: 0.2222, decode.acc_seg: 98.7321, loss: 0.2950
2025-11-17 22:54:51,705 - mmseg - INFO - Iter [3800/10000]	lr: 6.539e-04, eta: 0:09:15, time: 0.077, data_time: 0.005, memory: 2703, decode.loss_ce: 0.0850, decode.loss_dice: 0.2220, decode.acc_seg: 98.4900, loss: 0.3069
2025-11-17 22:54:55,568 - mmseg - INFO - Iter [3850/10000]	lr: 6.493e-04, eta: 0:09:10, time: 0.077, data_time: 0.004, memory: 2703, decode.loss_ce: 0.0720, decode.loss_dice: 0.2220, decode.acc_seg: 98.8436, loss: 0.2940
2025-11-17 22:54:59,436 - mmseg - INFO - Iter [3900/10000]	lr: 6.446e-04, eta: 0:09:04, time: 0.077, data_time: 0.004, memory: 2703, decode.loss_ce: 0.0787, decode.loss_dice: 0.2299, decode.acc_seg: 98.7477, loss: 0.3086
2025-11-17 22:55:03,295 - mmseg - INFO - Iter [3950/10000]	lr: 6.399e-04, eta: 0:08:59, time: 0.077, data_time: 0.005, memory: 2703, decode.loss_ce: 0.0799, decode.loss_dice: 0.2402, decode.acc_seg: 98.6612, loss: 0.3200
2025-11-17 22:55:07,151 - mmseg - INFO - Exp name: deeplabv3plus.py
2025-11-17 22:55:07,152 - mmseg - INFO - Iter [4000/10000]	lr: 6.352e-04, eta: 0:08:54, time: 0.077, data_time: 0.004, memory: 2703, decode.loss_ce: 0.0838, decode.loss_dice: 0.2360, decode.acc_seg: 98.7097, loss: 0.3198
2025-11-17 22:55:14,323 - mmseg - INFO - per class results:
2025-11-17 22:55:14,329 - mmseg - INFO - 
+------------+-------+-------+-------+--------+-----------+--------+-------+
|   Class    |  IoU  |  HD95 |  Acc  | Fscore | Precision | Recall |  Dice |
+------------+-------+-------+-------+--------+-----------+--------+-------+
| background | 97.62 | 11.23 | 99.86 |  98.8  |   97.76   | 99.86  |  98.8 |
|   Lesion   | 30.08 |  22.3 | 31.35 | 46.25  |   88.16   | 31.35  | 46.25 |
+------------+-------+-------+-------+--------+-----------+--------+-------+
2025-11-17 22:55:14,329 - mmseg - INFO - Summary:
2025-11-17 22:55:14,329 - mmseg - INFO - 
+-------+-------+-------+------+---------+------------+---------+-------+
|  aAcc |  mIoU | mHD95 | mAcc | mFscore | mPrecision | mRecall | mDice |
+-------+-------+-------+------+---------+------------+---------+-------+
| 97.65 | 63.85 | 16.77 | 65.6 |  72.52  |   92.96    |   65.6  | 72.52 |
+-------+-------+-------+------+---------+------------+---------+-------+
2025-11-17 22:55:14,331 - mmseg - INFO - Exp name: deeplabv3plus.py
2025-11-17 22:55:14,331 - mmseg - INFO - Iter(val) [64]	aAcc: 0.9765, mIoU: 0.6385, mHD95: 0.1677, mAcc: 0.6560, mFscore: 0.7252, mPrecision: 0.9296, mRecall: 0.6560, mDice: 0.7252, IoU.background: 0.9762, IoU.Lesion: 0.3008, HD95.background: 0.1123, HD95.Lesion: 0.2230, Acc.background: 0.9986, Acc.Lesion: 0.3135, Fscore.background: 0.9880, Fscore.Lesion: 0.4625, Precision.background: 0.9776, Precision.Lesion: 0.8816, Recall.background: 0.9986, Recall.Lesion: 0.3135, Dice.background: 0.9880, Dice.Lesion: 0.4625
2025-11-17 22:55:18,321 - mmseg - INFO - Iter [4050/10000]	lr: 6.305e-04, eta: 0:08:59, time: 0.223, data_time: 0.150, memory: 2703, decode.loss_ce: 0.0840, decode.loss_dice: 0.2285, decode.acc_seg: 98.7090, loss: 0.3126
2025-11-17 22:55:22,546 - mmseg - INFO - Iter [4100/10000]	lr: 6.258e-04, eta: 0:08:54, time: 0.084, data_time: 0.007, memory: 2703, decode.loss_ce: 0.0785, decode.loss_dice: 0.2225, decode.acc_seg: 98.6737, loss: 0.3010
2025-11-17 22:55:26,736 - mmseg - INFO - Iter [4150/10000]	lr: 6.211e-04, eta: 0:08:49, time: 0.084, data_time: 0.007, memory: 2703, decode.loss_ce: 0.0611, decode.loss_dice: 0.2149, decode.acc_seg: 98.9911, loss: 0.2760
2025-11-17 22:55:30,976 - mmseg - INFO - Iter [4200/10000]	lr: 6.164e-04, eta: 0:08:44, time: 0.085, data_time: 0.007, memory: 2703, decode.loss_ce: 0.0851, decode.loss_dice: 0.2224, decode.acc_seg: 98.7004, loss: 0.3075
2025-11-17 22:55:35,031 - mmseg - INFO - Iter [4250/10000]	lr: 6.117e-04, eta: 0:08:39, time: 0.081, data_time: 0.006, memory: 2703, decode.loss_ce: 0.0634, decode.loss_dice: 0.2212, decode.acc_seg: 98.9017, loss: 0.2846
2025-11-17 22:55:41,255 - mmseg - INFO - Iter [4300/10000]	lr: 6.070e-04, eta: 0:08:37, time: 0.124, data_time: 0.050, memory: 2703, decode.loss_ce: 0.0570, decode.loss_dice: 0.1918, decode.acc_seg: 99.0407, loss: 0.2488
2025-11-17 22:55:45,167 - mmseg - INFO - Iter [4350/10000]	lr: 6.023e-04, eta: 0:08:31, time: 0.078, data_time: 0.004, memory: 2703, decode.loss_ce: 0.1089, decode.loss_dice: 0.2560, decode.acc_seg: 98.3485, loss: 0.3649
2025-11-17 22:55:49,042 - mmseg - INFO - Iter [4400/10000]	lr: 5.976e-04, eta: 0:08:26, time: 0.077, data_time: 0.005, memory: 2703, decode.loss_ce: 0.0640, decode.loss_dice: 0.1969, decode.acc_seg: 98.9021, loss: 0.2609
2025-11-17 22:55:52,997 - mmseg - INFO - Iter [4450/10000]	lr: 5.929e-04, eta: 0:08:21, time: 0.079, data_time: 0.005, memory: 2703, decode.loss_ce: 0.0723, decode.loss_dice: 0.2049, decode.acc_seg: 98.9539, loss: 0.2772
2025-11-17 22:55:56,875 - mmseg - INFO - Iter [4500/10000]	lr: 5.881e-04, eta: 0:08:15, time: 0.078, data_time: 0.005, memory: 2703, decode.loss_ce: 0.0867, decode.loss_dice: 0.2528, decode.acc_seg: 98.6879, loss: 0.3395
2025-11-17 22:56:00,805 - mmseg - INFO - Iter [4550/10000]	lr: 5.834e-04, eta: 0:08:10, time: 0.079, data_time: 0.005, memory: 2703, decode.loss_ce: 0.0569, decode.loss_dice: 0.2196, decode.acc_seg: 99.0801, loss: 0.2765
2025-11-17 22:56:04,737 - mmseg - INFO - Iter [4600/10000]	lr: 5.787e-04, eta: 0:08:05, time: 0.079, data_time: 0.004, memory: 2703, decode.loss_ce: 0.0597, decode.loss_dice: 0.2052, decode.acc_seg: 99.0566, loss: 0.2648
2025-11-17 22:56:08,621 - mmseg - INFO - Iter [4650/10000]	lr: 5.739e-04, eta: 0:08:00, time: 0.078, data_time: 0.004, memory: 2703, decode.loss_ce: 0.0739, decode.loss_dice: 0.2124, decode.acc_seg: 98.8376, loss: 0.2862
2025-11-17 22:56:12,499 - mmseg - INFO - Iter [4700/10000]	lr: 5.692e-04, eta: 0:07:55, time: 0.078, data_time: 0.006, memory: 2703, decode.loss_ce: 0.0903, decode.loss_dice: 0.2160, decode.acc_seg: 98.6078, loss: 0.3063
2025-11-17 22:56:16,662 - mmseg - INFO - Iter [4750/10000]	lr: 5.644e-04, eta: 0:07:50, time: 0.083, data_time: 0.007, memory: 2703, decode.loss_ce: 0.0686, decode.loss_dice: 0.2233, decode.acc_seg: 98.9711, loss: 0.2919
2025-11-17 22:56:20,562 - mmseg - INFO - Iter [4800/10000]	lr: 5.597e-04, eta: 0:07:45, time: 0.078, data_time: 0.005, memory: 2703, decode.loss_ce: 0.0894, decode.loss_dice: 0.2265, decode.acc_seg: 98.6053, loss: 0.3159
2025-11-17 22:56:24,446 - mmseg - INFO - Iter [4850/10000]	lr: 5.549e-04, eta: 0:07:40, time: 0.078, data_time: 0.005, memory: 2703, decode.loss_ce: 0.0702, decode.loss_dice: 0.2136, decode.acc_seg: 98.9058, loss: 0.2839
2025-11-17 22:56:28,486 - mmseg - INFO - Iter [4900/10000]	lr: 5.502e-04, eta: 0:07:35, time: 0.081, data_time: 0.005, memory: 2703, decode.loss_ce: 0.0817, decode.loss_dice: 0.2167, decode.acc_seg: 98.6117, loss: 0.2984
2025-11-17 22:56:32,710 - mmseg - INFO - Iter [4950/10000]	lr: 5.454e-04, eta: 0:07:30, time: 0.084, data_time: 0.007, memory: 2703, decode.loss_ce: 0.0561, decode.loss_dice: 0.2171, decode.acc_seg: 99.0231, loss: 0.2732
2025-11-17 22:56:36,906 - mmseg - INFO - Exp name: deeplabv3plus.py
2025-11-17 22:56:36,906 - mmseg - INFO - Iter [5000/10000]	lr: 5.406e-04, eta: 0:07:25, time: 0.084, data_time: 0.007, memory: 2703, decode.loss_ce: 0.0747, decode.loss_dice: 0.2096, decode.acc_seg: 98.8375, loss: 0.2843
2025-11-17 22:56:44,177 - mmseg - INFO - per class results:
2025-11-17 22:56:44,178 - mmseg - INFO - 
+------------+-------+-------+-------+--------+-----------+--------+-------+
|   Class    |  IoU  |  HD95 |  Acc  | Fscore | Precision | Recall |  Dice |
+------------+-------+-------+-------+--------+-----------+--------+-------+
| background | 98.43 | 11.08 | 99.73 | 99.21  |   98.69   | 99.73  | 99.21 |
|   Lesion   | 55.83 | 17.48 |  60.3 | 71.65  |   88.28   |  60.3  | 71.65 |
+------------+-------+-------+-------+--------+-----------+--------+-------+
2025-11-17 22:56:44,179 - mmseg - INFO - Summary:
2025-11-17 22:56:44,179 - mmseg - INFO - 
+-------+-------+-------+-------+---------+------------+---------+-------+
|  aAcc |  mIoU | mHD95 |  mAcc | mFscore | mPrecision | mRecall | mDice |
+-------+-------+-------+-------+---------+------------+---------+-------+
| 98.46 | 77.13 | 14.28 | 80.01 |  85.43  |   93.48    |  80.01  | 85.43 |
+-------+-------+-------+-------+---------+------------+---------+-------+
2025-11-17 22:56:44,182 - mmseg - INFO - Exp name: deeplabv3plus.py
2025-11-17 22:56:44,183 - mmseg - INFO - Iter(val) [64]	aAcc: 0.9846, mIoU: 0.7713, mHD95: 0.1428, mAcc: 0.8001, mFscore: 0.8543, mPrecision: 0.9348, mRecall: 0.8001, mDice: 0.8543, IoU.background: 0.9843, IoU.Lesion: 0.5583, HD95.background: 0.1108, HD95.Lesion: 0.1748, Acc.background: 0.9973, Acc.Lesion: 0.6030, Fscore.background: 0.9921, Fscore.Lesion: 0.7165, Precision.background: 0.9869, Precision.Lesion: 0.8828, Recall.background: 0.9973, Recall.Lesion: 0.6030, Dice.background: 0.9921, Dice.Lesion: 0.7165
2025-11-17 22:56:48,080 - mmseg - INFO - Iter [5050/10000]	lr: 5.358e-04, eta: 0:07:27, time: 0.223, data_time: 0.150, memory: 2703, decode.loss_ce: 0.0595, decode.loss_dice: 0.2093, decode.acc_seg: 98.9915, loss: 0.2688
2025-11-17 22:56:52,094 - mmseg - INFO - Iter [5100/10000]	lr: 5.311e-04, eta: 0:07:22, time: 0.080, data_time: 0.006, memory: 2703, decode.loss_ce: 0.0751, decode.loss_dice: 0.2055, decode.acc_seg: 98.7675, loss: 0.2805
2025-11-17 22:56:56,052 - mmseg - INFO - Iter [5150/10000]	lr: 5.263e-04, eta: 0:07:17, time: 0.079, data_time: 0.005, memory: 2703, decode.loss_ce: 0.0914, decode.loss_dice: 0.2222, decode.acc_seg: 98.5205, loss: 0.3137
2025-11-17 22:57:00,083 - mmseg - INFO - Iter [5200/10000]	lr: 5.215e-04, eta: 0:07:12, time: 0.081, data_time: 0.005, memory: 2703, decode.loss_ce: 0.0564, decode.loss_dice: 0.2212, decode.acc_seg: 99.1056, loss: 0.2776
2025-11-17 22:57:04,331 - mmseg - INFO - Iter [5250/10000]	lr: 5.167e-04, eta: 0:07:08, time: 0.085, data_time: 0.007, memory: 2703, decode.loss_ce: 0.0663, decode.loss_dice: 0.2328, decode.acc_seg: 98.9976, loss: 0.2990
2025-11-17 22:57:08,345 - mmseg - INFO - Iter [5300/10000]	lr: 5.119e-04, eta: 0:07:03, time: 0.080, data_time: 0.006, memory: 2703, decode.loss_ce: 0.0720, decode.loss_dice: 0.2191, decode.acc_seg: 98.8252, loss: 0.2910
2025-11-17 22:57:12,398 - mmseg - INFO - Iter [5350/10000]	lr: 5.071e-04, eta: 0:06:58, time: 0.081, data_time: 0.006, memory: 2703, decode.loss_ce: 0.0697, decode.loss_dice: 0.2094, decode.acc_seg: 98.8811, loss: 0.2791
2025-11-17 22:57:16,365 - mmseg - INFO - Iter [5400/10000]	lr: 5.023e-04, eta: 0:06:53, time: 0.079, data_time: 0.006, memory: 2703, decode.loss_ce: 0.0676, decode.loss_dice: 0.2321, decode.acc_seg: 98.8962, loss: 0.2997
2025-11-17 22:57:20,220 - mmseg - INFO - Iter [5450/10000]	lr: 4.975e-04, eta: 0:06:48, time: 0.077, data_time: 0.005, memory: 2703, decode.loss_ce: 0.0984, decode.loss_dice: 0.2305, decode.acc_seg: 98.5073, loss: 0.3289
2025-11-17 22:57:24,109 - mmseg - INFO - Iter [5500/10000]	lr: 4.926e-04, eta: 0:06:43, time: 0.078, data_time: 0.004, memory: 2703, decode.loss_ce: 0.0816, decode.loss_dice: 0.2159, decode.acc_seg: 98.7117, loss: 0.2974
2025-11-17 22:57:27,948 - mmseg - INFO - Iter [5550/10000]	lr: 4.878e-04, eta: 0:06:38, time: 0.077, data_time: 0.005, memory: 2703, decode.loss_ce: 0.0742, decode.loss_dice: 0.2141, decode.acc_seg: 98.7482, loss: 0.2883
2025-11-17 22:57:31,907 - mmseg - INFO - Iter [5600/10000]	lr: 4.830e-04, eta: 0:06:33, time: 0.079, data_time: 0.005, memory: 2703, decode.loss_ce: 0.0849, decode.loss_dice: 0.2311, decode.acc_seg: 98.6469, loss: 0.3160
2025-11-17 22:57:35,859 - mmseg - INFO - Iter [5650/10000]	lr: 4.781e-04, eta: 0:06:28, time: 0.079, data_time: 0.006, memory: 2703, decode.loss_ce: 0.0646, decode.loss_dice: 0.1985, decode.acc_seg: 98.8698, loss: 0.2631
2025-11-17 22:57:42,103 - mmseg - INFO - Iter [5700/10000]	lr: 4.733e-04, eta: 0:06:25, time: 0.125, data_time: 0.052, memory: 2703, decode.loss_ce: 0.0483, decode.loss_dice: 0.1978, decode.acc_seg: 99.1876, loss: 0.2462
2025-11-17 22:57:46,179 - mmseg - INFO - Iter [5750/10000]	lr: 4.684e-04, eta: 0:06:20, time: 0.082, data_time: 0.008, memory: 2703, decode.loss_ce: 0.0838, decode.loss_dice: 0.2169, decode.acc_seg: 98.7581, loss: 0.3007
2025-11-17 22:57:50,164 - mmseg - INFO - Iter [5800/10000]	lr: 4.636e-04, eta: 0:06:15, time: 0.080, data_time: 0.005, memory: 2703, decode.loss_ce: 0.0974, decode.loss_dice: 0.2162, decode.acc_seg: 98.5738, loss: 0.3136
2025-11-17 22:57:54,090 - mmseg - INFO - Iter [5850/10000]	lr: 4.587e-04, eta: 0:06:10, time: 0.078, data_time: 0.005, memory: 2703, decode.loss_ce: 0.0608, decode.loss_dice: 0.2112, decode.acc_seg: 98.9950, loss: 0.2721
2025-11-17 22:57:57,981 - mmseg - INFO - Iter [5900/10000]	lr: 4.538e-04, eta: 0:06:06, time: 0.078, data_time: 0.005, memory: 2703, decode.loss_ce: 0.0681, decode.loss_dice: 0.2366, decode.acc_seg: 98.9684, loss: 0.3046
2025-11-17 22:58:01,825 - mmseg - INFO - Iter [5950/10000]	lr: 4.490e-04, eta: 0:06:01, time: 0.077, data_time: 0.005, memory: 2703, decode.loss_ce: 0.0683, decode.loss_dice: 0.1985, decode.acc_seg: 98.9339, loss: 0.2668
2025-11-17 22:58:05,667 - mmseg - INFO - Exp name: deeplabv3plus.py
2025-11-17 22:58:05,667 - mmseg - INFO - Iter [6000/10000]	lr: 4.441e-04, eta: 0:05:56, time: 0.077, data_time: 0.005, memory: 2703, decode.loss_ce: 0.0619, decode.loss_dice: 0.2090, decode.acc_seg: 99.0656, loss: 0.2709
2025-11-17 22:58:12,859 - mmseg - INFO - per class results:
2025-11-17 22:58:12,860 - mmseg - INFO - 
+------------+-------+-------+-------+--------+-----------+--------+-------+
|   Class    |  IoU  |  HD95 |  Acc  | Fscore | Precision | Recall |  Dice |
+------------+-------+-------+-------+--------+-----------+--------+-------+
| background | 98.56 | 11.01 | 99.42 | 99.28  |   99.13   | 99.42  | 99.28 |
|   Lesion   | 63.02 |  15.2 | 73.98 | 77.32  |   80.97   | 73.98  | 77.32 |
+------------+-------+-------+-------+--------+-----------+--------+-------+
2025-11-17 22:58:12,860 - mmseg - INFO - Summary:
2025-11-17 22:58:12,861 - mmseg - INFO - 
+------+-------+-------+------+---------+------------+---------+-------+
| aAcc |  mIoU | mHD95 | mAcc | mFscore | mPrecision | mRecall | mDice |
+------+-------+-------+------+---------+------------+---------+-------+
| 98.6 | 80.79 |  13.1 | 86.7 |   88.3  |   90.05    |   86.7  |  88.3 |
+------+-------+-------+------+---------+------------+---------+-------+
2025-11-17 22:58:12,863 - mmseg - INFO - Exp name: deeplabv3plus.py
2025-11-17 22:58:12,863 - mmseg - INFO - Iter(val) [64]	aAcc: 0.9860, mIoU: 0.8079, mHD95: 0.1310, mAcc: 0.8670, mFscore: 0.8830, mPrecision: 0.9005, mRecall: 0.8670, mDice: 0.8830, IoU.background: 0.9856, IoU.Lesion: 0.6302, HD95.background: 0.1101, HD95.Lesion: 0.1520, Acc.background: 0.9942, Acc.Lesion: 0.7398, Fscore.background: 0.9928, Fscore.Lesion: 0.7732, Precision.background: 0.9913, Precision.Lesion: 0.8097, Recall.background: 0.9942, Recall.Lesion: 0.7398, Dice.background: 0.9928, Dice.Lesion: 0.7732
2025-11-17 22:58:16,822 - mmseg - INFO - Iter [6050/10000]	lr: 4.392e-04, eta: 0:05:56, time: 0.223, data_time: 0.150, memory: 2703, decode.loss_ce: 0.0880, decode.loss_dice: 0.2225, decode.acc_seg: 98.5719, loss: 0.3105
2025-11-17 22:58:20,679 - mmseg - INFO - Iter [6100/10000]	lr: 4.343e-04, eta: 0:05:51, time: 0.077, data_time: 0.005, memory: 2703, decode.loss_ce: 0.0722, decode.loss_dice: 0.2271, decode.acc_seg: 98.7942, loss: 0.2993
2025-11-17 22:58:24,529 - mmseg - INFO - Iter [6150/10000]	lr: 4.294e-04, eta: 0:05:46, time: 0.077, data_time: 0.005, memory: 2703, decode.loss_ce: 0.0699, decode.loss_dice: 0.2096, decode.acc_seg: 98.9360, loss: 0.2795
2025-11-17 22:58:28,422 - mmseg - INFO - Iter [6200/10000]	lr: 4.245e-04, eta: 0:05:41, time: 0.078, data_time: 0.005, memory: 2703, decode.loss_ce: 0.0578, decode.loss_dice: 0.1868, decode.acc_seg: 99.0762, loss: 0.2446
2025-11-17 22:58:32,490 - mmseg - INFO - Iter [6250/10000]	lr: 4.196e-04, eta: 0:05:36, time: 0.081, data_time: 0.006, memory: 2703, decode.loss_ce: 0.0757, decode.loss_dice: 0.2197, decode.acc_seg: 98.8918, loss: 0.2954
2025-11-17 22:58:36,604 - mmseg - INFO - Iter [6300/10000]	lr: 4.147e-04, eta: 0:05:32, time: 0.082, data_time: 0.007, memory: 2703, decode.loss_ce: 0.0798, decode.loss_dice: 0.2162, decode.acc_seg: 98.7521, loss: 0.2961
2025-11-17 22:58:40,846 - mmseg - INFO - Iter [6350/10000]	lr: 4.098e-04, eta: 0:05:27, time: 0.085, data_time: 0.007, memory: 2703, decode.loss_ce: 0.0683, decode.loss_dice: 0.1973, decode.acc_seg: 99.0162, loss: 0.2656
2025-11-17 22:58:44,921 - mmseg - INFO - Iter [6400/10000]	lr: 4.048e-04, eta: 0:05:22, time: 0.081, data_time: 0.006, memory: 2703, decode.loss_ce: 0.0824, decode.loss_dice: 0.2118, decode.acc_seg: 98.7767, loss: 0.2943
2025-11-17 22:58:48,824 - mmseg - INFO - Iter [6450/10000]	lr: 3.999e-04, eta: 0:05:17, time: 0.078, data_time: 0.004, memory: 2703, decode.loss_ce: 0.0676, decode.loss_dice: 0.2192, decode.acc_seg: 98.8356, loss: 0.2868
2025-11-17 22:58:52,747 - mmseg - INFO - Iter [6500/10000]	lr: 3.950e-04, eta: 0:05:13, time: 0.078, data_time: 0.005, memory: 2703, decode.loss_ce: 0.0556, decode.loss_dice: 0.1775, decode.acc_seg: 99.1190, loss: 0.2332
2025-11-17 22:58:56,893 - mmseg - INFO - Iter [6550/10000]	lr: 3.900e-04, eta: 0:05:08, time: 0.083, data_time: 0.007, memory: 2703, decode.loss_ce: 0.0618, decode.loss_dice: 0.2265, decode.acc_seg: 98.9942, loss: 0.2883
2025-11-17 22:59:00,729 - mmseg - INFO - Iter [6600/10000]	lr: 3.850e-04, eta: 0:05:03, time: 0.077, data_time: 0.004, memory: 2703, decode.loss_ce: 0.0581, decode.loss_dice: 0.1935, decode.acc_seg: 99.0438, loss: 0.2516
2025-11-17 22:59:04,631 - mmseg - INFO - Iter [6650/10000]	lr: 3.801e-04, eta: 0:04:58, time: 0.078, data_time: 0.006, memory: 2703, decode.loss_ce: 0.0742, decode.loss_dice: 0.2076, decode.acc_seg: 98.7774, loss: 0.2818
2025-11-17 22:59:08,438 - mmseg - INFO - Iter [6700/10000]	lr: 3.751e-04, eta: 0:04:54, time: 0.076, data_time: 0.004, memory: 2703, decode.loss_ce: 0.0469, decode.loss_dice: 0.1973, decode.acc_seg: 99.2032, loss: 0.2443
2025-11-17 22:59:12,228 - mmseg - INFO - Iter [6750/10000]	lr: 3.701e-04, eta: 0:04:49, time: 0.076, data_time: 0.005, memory: 2703, decode.loss_ce: 0.0567, decode.loss_dice: 0.1870, decode.acc_seg: 99.1327, loss: 0.2437
2025-11-17 22:59:16,256 - mmseg - INFO - Iter [6800/10000]	lr: 3.651e-04, eta: 0:04:44, time: 0.081, data_time: 0.006, memory: 2703, decode.loss_ce: 0.0682, decode.loss_dice: 0.2036, decode.acc_seg: 98.9800, loss: 0.2718
2025-11-17 22:59:20,254 - mmseg - INFO - Iter [6850/10000]	lr: 3.601e-04, eta: 0:04:40, time: 0.080, data_time: 0.006, memory: 2703, decode.loss_ce: 0.0736, decode.loss_dice: 0.2137, decode.acc_seg: 98.8610, loss: 0.2874
2025-11-17 22:59:24,143 - mmseg - INFO - Iter [6900/10000]	lr: 3.551e-04, eta: 0:04:35, time: 0.078, data_time: 0.005, memory: 2703, decode.loss_ce: 0.0649, decode.loss_dice: 0.1744, decode.acc_seg: 98.9724, loss: 0.2392
2025-11-17 22:59:28,035 - mmseg - INFO - Iter [6950/10000]	lr: 3.501e-04, eta: 0:04:30, time: 0.078, data_time: 0.005, memory: 2703, decode.loss_ce: 0.0778, decode.loss_dice: 0.2235, decode.acc_seg: 98.6949, loss: 0.3013
2025-11-17 22:59:32,117 - mmseg - INFO - Exp name: deeplabv3plus.py
2025-11-17 22:59:32,117 - mmseg - INFO - Iter [7000/10000]	lr: 3.451e-04, eta: 0:04:26, time: 0.082, data_time: 0.006, memory: 2703, decode.loss_ce: 0.1017, decode.loss_dice: 0.2265, decode.acc_seg: 98.3854, loss: 0.3283
2025-11-17 22:59:39,345 - mmseg - INFO - per class results:
2025-11-17 22:59:39,346 - mmseg - INFO - 
+------------+-------+-------+-------+--------+-----------+--------+-------+
|   Class    |  IoU  |  HD95 |  Acc  | Fscore | Precision | Recall |  Dice |
+------------+-------+-------+-------+--------+-----------+--------+-------+
| background | 98.49 | 11.08 | 99.77 | 99.24  |   98.71   | 99.77  | 99.24 |
|   Lesion   | 57.06 | 17.35 | 61.05 | 72.66  |   89.73   | 61.05  | 72.66 |
+------------+-------+-------+-------+--------+-----------+--------+-------+
2025-11-17 22:59:39,346 - mmseg - INFO - Summary:
2025-11-17 22:59:39,347 - mmseg - INFO - 
+-------+-------+-------+-------+---------+------------+---------+-------+
|  aAcc |  mIoU | mHD95 |  mAcc | mFscore | mPrecision | mRecall | mDice |
+-------+-------+-------+-------+---------+------------+---------+-------+
| 98.52 | 77.77 | 14.21 | 80.41 |  85.95  |   94.22    |  80.41  | 85.95 |
+-------+-------+-------+-------+---------+------------+---------+-------+
2025-11-17 22:59:39,349 - mmseg - INFO - Exp name: deeplabv3plus.py
2025-11-17 22:59:39,349 - mmseg - INFO - Iter(val) [64]	aAcc: 0.9852, mIoU: 0.7777, mHD95: 0.1421, mAcc: 0.8041, mFscore: 0.8595, mPrecision: 0.9422, mRecall: 0.8041, mDice: 0.8595, IoU.background: 0.9849, IoU.Lesion: 0.5706, HD95.background: 0.1108, HD95.Lesion: 0.1735, Acc.background: 0.9977, Acc.Lesion: 0.6105, Fscore.background: 0.9924, Fscore.Lesion: 0.7266, Precision.background: 0.9871, Precision.Lesion: 0.8973, Recall.background: 0.9977, Recall.Lesion: 0.6105, Dice.background: 0.9924, Dice.Lesion: 0.7266
2025-11-17 22:59:43,443 - mmseg - INFO - Iter [7050/10000]	lr: 3.401e-04, eta: 0:04:24, time: 0.227, data_time: 0.151, memory: 2703, decode.loss_ce: 0.0595, decode.loss_dice: 0.1890, decode.acc_seg: 98.9837, loss: 0.2485
2025-11-17 22:59:47,513 - mmseg - INFO - Iter [7100/10000]	lr: 3.350e-04, eta: 0:04:19, time: 0.081, data_time: 0.007, memory: 2703, decode.loss_ce: 0.0732, decode.loss_dice: 0.2122, decode.acc_seg: 98.8190, loss: 0.2854
2025-11-17 22:59:53,603 - mmseg - INFO - Iter [7150/10000]	lr: 3.300e-04, eta: 0:04:16, time: 0.122, data_time: 0.049, memory: 2703, decode.loss_ce: 0.0650, decode.loss_dice: 0.1980, decode.acc_seg: 98.9733, loss: 0.2630
2025-11-17 22:59:57,621 - mmseg - INFO - Iter [7200/10000]	lr: 3.249e-04, eta: 0:04:11, time: 0.080, data_time: 0.006, memory: 2703, decode.loss_ce: 0.0786, decode.loss_dice: 0.2179, decode.acc_seg: 98.7601, loss: 0.2966
2025-11-17 23:00:01,600 - mmseg - INFO - Iter [7250/10000]	lr: 3.199e-04, eta: 0:04:06, time: 0.080, data_time: 0.005, memory: 2703, decode.loss_ce: 0.0956, decode.loss_dice: 0.2076, decode.acc_seg: 98.5089, loss: 0.3032
2025-11-17 23:00:05,766 - mmseg - INFO - Iter [7300/10000]	lr: 3.148e-04, eta: 0:04:02, time: 0.083, data_time: 0.007, memory: 2703, decode.loss_ce: 0.0685, decode.loss_dice: 0.2123, decode.acc_seg: 98.9321, loss: 0.2808
2025-11-17 23:00:09,960 - mmseg - INFO - Iter [7350/10000]	lr: 3.097e-04, eta: 0:03:57, time: 0.084, data_time: 0.008, memory: 2703, decode.loss_ce: 0.0511, decode.loss_dice: 0.1806, decode.acc_seg: 99.1961, loss: 0.2317
2025-11-17 23:00:13,843 - mmseg - INFO - Iter [7400/10000]	lr: 3.046e-04, eta: 0:03:52, time: 0.078, data_time: 0.004, memory: 2703, decode.loss_ce: 0.0649, decode.loss_dice: 0.2073, decode.acc_seg: 98.9908, loss: 0.2722
2025-11-17 23:00:17,741 - mmseg - INFO - Iter [7450/10000]	lr: 2.995e-04, eta: 0:03:48, time: 0.078, data_time: 0.005, memory: 2703, decode.loss_ce: 0.0582, decode.loss_dice: 0.1848, decode.acc_seg: 99.0839, loss: 0.2429
2025-11-17 23:00:21,691 - mmseg - INFO - Iter [7500/10000]	lr: 2.944e-04, eta: 0:03:43, time: 0.079, data_time: 0.007, memory: 2703, decode.loss_ce: 0.0494, decode.loss_dice: 0.1702, decode.acc_seg: 99.1883, loss: 0.2196
2025-11-17 23:00:25,625 - mmseg - INFO - Iter [7550/10000]	lr: 2.893e-04, eta: 0:03:38, time: 0.079, data_time: 0.005, memory: 2703, decode.loss_ce: 0.0676, decode.loss_dice: 0.2084, decode.acc_seg: 98.8904, loss: 0.2760
2025-11-17 23:00:29,588 - mmseg - INFO - Iter [7600/10000]	lr: 2.841e-04, eta: 0:03:34, time: 0.079, data_time: 0.005, memory: 2703, decode.loss_ce: 0.0864, decode.loss_dice: 0.1904, decode.acc_seg: 98.6723, loss: 0.2769
2025-11-17 23:00:33,399 - mmseg - INFO - Iter [7650/10000]	lr: 2.790e-04, eta: 0:03:29, time: 0.076, data_time: 0.005, memory: 2703, decode.loss_ce: 0.0656, decode.loss_dice: 0.1964, decode.acc_seg: 98.9530, loss: 0.2619
2025-11-17 23:00:37,322 - mmseg - INFO - Iter [7700/10000]	lr: 2.739e-04, eta: 0:03:24, time: 0.078, data_time: 0.004, memory: 2703, decode.loss_ce: 0.0696, decode.loss_dice: 0.1836, decode.acc_seg: 98.8585, loss: 0.2532
2025-11-17 23:00:41,326 - mmseg - INFO - Iter [7750/10000]	lr: 2.687e-04, eta: 0:03:20, time: 0.080, data_time: 0.006, memory: 2703, decode.loss_ce: 0.0681, decode.loss_dice: 0.1906, decode.acc_seg: 98.8231, loss: 0.2587
2025-11-17 23:00:45,429 - mmseg - INFO - Iter [7800/10000]	lr: 2.635e-04, eta: 0:03:15, time: 0.082, data_time: 0.007, memory: 2703, decode.loss_ce: 0.0521, decode.loss_dice: 0.1996, decode.acc_seg: 99.1664, loss: 0.2517
2025-11-17 23:00:49,557 - mmseg - INFO - Iter [7850/10000]	lr: 2.583e-04, eta: 0:03:11, time: 0.083, data_time: 0.007, memory: 2703, decode.loss_ce: 0.0434, decode.loss_dice: 0.1881, decode.acc_seg: 99.3296, loss: 0.2314
2025-11-17 23:00:53,552 - mmseg - INFO - Iter [7900/10000]	lr: 2.531e-04, eta: 0:03:06, time: 0.080, data_time: 0.006, memory: 2703, decode.loss_ce: 0.0832, decode.loss_dice: 0.2109, decode.acc_seg: 98.5832, loss: 0.2941
2025-11-17 23:00:57,523 - mmseg - INFO - Iter [7950/10000]	lr: 2.479e-04, eta: 0:03:02, time: 0.079, data_time: 0.006, memory: 2703, decode.loss_ce: 0.0536, decode.loss_dice: 0.1830, decode.acc_seg: 99.0697, loss: 0.2366
2025-11-17 23:01:01,543 - mmseg - INFO - Exp name: deeplabv3plus.py
2025-11-17 23:01:01,543 - mmseg - INFO - Iter [8000/10000]	lr: 2.427e-04, eta: 0:02:57, time: 0.080, data_time: 0.006, memory: 2703, decode.loss_ce: 0.0613, decode.loss_dice: 0.1986, decode.acc_seg: 98.9226, loss: 0.2598
2025-11-17 23:01:08,500 - mmseg - INFO - per class results:
2025-11-17 23:01:08,501 - mmseg - INFO - 
+------------+-------+-------+-------+--------+-----------+--------+-------+
|   Class    |  IoU  |  HD95 |  Acc  | Fscore | Precision | Recall |  Dice |
+------------+-------+-------+-------+--------+-----------+--------+-------+
| background | 98.55 | 11.05 | 99.65 | 99.27  |   98.89   | 99.65  | 99.27 |
|   Lesion   | 60.14 | 16.44 | 66.54 | 75.11  |   86.21   | 66.54  | 75.11 |
+------------+-------+-------+-------+--------+-----------+--------+-------+
2025-11-17 23:01:08,501 - mmseg - INFO - Summary:
2025-11-17 23:01:08,502 - mmseg - INFO - 
+-------+-------+-------+-------+---------+------------+---------+-------+
|  aAcc |  mIoU | mHD95 |  mAcc | mFscore | mPrecision | mRecall | mDice |
+-------+-------+-------+-------+---------+------------+---------+-------+
| 98.58 | 79.34 | 13.74 | 83.09 |  87.19  |   92.55    |  83.09  | 87.19 |
+-------+-------+-------+-------+---------+------------+---------+-------+
2025-11-17 23:01:08,504 - mmseg - INFO - Exp name: deeplabv3plus.py
2025-11-17 23:01:08,505 - mmseg - INFO - Iter(val) [64]	aAcc: 0.9858, mIoU: 0.7934, mHD95: 0.1374, mAcc: 0.8309, mFscore: 0.8719, mPrecision: 0.9255, mRecall: 0.8309, mDice: 0.8719, IoU.background: 0.9855, IoU.Lesion: 0.6014, HD95.background: 0.1105, HD95.Lesion: 0.1644, Acc.background: 0.9965, Acc.Lesion: 0.6654, Fscore.background: 0.9927, Fscore.Lesion: 0.7511, Precision.background: 0.9889, Precision.Lesion: 0.8621, Recall.background: 0.9965, Recall.Lesion: 0.6654, Dice.background: 0.9927, Dice.Lesion: 0.7511
2025-11-17 23:01:12,340 - mmseg - INFO - Iter [8050/10000]	lr: 2.374e-04, eta: 0:02:54, time: 0.216, data_time: 0.144, memory: 2703, decode.loss_ce: 0.0799, decode.loss_dice: 0.2083, decode.acc_seg: 98.8135, loss: 0.2882
2025-11-17 23:01:16,286 - mmseg - INFO - Iter [8100/10000]	lr: 2.322e-04, eta: 0:02:50, time: 0.079, data_time: 0.005, memory: 2703, decode.loss_ce: 0.0588, decode.loss_dice: 0.2027, decode.acc_seg: 98.9972, loss: 0.2614
2025-11-17 23:01:20,254 - mmseg - INFO - Iter [8150/10000]	lr: 2.269e-04, eta: 0:02:45, time: 0.079, data_time: 0.005, memory: 2703, decode.loss_ce: 0.0669, decode.loss_dice: 0.2070, decode.acc_seg: 98.8182, loss: 0.2739
2025-11-17 23:01:24,098 - mmseg - INFO - Iter [8200/10000]	lr: 2.216e-04, eta: 0:02:40, time: 0.077, data_time: 0.005, memory: 2703, decode.loss_ce: 0.0501, decode.loss_dice: 0.1776, decode.acc_seg: 99.1221, loss: 0.2277
2025-11-17 23:01:28,053 - mmseg - INFO - Iter [8250/10000]	lr: 2.163e-04, eta: 0:02:36, time: 0.079, data_time: 0.005, memory: 2703, decode.loss_ce: 0.0823, decode.loss_dice: 0.2043, decode.acc_seg: 98.6793, loss: 0.2865
2025-11-17 23:01:31,977 - mmseg - INFO - Iter [8300/10000]	lr: 2.110e-04, eta: 0:02:31, time: 0.078, data_time: 0.005, memory: 2703, decode.loss_ce: 0.0545, decode.loss_dice: 0.2004, decode.acc_seg: 99.0967, loss: 0.2549
2025-11-17 23:01:35,929 - mmseg - INFO - Iter [8350/10000]	lr: 2.057e-04, eta: 0:02:27, time: 0.079, data_time: 0.006, memory: 2703, decode.loss_ce: 0.0673, decode.loss_dice: 0.1886, decode.acc_seg: 98.8100, loss: 0.2559
2025-11-17 23:01:39,812 - mmseg - INFO - Iter [8400/10000]	lr: 2.004e-04, eta: 0:02:22, time: 0.078, data_time: 0.004, memory: 2703, decode.loss_ce: 0.0715, decode.loss_dice: 0.1989, decode.acc_seg: 98.7616, loss: 0.2704
2025-11-17 23:01:43,652 - mmseg - INFO - Iter [8450/10000]	lr: 1.950e-04, eta: 0:02:18, time: 0.077, data_time: 0.005, memory: 2703, decode.loss_ce: 0.0584, decode.loss_dice: 0.2011, decode.acc_seg: 99.0789, loss: 0.2594
2025-11-17 23:01:47,528 - mmseg - INFO - Iter [8500/10000]	lr: 1.896e-04, eta: 0:02:13, time: 0.078, data_time: 0.004, memory: 2703, decode.loss_ce: 0.0671, decode.loss_dice: 0.2043, decode.acc_seg: 98.9430, loss: 0.2714
2025-11-17 23:01:53,792 - mmseg - INFO - Iter [8550/10000]	lr: 1.842e-04, eta: 0:02:09, time: 0.125, data_time: 0.052, memory: 2703, decode.loss_ce: 0.0578, decode.loss_dice: 0.1844, decode.acc_seg: 99.0883, loss: 0.2422
2025-11-17 23:01:57,724 - mmseg - INFO - Iter [8600/10000]	lr: 1.788e-04, eta: 0:02:04, time: 0.079, data_time: 0.005, memory: 2703, decode.loss_ce: 0.0940, decode.loss_dice: 0.2043, decode.acc_seg: 98.5523, loss: 0.2983
2025-11-17 23:02:01,694 - mmseg - INFO - Iter [8650/10000]	lr: 1.734e-04, eta: 0:02:00, time: 0.079, data_time: 0.006, memory: 2703, decode.loss_ce: 0.0720, decode.loss_dice: 0.1790, decode.acc_seg: 98.9621, loss: 0.2511
2025-11-17 23:02:05,563 - mmseg - INFO - Iter [8700/10000]	lr: 1.679e-04, eta: 0:01:55, time: 0.077, data_time: 0.004, memory: 2703, decode.loss_ce: 0.0647, decode.loss_dice: 0.2018, decode.acc_seg: 98.8622, loss: 0.2666
2025-11-17 23:02:09,647 - mmseg - INFO - Iter [8750/10000]	lr: 1.625e-04, eta: 0:01:51, time: 0.082, data_time: 0.006, memory: 2703, decode.loss_ce: 0.0719, decode.loss_dice: 0.1978, decode.acc_seg: 98.8351, loss: 0.2697
2025-11-17 23:02:13,619 - mmseg - INFO - Iter [8800/10000]	lr: 1.570e-04, eta: 0:01:46, time: 0.079, data_time: 0.006, memory: 2703, decode.loss_ce: 0.0641, decode.loss_dice: 0.1955, decode.acc_seg: 98.9564, loss: 0.2596
2025-11-17 23:02:17,725 - mmseg - INFO - Iter [8850/10000]	lr: 1.515e-04, eta: 0:01:42, time: 0.082, data_time: 0.007, memory: 2703, decode.loss_ce: 0.0580, decode.loss_dice: 0.1909, decode.acc_seg: 99.0394, loss: 0.2489
2025-11-17 23:02:21,908 - mmseg - INFO - Iter [8900/10000]	lr: 1.459e-04, eta: 0:01:37, time: 0.084, data_time: 0.007, memory: 2703, decode.loss_ce: 0.0715, decode.loss_dice: 0.1877, decode.acc_seg: 98.8833, loss: 0.2592
2025-11-17 23:02:26,018 - mmseg - INFO - Iter [8950/10000]	lr: 1.403e-04, eta: 0:01:33, time: 0.082, data_time: 0.008, memory: 2703, decode.loss_ce: 0.0489, decode.loss_dice: 0.1803, decode.acc_seg: 99.1866, loss: 0.2292
2025-11-17 23:02:30,056 - mmseg - INFO - Exp name: deeplabv3plus.py
2025-11-17 23:02:30,056 - mmseg - INFO - Iter [9000/10000]	lr: 1.347e-04, eta: 0:01:28, time: 0.081, data_time: 0.006, memory: 2703, decode.loss_ce: 0.0450, decode.loss_dice: 0.1698, decode.acc_seg: 99.2423, loss: 0.2148
2025-11-17 23:02:37,170 - mmseg - INFO - per class results:
2025-11-17 23:02:37,171 - mmseg - INFO - 
+------------+-------+-------+-------+--------+-----------+--------+-------+
|   Class    |  IoU  |  HD95 |  Acc  | Fscore | Precision | Recall |  Dice |
+------------+-------+-------+-------+--------+-----------+--------+-------+
| background | 98.55 | 11.05 | 99.67 | 99.27  |   98.87   | 99.67  | 99.27 |
|   Lesion   |  59.9 | 16.54 | 65.91 | 74.92  |   86.79   | 65.91  | 74.92 |
+------------+-------+-------+-------+--------+-----------+--------+-------+
2025-11-17 23:02:37,171 - mmseg - INFO - Summary:
2025-11-17 23:02:37,171 - mmseg - INFO - 
+-------+-------+-------+-------+---------+------------+---------+-------+
|  aAcc |  mIoU | mHD95 |  mAcc | mFscore | mPrecision | mRecall | mDice |
+-------+-------+-------+-------+---------+------------+---------+-------+
| 98.58 | 79.22 |  13.8 | 82.79 |  87.09  |   92.83    |  82.79  | 87.09 |
+-------+-------+-------+-------+---------+------------+---------+-------+
2025-11-17 23:02:37,173 - mmseg - INFO - Exp name: deeplabv3plus.py
2025-11-17 23:02:37,174 - mmseg - INFO - Iter(val) [64]	aAcc: 0.9858, mIoU: 0.7922, mHD95: 0.1380, mAcc: 0.8279, mFscore: 0.8709, mPrecision: 0.9283, mRecall: 0.8279, mDice: 0.8709, IoU.background: 0.9855, IoU.Lesion: 0.5990, HD95.background: 0.1105, HD95.Lesion: 0.1654, Acc.background: 0.9967, Acc.Lesion: 0.6591, Fscore.background: 0.9927, Fscore.Lesion: 0.7492, Precision.background: 0.9887, Precision.Lesion: 0.8679, Recall.background: 0.9967, Recall.Lesion: 0.6591, Dice.background: 0.9927, Dice.Lesion: 0.7492
2025-11-17 23:02:41,169 - mmseg - INFO - Iter [9050/10000]	lr: 1.291e-04, eta: 0:01:25, time: 0.222, data_time: 0.148, memory: 2703, decode.loss_ce: 0.0914, decode.loss_dice: 0.2260, decode.acc_seg: 98.6969, loss: 0.3175
2025-11-17 23:02:45,313 - mmseg - INFO - Iter [9100/10000]	lr: 1.235e-04, eta: 0:01:20, time: 0.083, data_time: 0.007, memory: 2703, decode.loss_ce: 0.0601, decode.loss_dice: 0.1882, decode.acc_seg: 99.0491, loss: 0.2483
2025-11-17 23:02:49,150 - mmseg - INFO - Iter [9150/10000]	lr: 1.178e-04, eta: 0:01:15, time: 0.077, data_time: 0.005, memory: 2703, decode.loss_ce: 0.0687, decode.loss_dice: 0.2130, decode.acc_seg: 98.9089, loss: 0.2817
2025-11-17 23:02:53,036 - mmseg - INFO - Iter [9200/10000]	lr: 1.121e-04, eta: 0:01:11, time: 0.078, data_time: 0.005, memory: 2703, decode.loss_ce: 0.0533, decode.loss_dice: 0.1851, decode.acc_seg: 99.1635, loss: 0.2384
2025-11-17 23:02:56,864 - mmseg - INFO - Iter [9250/10000]	lr: 1.063e-04, eta: 0:01:06, time: 0.077, data_time: 0.005, memory: 2703, decode.loss_ce: 0.0650, decode.loss_dice: 0.1861, decode.acc_seg: 98.8985, loss: 0.2511
2025-11-17 23:03:00,710 - mmseg - INFO - Iter [9300/10000]	lr: 1.005e-04, eta: 0:01:02, time: 0.077, data_time: 0.005, memory: 2703, decode.loss_ce: 0.0466, decode.loss_dice: 0.1719, decode.acc_seg: 99.2176, loss: 0.2185
2025-11-17 23:03:04,525 - mmseg - INFO - Iter [9350/10000]	lr: 9.470e-05, eta: 0:00:57, time: 0.076, data_time: 0.005, memory: 2703, decode.loss_ce: 0.0578, decode.loss_dice: 0.1941, decode.acc_seg: 99.0652, loss: 0.2519
2025-11-17 23:03:08,378 - mmseg - INFO - Iter [9400/10000]	lr: 8.882e-05, eta: 0:00:53, time: 0.077, data_time: 0.005, memory: 2703, decode.loss_ce: 0.0508, decode.loss_dice: 0.1772, decode.acc_seg: 99.1120, loss: 0.2280
2025-11-17 23:03:12,362 - mmseg - INFO - Iter [9450/10000]	lr: 8.289e-05, eta: 0:00:48, time: 0.080, data_time: 0.006, memory: 2703, decode.loss_ce: 0.0687, decode.loss_dice: 0.2009, decode.acc_seg: 98.9243, loss: 0.2695
2025-11-17 23:03:16,238 - mmseg - INFO - Iter [9500/10000]	lr: 7.691e-05, eta: 0:00:44, time: 0.078, data_time: 0.005, memory: 2703, decode.loss_ce: 0.0643, decode.loss_dice: 0.1953, decode.acc_seg: 98.9652, loss: 0.2596
2025-11-17 23:03:20,164 - mmseg - INFO - Iter [9550/10000]	lr: 7.087e-05, eta: 0:00:40, time: 0.079, data_time: 0.006, memory: 2703, decode.loss_ce: 0.0669, decode.loss_dice: 0.1938, decode.acc_seg: 98.8678, loss: 0.2607
2025-11-17 23:03:24,129 - mmseg - INFO - Iter [9600/10000]	lr: 6.476e-05, eta: 0:00:35, time: 0.079, data_time: 0.006, memory: 2703, decode.loss_ce: 0.0630, decode.loss_dice: 0.1817, decode.acc_seg: 98.9575, loss: 0.2447
2025-11-17 23:03:28,141 - mmseg - INFO - Iter [9650/10000]	lr: 5.857e-05, eta: 0:00:31, time: 0.080, data_time: 0.006, memory: 2703, decode.loss_ce: 0.0605, decode.loss_dice: 0.1789, decode.acc_seg: 98.9980, loss: 0.2394
2025-11-17 23:03:32,306 - mmseg - INFO - Iter [9700/10000]	lr: 5.230e-05, eta: 0:00:26, time: 0.083, data_time: 0.007, memory: 2703, decode.loss_ce: 0.0577, decode.loss_dice: 0.1792, decode.acc_seg: 98.9789, loss: 0.2369
2025-11-17 23:03:36,282 - mmseg - INFO - Iter [9750/10000]	lr: 4.592e-05, eta: 0:00:22, time: 0.080, data_time: 0.005, memory: 2703, decode.loss_ce: 0.0530, decode.loss_dice: 0.1844, decode.acc_seg: 99.0742, loss: 0.2374
2025-11-17 23:03:40,136 - mmseg - INFO - Iter [9800/10000]	lr: 3.941e-05, eta: 0:00:17, time: 0.077, data_time: 0.005, memory: 2703, decode.loss_ce: 0.0568, decode.loss_dice: 0.1990, decode.acc_seg: 99.0786, loss: 0.2558
2025-11-17 23:03:44,025 - mmseg - INFO - Iter [9850/10000]	lr: 3.274e-05, eta: 0:00:13, time: 0.078, data_time: 0.005, memory: 2703, decode.loss_ce: 0.0704, decode.loss_dice: 0.1732, decode.acc_seg: 98.7698, loss: 0.2437
2025-11-17 23:03:47,969 - mmseg - INFO - Iter [9900/10000]	lr: 2.583e-05, eta: 0:00:08, time: 0.079, data_time: 0.005, memory: 2703, decode.loss_ce: 0.0720, decode.loss_dice: 0.2139, decode.acc_seg: 98.7996, loss: 0.2859
2025-11-17 23:03:54,043 - mmseg - INFO - Iter [9950/10000]	lr: 1.856e-05, eta: 0:00:04, time: 0.121, data_time: 0.049, memory: 2703, decode.loss_ce: 0.0595, decode.loss_dice: 0.1825, decode.acc_seg: 99.0695, loss: 0.2419
2025-11-17 23:03:58,019 - mmseg - INFO - Saving checkpoint at 10000 iterations
2025-11-17 23:03:58,367 - mmseg - INFO - Exp name: deeplabv3plus.py
2025-11-17 23:03:58,367 - mmseg - INFO - Iter [10000/10000]	lr: 1.025e-05, eta: 0:00:00, time: 0.087, data_time: 0.005, memory: 2703, decode.loss_ce: 0.0637, decode.loss_dice: 0.1761, decode.acc_seg: 98.9149, loss: 0.2398
2025-11-17 23:04:05,495 - mmseg - INFO - per class results:
2025-11-17 23:04:05,497 - mmseg - INFO - 
+------------+-------+-------+-------+--------+-----------+--------+-------+
|   Class    |  IoU  |  HD95 |  Acc  | Fscore | Precision | Recall |  Dice |
+------------+-------+-------+-------+--------+-----------+--------+-------+
| background | 98.45 | 11.08 | 99.73 | 99.22  |   98.71   | 99.73  | 99.22 |
|   Lesion   |  56.4 | 17.35 | 61.04 | 72.13  |   88.13   | 61.04  | 72.13 |
+------------+-------+-------+-------+--------+-----------+--------+-------+
2025-11-17 23:04:05,497 - mmseg - INFO - Summary:
2025-11-17 23:04:05,497 - mmseg - INFO - 
+-------+-------+-------+-------+---------+------------+---------+-------+
|  aAcc |  mIoU | mHD95 |  mAcc | mFscore | mPrecision | mRecall | mDice |
+-------+-------+-------+-------+---------+------------+---------+-------+
| 98.48 | 77.43 | 14.22 | 80.38 |  85.67  |   93.42    |  80.38  | 85.67 |
+-------+-------+-------+-------+---------+------------+---------+-------+
2025-11-17 23:04:05,499 - mmseg - INFO - Exp name: deeplabv3plus.py
2025-11-17 23:04:05,500 - mmseg - INFO - Iter(val) [64]	aAcc: 0.9848, mIoU: 0.7743, mHD95: 0.1422, mAcc: 0.8038, mFscore: 0.8567, mPrecision: 0.9342, mRecall: 0.8038, mDice: 0.8567, IoU.background: 0.9845, IoU.Lesion: 0.5640, HD95.background: 0.1108, HD95.Lesion: 0.1735, Acc.background: 0.9973, Acc.Lesion: 0.6104, Fscore.background: 0.9922, Fscore.Lesion: 0.7213, Precision.background: 0.9871, Precision.Lesion: 0.8813, Recall.background: 0.9973, Recall.Lesion: 0.6104, Dice.background: 0.9922, Dice.Lesion: 0.7213
